Component: ARM Compiler 5.06 update 5 (build 528) Tool: armlink [4d35e2]

==============================================================================

Section Cross References

    startup_stm32f10x_md.o(RESET) refers to startup_stm32f10x_md.o(STACK) for __initial_sp
    startup_stm32f10x_md.o(RESET) refers to startup_stm32f10x_md.o(.text) for Reset_Handler
    startup_stm32f10x_md.o(RESET) refers to stm32f10x_it.o(i.NMI_Handler) for NMI_Handler
    startup_stm32f10x_md.o(RESET) refers to stm32f10x_it.o(i.HardFault_Handler) for HardFault_Handler
    startup_stm32f10x_md.o(RESET) refers to stm32f10x_it.o(i.MemManage_Handler) for MemManage_Handler
    startup_stm32f10x_md.o(RESET) refers to stm32f10x_it.o(i.BusFault_Handler) for BusFault_Handler
    startup_stm32f10x_md.o(RESET) refers to stm32f10x_it.o(i.UsageFault_Handler) for UsageFault_Handler
    startup_stm32f10x_md.o(RESET) refers to stm32f10x_it.o(i.SVC_Handler) for SVC_Handler
    startup_stm32f10x_md.o(RESET) refers to stm32f10x_it.o(i.DebugMon_Handler) for DebugMon_Handler
    startup_stm32f10x_md.o(RESET) refers to stm32f10x_it.o(i.PendSV_Handler) for PendSV_Handler
    startup_stm32f10x_md.o(RESET) refers to stm32f10x_it.o(i.SysTick_Handler) for SysTick_Handler
    startup_stm32f10x_md.o(RESET) refers to main.o(i.TIM3_IRQHandler) for TIM3_IRQHandler
    startup_stm32f10x_md.o(RESET) refers to bsp_usart.o(i.USART1_IRQHandler) for USART1_IRQHandler
    startup_stm32f10x_md.o(RESET) refers to bsp_usart.o(i.USART2_IRQHandler) for USART2_IRQHandler
    startup_stm32f10x_md.o(RESET) refers to bsp_usart.o(i.USART3_IRQHandler) for USART3_IRQHandler
    startup_stm32f10x_md.o(.text) refers to system_stm32f10x.o(i.SystemInit) for SystemInit
    startup_stm32f10x_md.o(.text) refers to entry.o(.ARM.Collect$$$$00000000) for __main
    system_stm32f10x.o(i.SetSysClock) refers to system_stm32f10x.o(i.SetSysClockTo72) for SetSysClockTo72
    system_stm32f10x.o(i.SystemCoreClockUpdate) refers to system_stm32f10x.o(.data) for SystemCoreClock
    system_stm32f10x.o(i.SystemInit) refers to system_stm32f10x.o(i.SetSysClock) for SetSysClock
    stm32f10x_gpio.o(i.GPIO_AFIODeInit) refers to stm32f10x_rcc.o(i.RCC_APB2PeriphResetCmd) for RCC_APB2PeriphResetCmd
    stm32f10x_gpio.o(i.GPIO_DeInit) refers to stm32f10x_rcc.o(i.RCC_APB2PeriphResetCmd) for RCC_APB2PeriphResetCmd
    stm32f10x_rcc.o(i.RCC_GetClocksFreq) refers to stm32f10x_rcc.o(.data) for APBAHBPrescTable
    stm32f10x_rcc.o(i.RCC_WaitForHSEStartUp) refers to stm32f10x_rcc.o(i.RCC_GetFlagStatus) for RCC_GetFlagStatus
    stm32f10x_tim.o(i.TIM_DeInit) refers to stm32f10x_rcc.o(i.RCC_APB2PeriphResetCmd) for RCC_APB2PeriphResetCmd
    stm32f10x_tim.o(i.TIM_DeInit) refers to stm32f10x_rcc.o(i.RCC_APB1PeriphResetCmd) for RCC_APB1PeriphResetCmd
    stm32f10x_tim.o(i.TIM_ETRClockMode1Config) refers to stm32f10x_tim.o(i.TIM_ETRConfig) for TIM_ETRConfig
    stm32f10x_tim.o(i.TIM_ETRClockMode2Config) refers to stm32f10x_tim.o(i.TIM_ETRConfig) for TIM_ETRConfig
    stm32f10x_tim.o(i.TIM_ICInit) refers to stm32f10x_tim.o(i.TI1_Config) for TI1_Config
    stm32f10x_tim.o(i.TIM_ICInit) refers to stm32f10x_tim.o(i.TIM_SetIC1Prescaler) for TIM_SetIC1Prescaler
    stm32f10x_tim.o(i.TIM_ICInit) refers to stm32f10x_tim.o(i.TI2_Config) for TI2_Config
    stm32f10x_tim.o(i.TIM_ICInit) refers to stm32f10x_tim.o(i.TIM_SetIC2Prescaler) for TIM_SetIC2Prescaler
    stm32f10x_tim.o(i.TIM_ICInit) refers to stm32f10x_tim.o(i.TI3_Config) for TI3_Config
    stm32f10x_tim.o(i.TIM_ICInit) refers to stm32f10x_tim.o(i.TIM_SetIC3Prescaler) for TIM_SetIC3Prescaler
    stm32f10x_tim.o(i.TIM_ICInit) refers to stm32f10x_tim.o(i.TI4_Config) for TI4_Config
    stm32f10x_tim.o(i.TIM_ICInit) refers to stm32f10x_tim.o(i.TIM_SetIC4Prescaler) for TIM_SetIC4Prescaler
    stm32f10x_tim.o(i.TIM_ITRxExternalClockConfig) refers to stm32f10x_tim.o(i.TIM_SelectInputTrigger) for TIM_SelectInputTrigger
    stm32f10x_tim.o(i.TIM_PWMIConfig) refers to stm32f10x_tim.o(i.TI1_Config) for TI1_Config
    stm32f10x_tim.o(i.TIM_PWMIConfig) refers to stm32f10x_tim.o(i.TIM_SetIC1Prescaler) for TIM_SetIC1Prescaler
    stm32f10x_tim.o(i.TIM_PWMIConfig) refers to stm32f10x_tim.o(i.TI2_Config) for TI2_Config
    stm32f10x_tim.o(i.TIM_PWMIConfig) refers to stm32f10x_tim.o(i.TIM_SetIC2Prescaler) for TIM_SetIC2Prescaler
    stm32f10x_tim.o(i.TIM_TIxExternalClockConfig) refers to stm32f10x_tim.o(i.TI2_Config) for TI2_Config
    stm32f10x_tim.o(i.TIM_TIxExternalClockConfig) refers to stm32f10x_tim.o(i.TI1_Config) for TI1_Config
    stm32f10x_tim.o(i.TIM_TIxExternalClockConfig) refers to stm32f10x_tim.o(i.TIM_SelectInputTrigger) for TIM_SelectInputTrigger
    stm32f10x_usart.o(i.USART_DeInit) refers to stm32f10x_rcc.o(i.RCC_APB2PeriphResetCmd) for RCC_APB2PeriphResetCmd
    stm32f10x_usart.o(i.USART_DeInit) refers to stm32f10x_rcc.o(i.RCC_APB1PeriphResetCmd) for RCC_APB1PeriphResetCmd
[...]
    Removing stm32f10x_adc.o(i.ADC_ExternalTrigInjectedConvConfig), (16 bytes).
    Removing stm32f10x_adc.o(i.ADC_GetCalibrationStatus), (20 bytes).
    Removing stm32f10x_adc.o(i.ADC_GetConversionValue), (8 bytes).
    Removing stm32f10x_adc.o(i.ADC_GetDualModeConversionValue), (12 bytes).
    Removing stm32f10x_adc.o(i.ADC_GetFlagStatus), (18 bytes).
    Removing stm32f10x_adc.o(i.ADC_GetITStatus), (36 bytes).
    Removing stm32f10x_adc.o(i.ADC_GetInjectedConversionValue), (28 bytes).
    Removing stm32f10x_adc.o(i.ADC_GetResetCalibrationStatus), (20 bytes).
    Removing stm32f10x_adc.o(i.ADC_GetSoftwareStartConvStatus), (20 bytes).
    Removing stm32f10x_adc.o(i.ADC_GetSoftwareStartInjectedConvCmdStatus), (20 bytes).
    Removing stm32f10x_adc.o(i.ADC_ITConfig), (24 bytes).
    Removing stm32f10x_adc.o(i.ADC_Init), (80 bytes).
    Removing stm32f10x_adc.o(i.ADC_InjectedChannelConfig), (130 bytes).
    Removing stm32f10x_adc.o(i.ADC_InjectedDiscModeCmd), (22 bytes).
    Removing stm32f10x_adc.o(i.ADC_InjectedSequencerLengthConfig), (24 bytes).
    Removing stm32f10x_adc.o(i.ADC_RegularChannelConfig), (184 bytes).
    Removing stm32f10x_adc.o(i.ADC_ResetCalibration), (10 bytes).
    Removing stm32f10x_adc.o(i.ADC_SetInjectedOffset), (20 bytes).
    Removing stm32f10x_adc.o(i.ADC_SoftwareStartConvCmd), (22 bytes).
    Removing stm32f10x_adc.o(i.ADC_SoftwareStartInjectedConvCmd), (22 bytes).
    Removing stm32f10x_adc.o(i.ADC_StartCalibration), (10 bytes).
    Removing stm32f10x_adc.o(i.ADC_StructInit), (18 bytes).
    Removing stm32f10x_adc.o(i.ADC_TempSensorVrefintCmd), (36 bytes).
    Removing stm32f10x_bkp.o(i.BKP_ClearFlag), (20 bytes).
    Removing stm32f10x_bkp.o(i.BKP_ClearITPendingBit), (20 bytes).
    Removing stm32f10x_bkp.o(i.BKP_DeInit), (16 bytes).
    Removing stm32f10x_bkp.o(i.BKP_GetFlagStatus), (12 bytes).
    Removing stm32f10x_bkp.o(i.BKP_GetITStatus), (12 bytes).
    Removing stm32f10x_bkp.o(i.BKP_ITConfig), (12 bytes).
    Removing stm32f10x_bkp.o(i.BKP_RTCOutputConfig), (28 bytes).
    Removing stm32f10x_bkp.o(i.BKP_ReadBackupRegister), (28 bytes).
    Removing stm32f10x_bkp.o(i.BKP_SetRTCCalibrationValue), (28 bytes).
    Removing stm32f10x_bkp.o(i.BKP_TamperPinCmd), (12 bytes).
    Removing stm32f10x_bkp.o(i.BKP_TamperPinLevelConfig), (12 bytes).
    Removing stm32f10x_bkp.o(i.BKP_WriteBackupRegister), (28 bytes).
    Removing stm32f10x_pwr.o(i.PWR_BackupAccessCmd), (12 bytes).
    Removing stm32f10x_pwr.o(i.PWR_ClearFlag), (20 bytes).
    Removing stm32f10x_pwr.o(i.PWR_DeInit), (22 bytes).
    Removing stm32f10x_pwr.o(i.PWR_EnterSTANDBYMode), (52 bytes).
    Removing stm32f10x_pwr.o(i.PWR_EnterSTOPMode), (64 bytes).
    Removing stm32f10x_pwr.o(i.PWR_GetFlagStatus), (24 bytes).
    Removing stm32f10x_pwr.o(i.PWR_PVDCmd), (12 bytes).
    Removing stm32f10x_pwr.o(i.PWR_PVDLevelConfig), (24 bytes).
    Removing stm32f10x_pwr.o(i.PWR_WakeUpPinCmd), (12 bytes).
    Removing stm32f10x_iwdg.o(i.IWDG_Enable), (16 bytes).
    Removing stm32f10x_iwdg.o(i.IWDG_GetFlagStatus), (24 bytes).
    Removing stm32f10x_iwdg.o(i.IWDG_ReloadCounter), (16 bytes).
    Removing stm32f10x_iwdg.o(i.IWDG_SetPrescaler), (12 bytes).
    Removing stm32f10x_iwdg.o(i.IWDG_SetReload), (12 bytes).
    Removing stm32f10x_iwdg.o(i.IWDG_WriteAccessCmd), (12 bytes).
    Removing bsp_usart.o(i.Clear_Buffer_UART1), (32 bytes).
    Removing bsp_usart.o(i.Clear_Buffer_UART3), (32 bytes).
    Removing bsp_usart.o(i.USART1_Send), (26 bytes).
    Removing bsp_usart.o(i.USART1_SendStr), (40 bytes).
    Removing bsp_usart.o(i.USART1_Send_byte), (32 bytes).
    Removing bsp_usart.o(i.USART2_SendStr), (40 bytes).
    Removing bsp_usart.o(i.USART3_Send), (26 bytes).
    Removing bsp_usart.o(i.USART3_SendStr), (40 bytes).
    Removing bsp_usart.o(i.USART3_Send_byte), (32 bytes).
    Removing bsp_usart.o(i._sys_exit), (8 bytes).
    Removing bsp_usart.o(i.usart3_init), (192 bytes).
    Removing oled.o(i.OLED_Display_Off), (28 bytes).
    Removing oled.o(i.OLED_Display_On), (28 bytes).
    Removing oled.o(i.OLED_DrawBMP), (118 bytes).
    Removing oled.o(i.OLED_ShowNum), (132 bytes).
    Removing oled.o(i.oled_pow), (22 bytes).
    Removing bsp_generaltim.o(i.sg90), (192 bytes).
    Removing cs_lora.o(i.CSXT_Lora_Send_String), (12 bytes).
    Removing bsp_esp8266.o(i.ESP8266_BuildAP), (72 bytes).
    Removing bsp_esp8266.o(i.ESP8266_CIPAP), (64 bytes).
    Removing bsp_esp8266.o(i.ESP8266_CIPSTA), (64 bytes).
    Removing bsp_esp8266.o(i.ESP8266_CWLIF), (120 bytes).
    Removing bsp_esp8266.o(i.ESP8266_Enable_MultipleId), (64 bytes).
    Removing bsp_esp8266.o(i.ESP8266_ExitUnvarnishSend), (32 bytes).
    Removing bsp_esp8266.o(i.ESP8266_Get_IdLinkStatus), (232 bytes).
    Removing bsp_esp8266.o(i.ESP8266_Get_LinkStatus), (124 bytes).
    Removing bsp_esp8266.o(i.ESP8266_Inquire_ApIp), (108 bytes).
    Removing bsp_esp8266.o(i.ESP8266_Inquire_StaIp), (108 bytes).
    Removing bsp_esp8266.o(i.ESP8266_Link_Server), (192 bytes).
    Removing bsp_esp8266.o(i.ESP8266_ReceiveString), (80 bytes).
    Removing bsp_esp8266.o(i.ESP8266_SendString), (144 bytes).
    Removing bsp_esp8266.o(i.ESP8266_StartOrShutServer), (144 bytes).
    Removing bsp_esp8266.o(i.ESP8266_UnvarnishSend), (76 bytes).
    Removing bsp_esp8266.o(i.USART3_send_byte), (32 bytes).
    Removing bsp_esp8266.o(i.Usart3_SendArr), (26 bytes).
    Removing bsp_esp8266_test.o(i.ESP8266_ApTcpServer_ConfigTest), (528 bytes).
    Removing bsp_esp8266_test.o(i.ESP8266_CheckRecv_SendDataTest), (212 bytes).
    Removing bsp_esp8266_test.o(.bss), (100 bytes).
    Removing bsp_esp8266_test.o(.conststring), (109 bytes).
    Removing bsp_esp8266_test.o(.data), (14 bytes).

271 unused section(s) (total 12129 bytes) removed from the image.

==============================================================================

Image Symbol Table

    Local Symbols

    Symbol Name                              Value     Ov Type        Size  Object(Section)

    ../clib/microlib/ctype/ctype.c           0x00000000   Number         0  isspace_c.o ABSOLUTE
    ../clib/microlib/ctype/ctype.c           0x00000000   Number         0  iscntrl_o.o ABSOLUTE
    ../clib/microlib/ctype/ctype.c           0x00000000   Number         0  ctype_o.o ABSOLUTE
    ../clib/microlib/ctype/ctype.c           0x00000000   Number         0  isalnum_o.o ABSOLUTE
    ../clib/microlib/ctype/ctype.c           0x00000000   Number         0  isalpha_o.o ABSOLUTE
    ../clib/microlib/ctype/ctype.c           0x00000000   Number         0  isblank_o.o ABSOLUTE
    ../clib/microlib/ctype/ctype.c           0x00000000   Number         0  ctype_c.o ABSOLUTE
    ../clib/microlib/ctype/ctype.c           0x00000000   Number         0  isdigit_o.o ABSOLUTE
    ../clib/microlib/ctype/ctype.c           0x00000000   Number         0  isgraph_o.o ABSOLUTE
    ../clib/microlib/ctype/ctype.c           0x00000000   Number         0  islower_o.o ABSOLUTE
    ../clib/microlib/ctype/ctype.c           0x00000000   Number         0  isprint_o.o ABSOLUTE
    ../clib/microlib/ctype/ctype.c           0x00000000   Number         0  isxdigit_o.o ABSOLUTE
    ../clib/microlib/ctype/ctype.c           0x00000000   Number         0  isupper_o.o ABSOLUTE
    ../clib/microlib/ctype/ctype.c           0x00000000   Number         0  isspace_o.o ABSOLUTE
    ../clib/microlib/ctype/ctype.c           0x00000000   Number         0  ispunct_o.o ABSOLUTE
    ../clib/microlib/division.c              0x00000000   Number         0  uidiv.o ABSOLUTE
    ../clib/microlib/division.c              0x00000000   Number         0  uldiv.o ABSOLUTE
    ../clib/microlib/errno.c                 0x00000000   Number         0  errno.o ABSOLUTE
    ../clib/microlib/init/entry.s            0x00000000   Number         0  entry11a.o ABSOLUTE
    ../clib/microlib/init/entry.s            0x00000000   Number         0  entry.o ABSOLUTE
    ../clib/microlib/init/entry.s            0x00000000   Number         0  entry7b.o ABSOLUTE
    ../clib/microlib/init/entry.s            0x00000000   Number         0  entry5.o ABSOLUTE
    ../clib/microlib/init/entry.s            0x00000000   Number         0  entry11b.o ABSOLUTE
    ../clib/microlib/init/entry.s            0x00000000   Number         0  entry7a.o ABSOLUTE
    ../clib/microlib/init/entry.s            0x00000000   Number         0  entry2.o ABSOLUTE
    ../clib/microlib/init/entry.s            0x00000000   Number         0  entry8a.o ABSOLUTE
    ../clib/microlib/init/entry.s            0x00000000   Number         0  entry8b.o ABSOLUTE
    ../clib/microlib/init/entry.s            0x00000000   Number         0  entry9a.o ABSOLUTE
    ../clib/microlib/init/entry.s            0x00000000   Number         0  entry9b.o ABSOLUTE
    ../clib/microlib/init/entry.s            0x00000000   Number         0  entry10a.o ABSOLUTE
    ../clib/microlib/init/entry.s            0x00000000   Number         0  entry10b.o ABSOLUTE
    ../clib/microlib/longlong.c              0x00000000   Number         0  llsshr.o ABSOLUTE
    ../clib/microlib/longlong.c              0x00000000   Number         0  llushr.o ABSOLUTE
    ../clib/microlib/longlong.c              0x00000000   Number         0  llshl.o ABSOLUTE
    ../clib/microlib/printf/printf.c         0x00000000   Number         0  printfb.o ABSOLUTE
    ../clib/microlib/printf/printf.c         0x00000000   Number         0  printf1.o ABSOLUTE
    ../clib/microlib/printf/printf.c         0x00000000   Number         0  printfa.o ABSOLUTE
    ../clib/microlib/printf/printf.c         0x00000000   Number         0  printf8.o ABSOLUTE
    ../clib/microlib/printf/printf.c         0x00000000   Number         0  printf7.o ABSOLUTE
    ../clib/microlib/printf/printf.c         0x00000000   Number         0  printf2.o ABSOLUTE
    ../clib/microlib/printf/printf.c         0x00000000   Number         0  printf6.o ABSOLUTE
    ../clib/microlib/printf/printf.c         0x00000000   Number         0  printf5.o ABSOLUTE
    ../clib/microlib/printf/printf.c         0x00000000   Number         0  printf4.o ABSOLUTE
    ../clib/microlib/printf/printf.c         0x00000000   Number         0  printf3.o ABSOLUTE
    ../clib/microlib/printf/printf.c         0x00000000   Number         0  printf0.o ABSOLUTE
    ../clib/microlib/printf/stubs.s          0x00000000   Number         0  stubs.o ABSOLUTE
    ../clib/microlib/string/memset.c         0x00000000   Number         0  memseta.o ABSOLUTE
    ../clib/microlib/string/strchr.c         0x00000000   Number         0  strchr.o ABSOLUTE
    ../clib/microlib/string/strlen.c         0x00000000   Number         0  strlen.o ABSOLUTE
    ../clib/microlib/string/strncpy.c        0x00000000   Number         0  strncpy.o ABSOLUTE
    ../clib/microlib/string/strstr.c         0x00000000   Number         0  strstr.o ABSOLUTE
    ../clib/microlib/string/strtok.c         0x00000000   Number         0  strtok.o ABSOLUTE
    ../clib/microlib/string/strtok.c         0x00000000   Number         0  strtok_r.o ABSOLUTE
    ../clib/microlib/stubs.s                 0x00000000   Number         0  useno.o ABSOLUTE
    ../clib/microlib/stubs.s                 0x00000000   Number         0  iusefp.o ABSOLUTE
    ../clib/scanf.c                          0x00000000   Number         0  _strtoul.o ABSOLUTE
    ../clib/scanf.c                          0x00000000   Number         0  strtol.o ABSOLUTE
    ../clib/scanf.c                          0x00000000   Number         0  strtod.o ABSOLUTE
    ../clib/scanf.c                          0x00000000   Number         0  atoi.o ABSOLUTE
    ../clib/scanf.c                          0x00000000   Number         0  _chval.o ABSOLUTE
    ../clib/scanf.c                          0x00000000   Number         0  _sgetc.o ABSOLUTE
    ../clib/scanf.c                          0x00000000   Number         0  scanf_fp.o ABSOLUTE
    ../fplib/microlib/d2f.c                  0x00000000   Number         0  d2f.o ABSOLUTE
    ../fplib/microlib/f2d.c                  0x00000000   Number         0  f2d.o ABSOLUTE
    ../fplib/microlib/fpadd.c                0x00000000   Number         0  fadd.o ABSOLUTE
    ../fplib/microlib/fpadd.c                0x00000000   Number         0  dadd.o ABSOLUTE
    ../fplib/microlib/fpdiv.c                0x00000000   Number         0  ddiv.o ABSOLUTE
    ../fplib/microlib/fpdiv.c                0x00000000   Number         0  fdiv.o ABSOLUTE
    ../fplib/microlib/fpepilogue.c           0x00000000   Number         0  depilogue.o ABSOLUTE
    ../fplib/microlib/fpepilogue.c           0x00000000   Number         0  fepilogue.o ABSOLUTE
    ../fplib/microlib/fpfix.c                0x00000000   Number         0  dfixul.o ABSOLUTE
    ../fplib/microlib/fpflt.c                0x00000000   Number         0  fflti.o ABSOLUTE
    ../fplib/microlib/fpflt.c                0x00000000   Number         0  dfltul.o ABSOLUTE
    ../fplib/microlib/fpmul.c                0x00000000   Number         0  dmul.o ABSOLUTE
    ../fplib/microlib/fpmul.c                0x00000000   Number         0  fmul.o ABSOLUTE
    ../mathlib/atof.c                        0x00000000   Number         0  atof.o ABSOLUTE
    ..\APP\Weather.c                         0x00000000   Number         0  weather.o ABSOLUTE
    ..\HARDWARE\CS_Lora\CS_Lora.c            0x00000000   Number         0  cs_lora.o ABSOLUTE
    ..\HARDWARE\ESP8266\bsp_esp8266.c        0x00000000   Number         0  bsp_esp8266.o ABSOLUTE
    ..\HARDWARE\ESP8266\bsp_esp8266_test.c   0x00000000   Number         0  bsp_esp8266_test.o ABSOLUTE
    ..\HARDWARE\GeneralTim\bsp_GeneralTim.c  0x00000000   Number         0  bsp_generaltim.o ABSOLUTE
    ..\HARDWARE\IO\bsp_io.c                  0x00000000   Number         0  bsp_io.o ABSOLUTE
    ..\HARDWARE\OLED\oled.c                  0x00000000   Number         0  oled.o ABSOLUTE
    ..\HARDWARE\delay\delay.c                0x00000000   Number         0  delay.o ABSOLUTE
    ..\HARDWARE\led\bsp_led.c                0x00000000   Number         0  bsp_led.o ABSOLUTE
    ..\HARDWARE\usart\bsp_usart.c            0x00000000   Number         0  bsp_usart.o ABSOLUTE
    ..\Libraries\CMSIS\core_cm3.c            0x00000000   Number         0  core_cm3.o ABSOLUTE
    ..\Libraries\CMSIS\startup\startup_stm32f10x_md.s 0x00000000   Number         0  startup_stm32f10x_md.o ABSOLUTE
    ..\Libraries\CMSIS\system_stm32f10x.c    0x00000000   Number         0  system_stm32f10x.o ABSOLUTE
    ..\Libraries\STM32F10x_StdPeriph_Driver\src\misc.c 0x00000000   Number         0  misc.o ABSOLUTE
    ..\Libraries\STM32F10x_StdPeriph_Driver\src\stm32f10x_adc.c 0x00000000   Number         0  stm32f10x_adc.o ABSOLUTE
    ..\Libraries\STM32F10x_StdPeriph_Driver\src\stm32f10x_bkp.c 0x00000000   Number         0  stm32f10x_bkp.o ABSOLUTE
    ..\Libraries\STM32F10x_StdPeriph_Driver\src\stm32f10x_dma.c 0x00000000   Number         0  stm32f10x_dma.o ABSOLUTE
    ..\Libraries\STM32F10x_StdPeriph_Driver\src\stm32f10x_exti.c 0x00000000   Number         0  stm32f10x_exti.o ABSOLUTE
    ..\Libraries\STM32F10x_StdPeriph_Driver\src\stm32f10x_gpio.c 0x00000000   Number         0  stm32f10x_gpio.o ABSOLUTE
    ..\Libraries\STM32F10x_StdPeriph_Driver\src\stm32f10x_iwdg.c 0x00000000   Number         0  stm32f10x_iwdg.o ABSOLUTE
    ..\Libraries\STM32F10x_StdPeriph_Driver\src\stm32f10x_pwr.c 0x00000000   Number         0  stm32f10x_pwr.o ABSOLUTE
    ..\Libraries\STM32F10x_StdPeriph_Driver\src\stm32f10x_rcc.c 0x00000000   Number         0  stm32f10x_rcc.o ABSOLUTE
    ..\Libraries\STM32F10x_StdPeriph_Driver\src\stm32f10x_tim.c 0x00000000   Number         0  stm32f10x_tim.o ABSOLUTE
    ..\Libraries\STM32F10x_StdPeriph_Driver\src\stm32f10x_usart.c 0x00000000   Number         0  stm32f10x_usart.o ABSOLUTE
    ..\User\main.c                           0x00000000   Number         0  main.o ABSOLUTE
    ..\User\stm32f10x_it.c                   0x00000000   Number         0  stm32f10x_it.o ABSOLUTE
    ..\\Libraries\\CMSIS\\core_cm3.c         0x00000000   Number         0  core_cm3.o ABSOLUTE
    cdrcmple.s                               0x00000000   Number         0  cdrcmple.o ABSOLUTE
    cfcmple.s                                0x00000000   Number         0  cfcmple.o ABSOLUTE
    cfrcmple.s                               0x00000000   Number         0  cfrcmple.o ABSOLUTE
    dc.s                                     0x00000000   Number         0  dc.o ABSOLUTE
    handlers.s                               0x00000000   Number         0  handlers.o ABSOLUTE
    init.s                                   0x00000000   Number         0  init.o ABSOLUTE
    RESET                                    0x08000000   Section      236  startup_stm32f10x_md.o(RESET)
    .ARM.Collect$$$$00000000                 0x080000ec   Section        0  entry.o(.ARM.Collect$$$$00000000)
    .ARM.Collect$$$$00000001                 0x080000ec   Section        4  entry2.o(.ARM.Collect$$$$00000001)
    .ARM.Collect$$$$00000004                 0x080000f0   Section        4  entry5.o(.ARM.Collect$$$$00000004)
    .ARM.Collect$$$$00000008                 0x080000f4   Section        0  entry7b.o(.ARM.Collect$$$$00000008)
    .ARM.Collect$$$$0000000A                 0x080000f4   Section        0  entry8b.o(.ARM.Collect$$$$0000000A)
    .ARM.Collect$$$$0000000B                 0x080000f4   Section        8  entry9a.o(.ARM.Collect$$$$0000000B)
    .ARM.Collect$$$$0000000D                 0x080000fc   Section        0  entry10a.o(.ARM.Collect$$$$0000000D)
    .ARM.Collect$$$$0000000F                 0x080000fc   Section        0  entry11a.o(.ARM.Collect$$$$0000000F)
    .ARM.Collect$$$$00002712                 0x080000fc   Section        4  entry2.o(.ARM.Collect$$$$00002712)
    __lit__00000000                          0x080000fc   Data           4  entry2.o(.ARM.Collect$$$$00002712)
    .text                                    0x08000100   Section       36  startup_stm32f10x_md.o(.text)
    .text                                    0x08000124   Section        0  memseta.o(.text)
    .text                                    0x08000148   Section        0  strstr.o(.text)
    .text                                    0x0800016c   Section        0  strncpy.o(.text)
    .text                                    0x08000184   Section        0  strchr.o(.text)
    .text                                    0x08000198   Section        0  strlen.o(.text)
    .text                                    0x080001a8   Section        0  strtok.o(.text)
    .text                                    0x080001ec   Section        0  atoi.o(.text)
    .text                                    0x08000206   Section        0  fadd.o(.text)
    .text                                    0x080002b6   Section        0  fmul.o(.text)
    .text                                    0x0800031a   Section        0  fdiv.o(.text)
    .text                                    0x08000396   Section        0  fflti.o(.text)
    .text                                    0x080003a8   Section        0  f2d.o(.text)
    .text                                    0x080003ce   Section        0  d2f.o(.text)
    .text                                    0x08000408   Section       20  cfcmple.o(.text)
    .text                                    0x0800041c   Section       20  cfrcmple.o(.text)
    .text                                    0x08000430   Section        0  uidiv.o(.text)
    .text                                    0x0800045c   Section        0  uldiv.o(.text)
    .text                                    0x080004c0   Section        0  strtod.o(.text)
    _local_sscanf                            0x080004c1   Thumb Code    54  strtod.o(.text)
    .text                                    0x0800055c   Section        0  strtol.o(.text)
    .text                                    0x080005cc   Section        0  fepilogue.o(.text)
    .text                                    0x080005cc   Section        0  iusefp.o(.text)
    .text                                    0x0800063a   Section        0  dadd.o(.text)
    .text                                    0x08000788   Section        0  dmul.o(.text)
    .text                                    0x0800086c   Section        0  ddiv.o(.text)
    .text                                    0x0800094a   Section        0  dfixul.o(.text)
    .text                                    0x0800097c   Section       48  cdrcmple.o(.text)
    .text                                    0x080009ac   Section       36  init.o(.text)
    .text                                    0x080009d0   Section        0  llshl.o(.text)
    .text                                    0x080009ee   Section        0  llushr.o(.text)
    .text                                    0x08000a0e   Section        0  llsshr.o(.text)
    .text                                    0x08000a34   Section        0  ctype_o.o(.text)
    .text                                    0x08000a3c   Section        0  isspace_o.o(.text)
    .text                                    0x08000a50   Section        0  scanf_fp.o(.text)
    _fp_value                                0x08000a51   Thumb Code   296  scanf_fp.o(.text)
    .text                                    0x08000db0   Section        0  _sgetc.o(.text)
    .text                                    0x08000df0   Section        0  _strtoul.o(.text)
    .text                                    0x08000e8e   Section        0  depilogue.o(.text)
    .text                                    0x08000f48   Section        0  _chval.o(.text)
    .text                                    0x08000f64   Section        0  dfltul.o(.text)
    i.Beep_Init                              0x08000f7c   Section        0  bsp_io.o(i.Beep_Init)
    i.BusFault_Handler                       0x08000fb4   Section        0  stm32f10x_it.o(i.BusFault_Handler)
    i.CSTX_Lora_M0_M1_Init                   0x08000fb8   Section        0  cs_lora.o(i.CSTX_Lora_M0_M1_Init)
    i.CSTX_Lora_Receive_Buf_Clear            0x08001018   Section        0  cs_lora.o(i.CSTX_Lora_Receive_Buf_Clear)
    i.CSTX_Lora_Send                         0x08001020   Section        0  cs_lora.o(i.CSTX_Lora_Send)
    i.CS_OLED_Init                           0x0800106c   Section        0  oled.o(i.CS_OLED_Init)
    i.Clear_Buffer_UART2                     0x080011e4   Section        0  bsp_usart.o(i.Clear_Buffer_UART2)
    i.DebugMon_Handler                       0x08001204   Section        0  stm32f10x_it.o(i.DebugMon_Handler)
    i.ESP8266_AT_Test                        0x08001208   Section        0  bsp_esp8266.o(i.ESP8266_AT_Test)
    i.ESP8266_Cmd                            0x080012ac   Section        0  bsp_esp8266.o(i.ESP8266_Cmd)
    i.ESP8266_DHCP_CUR                       0x08001348   Section        0  bsp_esp8266.o(i.ESP8266_DHCP_CUR)
    i.ESP8266_GPIO_Config                    0x08001380   Section        0  bsp_esp8266.o(i.ESP8266_GPIO_Config)
    ESP8266_GPIO_Config                      0x08001381   Thumb Code    48  bsp_esp8266.o(i.ESP8266_GPIO_Config)
    i.ESP8266_Init                           0x080013b4   Section        0  bsp_esp8266.o(i.ESP8266_Init)
    i.ESP8266_JoinAP                         0x080013e0   Section        0  bsp_esp8266.o(i.ESP8266_JoinAP)
    i.ESP8266_Net_Mode_Choose                0x08001430   Section        0  bsp_esp8266.o(i.ESP8266_Net_Mode_Choose)
    i.ESP8266_Rst                            0x080014a8   Section        0  bsp_esp8266.o(i.ESP8266_Rst)
    i.ESP8266_USART_Config                   0x080014cc   Section        0  bsp_esp8266.o(i.ESP8266_USART_Config)
    ESP8266_USART_Config                     0x080014cd   Thumb Code   148  bsp_esp8266.o(i.ESP8266_USART_Config)
    i.ESP8266_USART_NVIC_Configuration       0x08001568   Section        0  bsp_esp8266.o(i.ESP8266_USART_NVIC_Configuration)
    ESP8266_USART_NVIC_Configuration         0x08001569   Thumb Code    32  bsp_esp8266.o(i.ESP8266_USART_NVIC_Configuration)
    i.GPIO_Init                              0x08001588   Section        0  stm32f10x_gpio.o(i.GPIO_Init)
    i.GPIO_PinRemapConfig                    0x080016a0   Section        0  stm32f10x_gpio.o(i.GPIO_PinRemapConfig)
    i.GPIO_ReadInputDataBit                  0x08001730   Section        0  stm32f10x_gpio.o(i.GPIO_ReadInputDataBit)
    i.GPIO_ResetBits                         0x08001742   Section        0  stm32f10x_gpio.o(i.GPIO_ResetBits)
    i.GPIO_SetBits                           0x08001746   Section        0  stm32f10x_gpio.o(i.GPIO_SetBits)
    i.HardFault_Handler                      0x0800174a   Section        0  stm32f10x_it.o(i.HardFault_Handler)
    i.LED1_Init                              0x08001750   Section        0  bsp_led.o(i.LED1_Init)
    i.MemManage_Handler                      0x0800179c   Section        0  stm32f10x_it.o(i.MemManage_Handler)
    i.NMI_Handler                            0x080017a0   Section        0  stm32f10x_it.o(i.NMI_Handler)
    i.NVIC_Init                              0x080017a4   Section        0  misc.o(i.NVIC_Init)
    i.NVIC_PriorityGroupConfig               0x08001814   Section        0  misc.o(i.NVIC_PriorityGroupConfig)
    i.OLED_Clear                             0x08001828   Section        0  oled.o(i.OLED_Clear)
    i.OLED_Set_Pos                           0x08001868   Section        0  oled.o(i.OLED_Set_Pos)
    i.OLED_ShowCHinese                       0x08001898   Section        0  oled.o(i.OLED_ShowCHinese)
    OLED_ShowCHinese                         0x08001899   Thumb Code   174  oled.o(i.OLED_ShowCHinese)
    i.OLED_ShowChar                          0x0800194c   Section        0  oled.o(i.OLED_ShowChar)
    i.OLED_ShowString                        0x080019bc   Section        0  oled.o(i.OLED_ShowString)
    i.OLED_WR_Byte                           0x08001a2c   Section        0  oled.o(i.OLED_WR_Byte)
    i.PendSV_Handler                         0x08001a90   Section        0  stm32f10x_it.o(i.PendSV_Handler)
    i.RCC_APB1PeriphClockCmd                 0x08001a94   Section        0  stm32f10x_rcc.o(i.RCC_APB1PeriphClockCmd)
    i.RCC_APB1PeriphResetCmd                 0x08001ab4   Section        0  stm32f10x_rcc.o(i.RCC_APB1PeriphResetCmd)
    i.RCC_APB2PeriphClockCmd                 0x08001ad4   Section        0  stm32f10x_rcc.o(i.RCC_APB2PeriphClockCmd)
    i.RCC_APB2PeriphResetCmd                 0x08001af4   Section        0  stm32f10x_rcc.o(i.RCC_APB2PeriphResetCmd)
    i.RCC_GetClocksFreq                      0x08001b14   Section        0  stm32f10x_rcc.o(i.RCC_GetClocksFreq)
    i.SVC_Handler                            0x08001be8   Section        0  stm32f10x_it.o(i.SVC_Handler)
    i.SetSysClock                            0x08001bea   Section        0  system_stm32f10x.o(i.SetSysClock)
    SetSysClock                              0x08001beb   Thumb Code     8  system_stm32f10x.o(i.SetSysClock)
    i.SetSysClockTo72                        0x08001bf4   Section        0  system_stm32f10x.o(i.SetSysClockTo72)
    SetSysClockTo72                          0x08001bf5   Thumb Code   214  system_stm32f10x.o(i.SetSysClockTo72)
    i.Set_Lora_Config_Mode                   0x08001cd4   Section        0  cs_lora.o(i.Set_Lora_Config_Mode)
    i.Set_Lora_Transmit_Mode                 0x08001cf4   Section        0  cs_lora.o(i.Set_Lora_Transmit_Mode)
    i.SysTick_CLKSourceConfig                0x08001d14   Section        0  misc.o(i.SysTick_CLKSourceConfig)
    i.SysTick_Handler                        0x08001d3c   Section        0  stm32f10x_it.o(i.SysTick_Handler)
    i.SysTick_Init                           0x08001d40   Section        0  delay.o(i.SysTick_Init)
    i.SystemInit                             0x08001d94   Section        0  system_stm32f10x.o(i.SystemInit)
    i.TIM3_IRQHandler                        0x08001df4   Section        0  main.o(i.TIM3_IRQHandler)
    i.TIM3_Init                              0x08001e10   Section        0  bsp_generaltim.o(i.TIM3_Init)
    i.TIM_ClearFlag                          0x08001e84   Section        0  stm32f10x_tim.o(i.TIM_ClearFlag)
    i.TIM_ClearITPendingBit                  0x08001e8a   Section        0  stm32f10x_tim.o(i.TIM_ClearITPendingBit)
    i.TIM_Cmd                                0x08001e90   Section        0  stm32f10x_tim.o(i.TIM_Cmd)
    i.TIM_GetITStatus                        0x08001ea8   Section        0  stm32f10x_tim.o(i.TIM_GetITStatus)
    i.TIM_ITConfig                           0x08001eca   Section        0  stm32f10x_tim.o(i.TIM_ITConfig)
    i.TIM_InternalClockConfig                0x08001edc   Section        0  stm32f10x_tim.o(i.TIM_InternalClockConfig)
    i.TIM_TimeBaseInit                       0x08001ee8   Section        0  stm32f10x_tim.o(i.TIM_TimeBaseInit)
    i.UART1_receive_process_event            0x08001f8c   Section        0  bsp_usart.o(i.UART1_receive_process_event)
    i.USART1_IRQHandler                      0x08001fc0   Section        0  bsp_usart.o(i.USART1_IRQHandler)
    i.USART2_IRQHandler                      0x08002010   Section        0  bsp_usart.o(i.USART2_IRQHandler)
    i.USART2_Send                            0x08002060   Section        0  bsp_usart.o(i.USART2_Send)
    i.USART2_Send_byte                       0x0800207c   Section        0  bsp_usart.o(i.USART2_Send_byte)
    i.USART3_IRQHandler                      0x0800209c   Section        0  bsp_usart.o(i.USART3_IRQHandler)
    i.USART3_receive_process_event           0x08002120   Section        0  bsp_usart.o(i.USART3_receive_process_event)
    i.USART_ClearFlag                        0x08002154   Section        0  stm32f10x_usart.o(i.USART_ClearFlag)
    i.USART_Cmd                              0x08002166   Section        0  stm32f10x_usart.o(i.USART_Cmd)
    i.USART_DeInit                           0x08002180   Section        0  stm32f10x_usart.o(i.USART_DeInit)
    i.USART_GetFlagStatus                    0x0800221c   Section        0  stm32f10x_usart.o(i.USART_GetFlagStatus)
    i.USART_GetITStatus                      0x08002236   Section        0  stm32f10x_usart.o(i.USART_GetITStatus)
    i.USART_ITConfig                         0x0800228a   Section        0  stm32f10x_usart.o(i.USART_ITConfig)
    i.USART_Init                             0x080022d4   Section        0  stm32f10x_usart.o(i.USART_Init)
    i.USART_ReceiveData                      0x080023ac   Section        0  stm32f10x_usart.o(i.USART_ReceiveData)
    i.USART_SendData                         0x080023b6   Section        0  stm32f10x_usart.o(i.USART_SendData)
    i.UsageFault_Handler                     0x080023be   Section        0  stm32f10x_it.o(i.UsageFault_Handler)
    i.Usart3_SendStr                         0x080023c4   Section        0  bsp_esp8266.o(i.Usart3_SendStr)
    i.Weather_GetSeniverseNow                0x080023ec   Section        0  weather.o(i.Weather_GetSeniverseNow)
    i.Weather_GetWeather                     0x08002428   Section        0  weather.o(i.Weather_GetWeather)
    i.Weather_ParseHTTPBody                  0x08002ad4   Section        0  weather.o(i.Weather_ParseHTTPBody)
    i.Weather_ParseSeniverseNow              0x08002b1c   Section        0  weather.o(i.Weather_ParseSeniverseNow)
    i.__0printf                              0x08002c84   Section        0  printfa.o(i.__0printf)
    i.__0snprintf                            0x08002ca4   Section        0  printfa.o(i.__0snprintf)
    i.__0sprintf                             0x08002cd4   Section        0  printfa.o(i.__0sprintf)
    i.__aeabi_errno_addr                     0x08002cfc   Section        0  errno.o(i.__aeabi_errno_addr)
    i.__read_errno                           0x08002d04   Section        0  errno.o(i.__read_errno)
    i.__scatterload_copy                     0x08002d10   Section       14  handlers.o(i.__scatterload_copy)
    i.__scatterload_null                     0x08002d1e   Section        2  handlers.o(i.__scatterload_null)
    i.__scatterload_zeroinit                 0x08002d20   Section       14  handlers.o(i.__scatterload_zeroinit)
    i.__set_errno                            0x08002d30   Section        0  errno.o(i.__set_errno)
    i._fp_digits                             0x08002d3c   Section        0  printfa.o(i._fp_digits)
    _fp_digits                               0x08002d3d   Thumb Code   366  printfa.o(i._fp_digits)
    i._is_digit                              0x08002ec0   Section        0  scanf_fp.o(i._is_digit)
    i._printf_core                           0x08002ed0   Section        0  printfa.o(i._printf_core)
    _printf_core                             0x08002ed1   Thumb Code  1744  printfa.o(i._printf_core)
    i._printf_post_padding                   0x080035ac   Section        0  printfa.o(i._printf_post_padding)
    _printf_post_padding                     0x080035ad   Thumb Code    36  printfa.o(i._printf_post_padding)
    i._printf_pre_padding                    0x080035d0   Section        0  printfa.o(i._printf_pre_padding)
    _printf_pre_padding                      0x080035d1   Thumb Code    46  printfa.o(i._printf_pre_padding)
    i._snputc                                0x080035fe   Section        0  printfa.o(i._snputc)
    _snputc                                  0x080035ff   Thumb Code    22  printfa.o(i._snputc)
    i._sputc                                 0x08003614   Section        0  printfa.o(i._sputc)
    _sputc                                   0x08003615   Thumb Code    10  printfa.o(i._sputc)
    i.atof                                   0x0800361e   Section        0  atof.o(i.atof)
    i.cstx_reg_Receive_Data                  0x08003648   Section        0  cs_lora.o(i.cstx_reg_Receive_Data)
    i.delay_ms                               0x0800370c   Section        0  delay.o(i.delay_ms)
    i.delay_us                               0x08003724   Section        0  delay.o(i.delay_us)
    i.fputc                                  0x0800376c   Section        0  bsp_usart.o(i.fputc)
    i.main                                   0x08003788   Section        0  main.o(i.main)
    i.turn_off_led1                          0x08004568   Section        0  main.o(i.turn_off_led1)
    turn_off_led1                            0x08004569   Thumb Code    14  main.o(i.turn_off_led1)
    i.turn_on_led1                           0x0800457c   Section        0  main.o(i.turn_on_led1)
    turn_on_led1                             0x0800457d   Thumb Code    14  main.o(i.turn_on_led1)
    i.usart1_init                            0x08004590   Section        0  bsp_usart.o(i.usart1_init)
    i.usart2_init                            0x0800464c   Section        0  bsp_usart.o(i.usart2_init)
    i.usart2_receive_process_event           0x08004700   Section        0  bsp_usart.o(i.usart2_receive_process_event)
    .constdata                               0x08004734   Section     9314  oled.o(.constdata)
    .constdata                               0x08006b96   Section      129  ctype_o.o(.constdata)
    .constdata                               0x08006c18   Section        4  ctype_o.o(.constdata)
    table                                    0x08006c18   Data           4  ctype_o.o(.constdata)
    .conststring                             0x08006c1c   Section      555  main.o(.conststring)
    .conststring                             0x08006e48   Section      153  weather.o(.conststring)
    .data                                    0x20000000   Section       20  system_stm32f10x.o(.data)
    .data                                    0x20000014   Section       20  stm32f10x_rcc.o(.data)
    APBAHBPrescTable                         0x20000014   Data          16  stm32f10x_rcc.o(.data)
    ADCPrescTable                            0x20000024   Data           4  stm32f10x_rcc.o(.data)
    .data                                    0x20000028   Section       24  main.o(.data)
    loop_count                               0x2000003c   Data           4  main.o(.data)
    .data                                    0x20000040   Section        1  delay.o(.data)
    fac_us                                   0x20000040   Data           1  delay.o(.data)
    .data                                    0x20000044   Section        8  bsp_usart.o(.data)
    .data                                    0x2000004c   Section        8  bsp_esp8266.o(.data)
    .data                                    0x20000054   Section        4  strtok.o(.data)
    state                                    0x20000054   Data           4  strtok.o(.data)
    .data                                    0x20000058   Section        4  errno.o(.data)
    _errno                                   0x20000058   Data           4  errno.o(.data)
    .bss                                     0x2000005c   Section       24  main.o(.bss)
    .bss                                     0x20000074   Section     1572  bsp_usart.o(.bss)
    .bss                                     0x20000698   Section     1024  bsp_esp8266.o(.bss)
    STACK                                    0x20000a98   Section     1024  startup_stm32f10x_md.o(STACK)

    Global Symbols

    Symbol Name                              Value     Ov Type        Size  Object(Section)

    BuildAttributes$$THM_ISAv4$P$D$K$B$S$PE$A:L22UL41UL21$X:L11$S22US41US21$IEEE1$IW$USESV6$~STKCKD$USESV7$~SHL$OTIME$ROPI$IEEEJ$EBA8$MICROLIB$REQ8$PRES8$EABIv2 0x00000000   Number         0  anon$$obj.o ABSOLUTE
    __ARM_use_no_argv                        0x00000000   Number         0  main.o ABSOLUTE
    __use_no_errno                           0x00000000   Number         0  useno.o ABSOLUTE
    __use_no_exception_handling              0x00000000   Number         0  useno.o ABSOLUTE
    __use_no_fp                              0x00000000   Number         0  useno.o ABSOLUTE
    __use_no_heap                            0x00000000   Number         0  useno.o ABSOLUTE
    __use_no_heap_region                     0x00000000   Number         0  useno.o ABSOLUTE
    __use_no_semihosting                     0x00000000   Number         0  useno.o ABSOLUTE
    __use_no_semihosting_swi                 0x00000000   Number         0  useno.o ABSOLUTE
    __use_no_signal_handling                 0x00000000   Number         0  useno.o ABSOLUTE
    _printf_a                                0x00000000   Number         0  stubs.o ABSOLUTE
    _printf_c                                0x00000000   Number         0  stubs.o ABSOLUTE
    _printf_charcount                        0x00000000   Number         0  stubs.o ABSOLUTE
    _printf_d                                0x00000000   Number         0  stubs.o ABSOLUTE
    _printf_e                                0x00000000   Number         0  stubs.o ABSOLUTE
    _printf_f                                0x00000000   Number         0  stubs.o ABSOLUTE
    _printf_flags                            0x00000000   Number         0  stubs.o ABSOLUTE
    _printf_fp_dec                           0x00000000   Number         0  stubs.o ABSOLUTE
    _printf_fp_hex                           0x00000000   Number         0  stubs.o ABSOLUTE
    _printf_g                                0x00000000   Number         0  stubs.o ABSOLUTE
    _printf_i                                0x00000000   Number         0  stubs.o ABSOLUTE
    _printf_int_dec                          0x00000000   Number         0  stubs.o ABSOLUTE
    _printf_l                                0x00000000   Number         0  stubs.o ABSOLUTE
    _printf_lc                               0x00000000   Number         0  stubs.o ABSOLUTE
    _printf_ll                               0x00000000   Number         0  stubs.o ABSOLUTE
    _printf_lld                              0x00000000   Number         0  stubs.o ABSOLUTE
    _printf_lli                              0x00000000   Number         0  stubs.o ABSOLUTE
    _printf_llo                              0x00000000   Number         0  stubs.o ABSOLUTE
    _printf_llu                              0x00000000   Number         0  stubs.o ABSOLUTE
    _printf_llx                              0x00000000   Number         0  stubs.o ABSOLUTE
    _printf_longlong_dec                     0x00000000   Number         0  stubs.o ABSOLUTE
    _printf_longlong_hex                     0x00000000   Number         0  stubs.o ABSOLUTE
    _printf_longlong_oct                     0x00000000   Number         0  stubs.o ABSOLUTE
    _printf_ls                               0x00000000   Number         0  stubs.o ABSOLUTE
    _printf_mbtowc                           0x00000000   Number         0  stubs.o ABSOLUTE
    _printf_n                                0x00000000   Number         0  stubs.o ABSOLUTE
    _printf_o                                0x00000000   Number         0  stubs.o ABSOLUTE
    _printf_p                                0x00000000   Number         0  stubs.o ABSOLUTE
    _printf_percent                          0x00000000   Number         0  stubs.o ABSOLUTE
    _printf_pre_padding                      0x00000000   Number         0  stubs.o ABSOLUTE
    _printf_return_value                     0x00000000   Number         0  stubs.o ABSOLUTE
    _printf_s                                0x00000000   Number         0  stubs.o ABSOLUTE
    _printf_sizespec                         0x00000000   Number         0  stubs.o ABSOLUTE
    _printf_str                              0x00000000   Number         0  stubs.o ABSOLUTE
    _printf_truncate_signed                  0x00000000   Number         0  stubs.o ABSOLUTE
    _printf_truncate_unsigned                0x00000000   Number         0  stubs.o ABSOLUTE
    _printf_u                                0x00000000   Number         0  stubs.o ABSOLUTE
    _printf_wc                               0x00000000   Number         0  stubs.o ABSOLUTE
    _printf_wctomb                           0x00000000   Number         0  stubs.o ABSOLUTE
    _printf_widthprec                        0x00000000   Number         0  stubs.o ABSOLUTE
    _printf_x                                0x00000000   Number         0  stubs.o ABSOLUTE
    __cpp_initialize__aeabi_                  - Undefined Weak Reference
    __cxa_finalize                            - Undefined Weak Reference
    __decompress                              - Undefined Weak Reference
    _clock_init                               - Undefined Weak Reference
    _microlib_exit                            - Undefined Weak Reference
    __Vectors_Size                           0x000000ec   Number         0  startup_stm32f10x_md.o ABSOLUTE
    __Vectors                                0x08000000   Data           4  startup_stm32f10x_md.o(RESET)
    __Vectors_End                            0x080000ec   Data           0  startup_stm32f10x_md.o(RESET)
    __main                                   0x080000ed   Thumb Code     0  entry.o(.ARM.Collect$$$$00000000)
    _main_stk                                0x080000ed   Thumb Code     0  entry2.o(.ARM.Collect$$$$00000001)
    _main_scatterload                        0x080000f1   Thumb Code     0  entry5.o(.ARM.Collect$$$$00000004)
    __main_after_scatterload                 0x080000f5   Thumb Code     0  entry5.o(.ARM.Collect$$$$00000004)
    _main_clock                              0x080000f5   Thumb Code     0  entry7b.o(.ARM.Collect$$$$00000008)
    _main_cpp_init                           0x080000f5   Thumb Code     0  entry8b.o(.ARM.Collect$$$$0000000A)
    _main_init                               0x080000f5   Thumb Code     0  entry9a.o(.ARM.Collect$$$$0000000B)
    __rt_final_cpp                           0x080000fd   Thumb Code     0  entry10a.o(.ARM.Collect$$$$0000000D)
    __rt_final_exit                          0x080000fd   Thumb Code     0  entry11a.o(.ARM.Collect$$$$0000000F)
    Reset_Handler                            0x08000101   Thumb Code     8  startup_stm32f10x_md.o(.text)
    ADC1_2_IRQHandler                        0x0800011b   Thumb Code     0  startup_stm32f10x_md.o(.text)
    CAN1_RX1_IRQHandler                      0x0800011b   Thumb Code     0  startup_stm32f10x_md.o(.text)
    CAN1_SCE_IRQHandler                      0x0800011b   Thumb Code     0  startup_stm32f10x_md.o(.text)
    DMA1_Channel1_IRQHandler                 0x0800011b   Thumb Code     0  startup_stm32f10x_md.o(.text)
    DMA1_Channel2_IRQHandler                 0x0800011b   Thumb Code     0  startup_stm32f10x_md.o(.text)
    DMA1_Channel3_IRQHandler                 0x0800011b   Thumb Code     0  startup_stm32f10x_md.o(.text)
    DMA1_Channel4_IRQHandler                 0x0800011b   Thumb Code     0  startup_stm32f10x_md.o(.text)
    DMA1_Channel5_IRQHandler                 0x0800011b   Thumb Code     0  startup_stm32f10x_md.o(.text)
    DMA1_Channel6_IRQHandler                 0x0800011b   Thumb Code     0  startup_stm32f10x_md.o(.text)
    DMA1_Channel7_IRQHandler                 0x0800011b   Thumb Code     0  startup_stm32f10x_md.o(.text)
    EXTI0_IRQHandler                         0x0800011b   Thumb Code     0  startup_stm32f10x_md.o(.text)
    EXTI15_10_IRQHandler                     0x0800011b   Thumb Code     0  startup_stm32f10x_md.o(.text)
    EXTI1_IRQHandler                         0x0800011b   Thumb Code     0  startup_stm32f10x_md.o(.text)
    EXTI2_IRQHandler                         0x0800011b   Thumb Code     0  startup_stm32f10x_md.o(.text)
    EXTI3_IRQHandler                         0x0800011b   Thumb Code     0  startup_stm32f10x_md.o(.text)
    EXTI4_IRQHandler                         0x0800011b   Thumb Code     0  startup_stm32f10x_md.o(.text)
    EXTI9_5_IRQHandler                       0x0800011b   Thumb Code     0  startup_stm32f10x_md.o(.text)
    FLASH_IRQHandler                         0x0800011b   Thumb Code     0  startup_stm32f10x_md.o(.text)
    I2C1_ER_IRQHandler                       0x0800011b   Thumb Code     0  startup_stm32f10x_md.o(.text)
    I2C1_EV_IRQHandler                       0x0800011b   Thumb Code     0  startup_stm32f10x_md.o(.text)
    I2C2_ER_IRQHandler                       0x0800011b   Thumb Code     0  startup_stm32f10x_md.o(.text)
    I2C2_EV_IRQHandler                       0x0800011b   Thumb Code     0  startup_stm32f10x_md.o(.text)
    PVD_IRQHandler                           0x0800011b   Thumb Code     0  startup_stm32f10x_md.o(.text)
    RCC_IRQHandler                           0x0800011b   Thumb Code     0  startup_stm32f10x_md.o(.text)
    RTCAlarm_IRQHandler                      0x0800011b   Thumb Code     0  startup_stm32f10x_md.o(.text)
    RTC_IRQHandler                           0x0800011b   Thumb Code     0  startup_stm32f10x_md.o(.text)
    SPI1_IRQHandler                          0x0800011b   Thumb Code     0  startup_stm32f10x_md.o(.text)
    SPI2_IRQHandler                          0x0800011b   Thumb Code     0  startup_stm32f10x_md.o(.text)
    TAMPER_IRQHandler                        0x0800011b   Thumb Code     0  startup_stm32f10x_md.o(.text)
    TIM1_BRK_IRQHandler                      0x0800011b   Thumb Code     0  startup_stm32f10x_md.o(.text)
    TIM1_CC_IRQHandler                       0x0800011b   Thumb Code     0  startup_stm32f10x_md.o(.text)
    TIM1_TRG_COM_IRQHandler                  0x0800011b   Thumb Code     0  startup_stm32f10x_md.o(.text)
    TIM1_UP_IRQHandler                       0x0800011b   Thumb Code     0  startup_stm32f10x_md.o(.text)
    TIM2_IRQHandler                          0x0800011b   Thumb Code     0  startup_stm32f10x_md.o(.text)
    TIM4_IRQHandler                          0x0800011b   Thumb Code     0  startup_stm32f10x_md.o(.text)
    USBWakeUp_IRQHandler                     0x0800011b   Thumb Code     0  startup_stm32f10x_md.o(.text)
    USB_HP_CAN1_TX_IRQHandler                0x0800011b   Thumb Code     0  startup_stm32f10x_md.o(.text)
    USB_LP_CAN1_RX0_IRQHandler               0x0800011b   Thumb Code     0  startup_stm32f10x_md.o(.text)
    WWDG_IRQHandler                          0x0800011b   Thumb Code     0  startup_stm32f10x_md.o(.text)
    __aeabi_memset                           0x08000125   Thumb Code    14  memseta.o(.text)
    __aeabi_memset4                          0x08000125   Thumb Code     0  memseta.o(.text)
    __aeabi_memset8                          0x08000125   Thumb Code     0  memseta.o(.text)
    __aeabi_memclr                           0x08000133   Thumb Code     4  memseta.o(.text)
    __aeabi_memclr4                          0x08000133   Thumb Code     0  memseta.o(.text)
    __aeabi_memclr8                          0x08000133   Thumb Code     0  memseta.o(.text)
    _memset$wrapper                          0x08000137   Thumb Code    18  memseta.o(.text)
    strstr                                   0x08000149   Thumb Code    36  strstr.o(.text)
    strncpy                                  0x0800016d   Thumb Code    24  strncpy.o(.text)
    strchr                                   0x08000185   Thumb Code    20  strchr.o(.text)
    strlen                                   0x08000199   Thumb Code    14  strlen.o(.text)
    strtok                                   0x080001a9   Thumb Code    62  strtok.o(.text)
    atoi                                     0x080001ed   Thumb Code    26  atoi.o(.text)
    __aeabi_fadd                             0x08000207   Thumb Code   164  fadd.o(.text)
    __aeabi_fsub                             0x080002ab   Thumb Code     6  fadd.o(.text)
    __aeabi_frsub                            0x080002b1   Thumb Code     6  fadd.o(.text)
    __aeabi_fmul                             0x080002b7   Thumb Code   100  fmul.o(.text)
    __aeabi_fdiv                             0x0800031b   Thumb Code   124  fdiv.o(.text)
    __aeabi_i2f                              0x08000397   Thumb Code    18  fflti.o(.text)
    __aeabi_f2d                              0x080003a9   Thumb Code    38  f2d.o(.text)
    __aeabi_d2f                              0x080003cf   Thumb Code    56  d2f.o(.text)
    __aeabi_cfcmpeq                          0x08000409   Thumb Code     0  cfcmple.o(.text)
    __aeabi_cfcmple                          0x08000409   Thumb Code    20  cfcmple.o(.text)
    __aeabi_cfrcmple                         0x0800041d   Thumb Code    20  cfrcmple.o(.text)
    __aeabi_uidiv                            0x08000431   Thumb Code     0  uidiv.o(.text)
    __aeabi_uidivmod                         0x08000431   Thumb Code    44  uidiv.o(.text)
    __aeabi_uldivmod                         0x0800045d   Thumb Code    98  uldiv.o(.text)
    __strtod_int                             0x080004f7   Thumb Code    90  strtod.o(.text)
    strtol                                   0x0800055d   Thumb Code   112  strtol.o(.text)
    __I$use$fp                               0x080005cd   Thumb Code     0  iusefp.o(.text)
    _float_round                             0x080005cd   Thumb Code    18  fepilogue.o(.text)
    _float_epilogue                          0x080005df   Thumb Code    92  fepilogue.o(.text)
    __aeabi_dadd                             0x0800063b   Thumb Code   322  dadd.o(.text)
    __aeabi_dsub                             0x0800077d   Thumb Code     6  dadd.o(.text)
    __aeabi_drsub                            0x08000783   Thumb Code     6  dadd.o(.text)
    __aeabi_dmul                             0x08000789   Thumb Code   228  dmul.o(.text)
    __aeabi_ddiv                             0x0800086d   Thumb Code   222  ddiv.o(.text)
    __aeabi_d2ulz                            0x0800094b   Thumb Code    48  dfixul.o(.text)
    __aeabi_cdrcmple                         0x0800097d   Thumb Code    48  cdrcmple.o(.text)
    __scatterload                            0x080009ad   Thumb Code    28  init.o(.text)
    __scatterload_rt2                        0x080009ad   Thumb Code     0  init.o(.text)
    __aeabi_llsl                             0x080009d1   Thumb Code    30  llshl.o(.text)
    _ll_shift_l                              0x080009d1   Thumb Code     0  llshl.o(.text)
    __aeabi_llsr                             0x080009ef   Thumb Code    32  llushr.o(.text)
    _ll_ushift_r                             0x080009ef   Thumb Code     0  llushr.o(.text)
    __aeabi_lasr                             0x08000a0f   Thumb Code    36  llsshr.o(.text)
    _ll_sshift_r                             0x08000a0f   Thumb Code     0  llsshr.o(.text)
    __rt_ctype_table                         0x08000a35   Thumb Code     4  ctype_o.o(.text)
    isspace                                  0x08000a3d   Thumb Code    18  isspace_o.o(.text)
    _scanf_real                              0x08000b79   Thumb Code     0  scanf_fp.o(.text)
    _scanf_really_real                       0x08000b79   Thumb Code   556  scanf_fp.o(.text)
    _sgetc                                   0x08000db1   Thumb Code    30  _sgetc.o(.text)
    _sbackspace                              0x08000dcf   Thumb Code    34  _sgetc.o(.text)
    _strtoul                                 0x08000df1   Thumb Code   158  _strtoul.o(.text)
    _double_round                            0x08000e8f   Thumb Code    30  depilogue.o(.text)
    _double_epilogue                         0x08000ead   Thumb Code   156  depilogue.o(.text)
    _chval                                   0x08000f49   Thumb Code    28  _chval.o(.text)
    __aeabi_ul2d                             0x08000f65   Thumb Code    24  dfltul.o(.text)
    Beep_Init                                0x08000f7d   Thumb Code    50  bsp_io.o(i.Beep_Init)
    BusFault_Handler                         0x08000fb5   Thumb Code     4  stm32f10x_it.o(i.BusFault_Handler)
    CSTX_Lora_M0_M1_Init                     0x08000fb9   Thumb Code    88  cs_lora.o(i.CSTX_Lora_M0_M1_Init)
    CSTX_Lora_Receive_Buf_Clear              0x08001019   Thumb Code     8  cs_lora.o(i.CSTX_Lora_Receive_Buf_Clear)
    CSTX_Lora_Send                           0x08001021   Thumb Code    48  cs_lora.o(i.CSTX_Lora_Send)
    CS_OLED_Init                             0x0800106d   Thumb Code   368  oled.o(i.CS_OLED_Init)
    Clear_Buffer_UART2                       0x080011e5   Thumb Code    26  bsp_usart.o(i.Clear_Buffer_UART2)
    DebugMon_Handler                         0x08001205   Thumb Code     2  stm32f10x_it.o(i.DebugMon_Handler)
    ESP8266_AT_Test                          0x08001209   Thumb Code    82  bsp_esp8266.o(i.ESP8266_AT_Test)
    ESP8266_Cmd                              0x080012ad   Thumb Code   142  bsp_esp8266.o(i.ESP8266_Cmd)
    ESP8266_DHCP_CUR                         0x08001349   Thumb Code    30  bsp_esp8266.o(i.ESP8266_DHCP_CUR)
    ESP8266_Init                             0x080013b5   Thumb Code    40  bsp_esp8266.o(i.ESP8266_Init)
    ESP8266_JoinAP                           0x080013e1   Thumb Code    38  bsp_esp8266.o(i.ESP8266_JoinAP)
    ESP8266_Net_Mode_Choose                  0x08001431   Thumb Code    68  bsp_esp8266.o(i.ESP8266_Net_Mode_Choose)
    ESP8266_Rst                              0x080014a9   Thumb Code    32  bsp_esp8266.o(i.ESP8266_Rst)
    GPIO_Init                                0x08001589   Thumb Code   278  stm32f10x_gpio.o(i.GPIO_Init)
    GPIO_PinRemapConfig                      0x080016a1   Thumb Code   138  stm32f10x_gpio.o(i.GPIO_PinRemapConfig)
    GPIO_ReadInputDataBit                    0x08001731   Thumb Code    18  stm32f10x_gpio.o(i.GPIO_ReadInputDataBit)
    GPIO_ResetBits                           0x08001743   Thumb Code     4  stm32f10x_gpio.o(i.GPIO_ResetBits)
    GPIO_SetBits                             0x08001747   Thumb Code     4  stm32f10x_gpio.o(i.GPIO_SetBits)
    HardFault_Handler                        0x0800174b   Thumb Code     4  stm32f10x_it.o(i.HardFault_Handler)
    LED1_Init                                0x08001751   Thumb Code    66  bsp_led.o(i.LED1_Init)
    MemManage_Handler                        0x0800179d   Thumb Code     4  stm32f10x_it.o(i.MemManage_Handler)
    NMI_Handler                              0x080017a1   Thumb Code     2  stm32f10x_it.o(i.NMI_Handler)
    NVIC_Init                                0x080017a5   Thumb Code   100  misc.o(i.NVIC_Init)
    NVIC_PriorityGroupConfig                 0x08001815   Thumb Code    10  misc.o(i.NVIC_PriorityGroupConfig)
    OLED_Clear                               0x08001829   Thumb Code    64  oled.o(i.OLED_Clear)
    OLED_Set_Pos                             0x08001869   Thumb Code    46  oled.o(i.OLED_Set_Pos)
    OLED_ShowChar                            0x0800194d   Thumb Code   106  oled.o(i.OLED_ShowChar)
    OLED_ShowString                          0x080019bd   Thumb Code   110  oled.o(i.OLED_ShowString)
    OLED_WR_Byte                             0x08001a2d   Thumb Code    92  oled.o(i.OLED_WR_Byte)
    PendSV_Handler                           0x08001a91   Thumb Code     2  stm32f10x_it.o(i.PendSV_Handler)
    RCC_APB1PeriphClockCmd                   0x08001a95   Thumb Code    26  stm32f10x_rcc.o(i.RCC_APB1PeriphClockCmd)
    RCC_APB1PeriphResetCmd                   0x08001ab5   Thumb Code    26  stm32f10x_rcc.o(i.RCC_APB1PeriphResetCmd)
    RCC_APB2PeriphClockCmd                   0x08001ad5   Thumb Code    26  stm32f10x_rcc.o(i.RCC_APB2PeriphClockCmd)
    RCC_APB2PeriphResetCmd                   0x08001af5   Thumb Code    26  stm32f10x_rcc.o(i.RCC_APB2PeriphResetCmd)
    RCC_GetClocksFreq                        0x08001b15   Thumb Code   192  stm32f10x_rcc.o(i.RCC_GetClocksFreq)
    SVC_Handler                              0x08001be9   Thumb Code     2  stm32f10x_it.o(i.SVC_Handler)
    Set_Lora_Config_Mode                     0x08001cd5   Thumb Code    26  cs_lora.o(i.Set_Lora_Config_Mode)
    Set_Lora_Transmit_Mode                   0x08001cf5   Thumb Code    26  cs_lora.o(i.Set_Lora_Transmit_Mode)
    SysTick_CLKSourceConfig                  0x08001d15   Thumb Code    40  misc.o(i.SysTick_CLKSourceConfig)
    SysTick_Handler                          0x08001d3d   Thumb Code     2  stm32f10x_it.o(i.SysTick_Handler)
    SysTick_Init                             0x08001d41   Thumb Code    70  delay.o(i.SysTick_Init)
    SystemInit                               0x08001d95   Thumb Code    78  system_stm32f10x.o(i.SystemInit)
    TIM3_IRQHandler                          0x08001df5   Thumb Code    22  main.o(i.TIM3_IRQHandler)
    TIM3_Init                                0x08001e11   Thumb Code   112  bsp_generaltim.o(i.TIM3_Init)
    TIM_ClearFlag                            0x08001e85   Thumb Code     6  stm32f10x_tim.o(i.TIM_ClearFlag)
    TIM_ClearITPendingBit                    0x08001e8b   Thumb Code     6  stm32f10x_tim.o(i.TIM_ClearITPendingBit)
    TIM_Cmd                                  0x08001e91   Thumb Code    24  stm32f10x_tim.o(i.TIM_Cmd)
    TIM_GetITStatus                          0x08001ea9   Thumb Code    34  stm32f10x_tim.o(i.TIM_GetITStatus)
    TIM_ITConfig                             0x08001ecb   Thumb Code    18  stm32f10x_tim.o(i.TIM_ITConfig)
    TIM_InternalClockConfig                  0x08001edd   Thumb Code    12  stm32f10x_tim.o(i.TIM_InternalClockConfig)
    TIM_TimeBaseInit                         0x08001ee9   Thumb Code   122  stm32f10x_tim.o(i.TIM_TimeBaseInit)
    UART1_receive_process_event              0x08001f8d   Thumb Code    46  bsp_usart.o(i.UART1_receive_process_event)
    USART1_IRQHandler                        0x08001fc1   Thumb Code    70  bsp_usart.o(i.USART1_IRQHandler)
    USART2_IRQHandler                        0x08002011   Thumb Code    70  bsp_usart.o(i.USART2_IRQHandler)
    USART2_Send                              0x08002061   Thumb Code    26  bsp_usart.o(i.USART2_Send)
    USART2_Send_byte                         0x0800207d   Thumb Code    28  bsp_usart.o(i.USART2_Send_byte)
    USART3_IRQHandler                        0x0800209d   Thumb Code   110  bsp_usart.o(i.USART3_IRQHandler)
    USART3_receive_process_event             0x08002121   Thumb Code    46  bsp_usart.o(i.USART3_receive_process_event)
    USART_ClearFlag                          0x08002155   Thumb Code    18  stm32f10x_usart.o(i.USART_ClearFlag)
    USART_Cmd                                0x08002167   Thumb Code    24  stm32f10x_usart.o(i.USART_Cmd)
    USART_DeInit                             0x08002181   Thumb Code   134  stm32f10x_usart.o(i.USART_DeInit)
    USART_GetFlagStatus                      0x0800221d   Thumb Code    26  stm32f10x_usart.o(i.USART_GetFlagStatus)
    USART_GetITStatus                        0x08002237   Thumb Code    84  stm32f10x_usart.o(i.USART_GetITStatus)
    USART_ITConfig                           0x0800228b   Thumb Code    74  stm32f10x_usart.o(i.USART_ITConfig)
    USART_Init                               0x080022d5   Thumb Code   210  stm32f10x_usart.o(i.USART_Init)
    USART_ReceiveData                        0x080023ad   Thumb Code    10  stm32f10x_usart.o(i.USART_ReceiveData)
    USART_SendData                           0x080023b7   Thumb Code     8  stm32f10x_usart.o(i.USART_SendData)
    UsageFault_Handler                       0x080023bf   Thumb Code     4  stm32f10x_it.o(i.UsageFault_Handler)
    Usart3_SendStr                           0x080023c5   Thumb Code    34  bsp_esp8266.o(i.Usart3_SendStr)
    Weather_GetSeniverseNow                  0x080023ed   Thumb Code    34  weather.o(i.Weather_GetSeniverseNow)
    Weather_GetWeather                       0x08002429   Thumb Code  1662  weather.o(i.Weather_GetWeather)
    Weather_ParseHTTPBody                    0x08002ad5   Thumb Code    62  weather.o(i.Weather_ParseHTTPBody)
    Weather_ParseSeniverseNow                0x08002b1d   Thumb Code   316  weather.o(i.Weather_ParseSeniverseNow)
    __0printf                                0x08002c85   Thumb Code    22  printfa.o(i.__0printf)
    __1printf                                0x08002c85   Thumb Code     0  printfa.o(i.__0printf)
    __2printf                                0x08002c85   Thumb Code     0  printfa.o(i.__0printf)
    __c89printf                              0x08002c85   Thumb Code     0  printfa.o(i.__0printf)
    printf                                   0x08002c85   Thumb Code     0  printfa.o(i.__0printf)
    __0snprintf                              0x08002ca5   Thumb Code    44  printfa.o(i.__0snprintf)
    __1snprintf                              0x08002ca5   Thumb Code     0  printfa.o(i.__0snprintf)
    __2snprintf                              0x08002ca5   Thumb Code     0  printfa.o(i.__0snprintf)
    __c89snprintf                            0x08002ca5   Thumb Code     0  printfa.o(i.__0snprintf)
    snprintf                                 0x08002ca5   Thumb Code     0  printfa.o(i.__0snprintf)
    __0sprintf                               0x08002cd5   Thumb Code    34  printfa.o(i.__0sprintf)
    __1sprintf                               0x08002cd5   Thumb Code     0  printfa.o(i.__0sprintf)
    __2sprintf                               0x08002cd5   Thumb Code     0  printfa.o(i.__0sprintf)
    __c89sprintf                             0x08002cd5   Thumb Code     0  printfa.o(i.__0sprintf)
    sprintf                                  0x08002cd5   Thumb Code     0  printfa.o(i.__0sprintf)
    __aeabi_errno_addr                       0x08002cfd   Thumb Code     4  errno.o(i.__aeabi_errno_addr)
    __rt_errno_addr                          0x08002cfd   Thumb Code     0  errno.o(i.__aeabi_errno_addr)
    __read_errno                             0x08002d05   Thumb Code     6  errno.o(i.__read_errno)
    __scatterload_copy                       0x08002d11   Thumb Code    14  handlers.o(i.__scatterload_copy)
    __scatterload_null                       0x08002d1f   Thumb Code     2  handlers.o(i.__scatterload_null)
    __scatterload_zeroinit                   0x08002d21   Thumb Code    14  handlers.o(i.__scatterload_zeroinit)
    __set_errno                              0x08002d31   Thumb Code     6  errno.o(i.__set_errno)
    _is_digit                                0x08002ec1   Thumb Code    14  scanf_fp.o(i._is_digit)
    atof                                     0x0800361f   Thumb Code    42  atof.o(i.atof)
    cstx_reg_Receive_Data                    0x08003649   Thumb Code   126  cs_lora.o(i.cstx_reg_Receive_Data)
    delay_ms                                 0x0800370d   Thumb Code    24  delay.o(i.delay_ms)
    delay_us                                 0x08003725   Thumb Code    68  delay.o(i.delay_us)
    fputc                                    0x0800376d   Thumb Code    24  bsp_usart.o(i.fputc)
    main                                     0x08003789   Thumb Code  3296  main.o(i.main)
    usart1_init                              0x08004591   Thumb Code   178  bsp_usart.o(i.usart1_init)
    usart2_init                              0x0800464d   Thumb Code   172  bsp_usart.o(i.usart2_init)
    usart2_receive_process_event             0x08004701   Thumb Code    46  bsp_usart.o(i.usart2_receive_process_event)
    F6x8                                     0x08004734   Data         552  oled.o(.constdata)
    F8X16                                    0x0800495c   Data        1520  oled.o(.constdata)
    tfont16                                  0x08004f4c   Data        7242  oled.o(.constdata)
    __ctype_table                            0x08006b96   Data         129  ctype_o.o(.constdata)
    Region$$Table$$Base                      0x08006ee4   Number         0  anon$$obj.o(Region$$Table)
    Region$$Table$$Limit                     0x08006f04   Number         0  anon$$obj.o(Region$$Table)
    SystemCoreClock                          0x20000000   Data           4  system_stm32f10x.o(.data)
    AHBPrescTable                            0x20000004   Data          16  system_stm32f10x.o(.data)
    lora_channel                             0x20000028   Data           1  main.o(.data)
    lora_addr                                0x2000002a   Data           2  main.o(.data)
    cscxReg                                  0x2000002c   Data           3  main.o(.data)
    csrevReg                                 0x2000002f   Data          12  main.o(.data)
    key                                      0x2000003b   Data           1  main.o(.data)
    __stdout                                 0x20000044   Data           4  bsp_usart.o(.data)
    rx_num                                   0x20000048   Data           4  bsp_usart.o(.data)
    strx                                     0x2000004c   Data           4  bsp_esp8266.o(.data)
    Esp8266_rx_flag                          0x20000050   Data           2  bsp_esp8266.o(.data)
    Esp8266_rx_length                        0x20000052   Data           2  bsp_esp8266.o(.data)
    disOLED                                  0x2000005c   Data          24  main.o(.bss)
    buf_uart1                                0x20000074   Data         524  bsp_usart.o(.bss)
    buf_lora                                 0x20000280   Data         524  bsp_usart.o(.bss)
    buf_uart3                                0x2000048c   Data         524  bsp_usart.o(.bss)
    Esp8266_rx_buf                           0x20000698   Data        1024  bsp_esp8266.o(.bss)
    __initial_sp                             0x20000e98   Data           0  startup_stm32f10x_md.o(STACK)



==============================================================================

Memory Map of the image

  Image Entry point : 0x080000ed

  Load Region LR_IROM1 (Base: 0x08000000, Size: 0x00006f60, Max: 0x00010000, ABSOLUTE)

    Execution Region ER_IROM1 (Exec base: 0x08000000, Load base: 0x08000000, Size: 0x00006f04, Max: 0x00010000, ABSOLUTE)

    Exec Addr    Load Addr    Size         Type   Attr      Idx    E Section Name        Object

    0x08000000   0x08000000   0x000000ec   Data   RO            3    RESET               startup_stm32f10x_md.o
    0x080000ec   0x080000ec   0x00000000   Code   RO         2460  * .ARM.Collect$$$$00000000  mc_w.l(entry.o)
    0x080000ec   0x080000ec   0x00000004   Code   RO         2758    .ARM.Collect$$$$00000001  mc_w.l(entry2.o)
    0x080000f0   0x080000f0   0x00000004   Code   RO         2761    .ARM.Collect$$$$00000004  mc_w.l(entry5.o)
    0x080000f4   0x080000f4   0x00000000   Code   RO         2763    .ARM.Collect$$$$00000008  mc_w.l(entry7b.o)
    0x080000f4   0x080000f4   0x00000000   Code   RO         2765    .ARM.Collect$$$$0000000A  mc_w.l(entry8b.o)
    0x080000f4   0x080000f4   0x00000008   Code   RO         2766    .ARM.Collect$$$$0000000B  mc_w.l(entry9a.o)
    0x080000fc   0x080000fc   0x00000000   Code   RO         2768    .ARM.Collect$$$$0000000D  mc_w.l(entry10a.o)
    0x080000fc   0x080000fc   0x00000000   Code   RO         2770    .ARM.Collect$$$$0000000F  mc_w.l(entry11a.o)
    0x080000fc   0x080000fc   0x00000004   Code   RO         2759    .ARM.Collect$$$$00002712  mc_w.l(entry2.o)
    0x08000100   0x08000100   0x00000024   Code   RO            4    .text               startup_stm32f10x_md.o
    0x08000124   0x08000124   0x00000024   Code   RO         2463    .text               mc_w.l(memseta.o)
    0x08000148   0x08000148   0x00000024   Code   RO         2465    .text               mc_w.l(strstr.o)
    0x0800016c   0x0800016c   0x00000018   Code   RO         2467    .text               mc_w.l(strncpy.o)
    0x08000184   0x08000184   0x00000014   Code   RO         2469    .text               mc_w.l(strchr.o)
    0x08000198   0x08000198   0x0000000e   Code   RO         2471    .text               mc_w.l(strlen.o)
    0x080001a6   0x080001a6   0x00000002   PAD
    0x080001a8   0x080001a8   0x00000044   Code   RO         2473    .text               mc_w.l(strtok.o)
    0x080001ec   0x080001ec   0x0000001a   Code   RO         2740    .text               mc_w.l(atoi.o)
    0x08000206   0x08000206   0x000000b0   Code   RO         2742    .text               mf_w.l(fadd.o)
    0x080002b6   0x080002b6   0x00000064   Code   RO         2744    .text               mf_w.l(fmul.o)
    0x0800031a   0x0800031a   0x0000007c   Code   RO         2746    .text               mf_w.l(fdiv.o)
    0x08000396   0x08000396   0x00000012   Code   RO         2748    .text               mf_w.l(fflti.o)
    0x080003a8   0x080003a8   0x00000026   Code   RO         2750    .text               mf_w.l(f2d.o)
    0x080003ce   0x080003ce   0x00000038   Code   RO         2752    .text               mf_w.l(d2f.o)
    0x08000406   0x08000406   0x00000002   PAD
    0x08000408   0x08000408   0x00000014   Code   RO         2754    .text               mf_w.l(cfcmple.o)
    0x0800041c   0x0800041c   0x00000014   Code   RO         2756    .text               mf_w.l(cfrcmple.o)
    0x08000430   0x08000430   0x0000002c   Code   RO         2772    .text               mc_w.l(uidiv.o)
    0x0800045c   0x0800045c   0x00000062   Code   RO         2774    .text               mc_w.l(uldiv.o)
    0x080004be   0x080004be   0x00000002   PAD
    0x080004c0   0x080004c0   0x0000009c   Code   RO         2783    .text               mc_w.l(strtod.o)
    0x0800055c   0x0800055c   0x00000070   Code   RO         2785    .text               mc_w.l(strtol.o)
    0x080005cc   0x080005cc   0x00000000   Code   RO         2787    .text               mc_w.l(iusefp.o)
    0x080005cc   0x080005cc   0x0000006e   Code   RO         2788    .text               mf_w.l(fepilogue.o)
    0x0800063a   0x0800063a   0x0000014e   Code   RO         2790    .text               mf_w.l(dadd.o)
    0x08000788   0x08000788   0x000000e4   Code   RO         2792    .text               mf_w.l(dmul.o)
    0x0800086c   0x0800086c   0x000000de   Code   RO         2794    .text               mf_w.l(ddiv.o)
    0x0800094a   0x0800094a   0x00000030   Code   RO         2796    .text               mf_w.l(dfixul.o)
    0x0800097a   0x0800097a   0x00000002   PAD
    0x0800097c   0x0800097c   0x00000030   Code   RO         2798    .text               mf_w.l(cdrcmple.o)
    0x080009ac   0x080009ac   0x00000024   Code   RO         2800    .text               mc_w.l(init.o)
    0x080009d0   0x080009d0   0x0000001e   Code   RO         2802    .text               mc_w.l(llshl.o)
    0x080009ee   0x080009ee   0x00000020   Code   RO         2804    .text               mc_w.l(llushr.o)
    0x08000a0e   0x08000a0e   0x00000024   Code   RO         2806    .text               mc_w.l(llsshr.o)
    0x08000a32   0x08000a32   0x00000002   PAD
    0x08000a34   0x08000a34   0x00000008   Code   RO         2810    .text               mc_w.l(ctype_o.o)
    0x08000a3c   0x08000a3c   0x00000012   Code   RO         2832    .text               mc_w.l(isspace_o.o)
    0x08000a4e   0x08000a4e   0x00000002   PAD
    0x08000a50   0x08000a50   0x00000360   Code   RO         2838    .text               mc_w.l(scanf_fp.o)
    0x08000db0   0x08000db0   0x00000040   Code   RO         2842    .text               mc_w.l(_sgetc.o)
    0x08000df0   0x08000df0   0x0000009e   Code   RO         2844    .text               mc_w.l(_strtoul.o)
    0x08000e8e   0x08000e8e   0x000000ba   Code   RO         2846    .text               mf_w.l(depilogue.o)
    0x08000f48   0x08000f48   0x0000001c   Code   RO         2851    .text               mc_w.l(_chval.o)
    0x08000f64   0x08000f64   0x00000018   Code   RO         2853    .text               mf_w.l(dfltul.o)
    0x08000f7c   0x08000f7c   0x00000038   Code   RO         2211    i.Beep_Init         bsp_io.o
    0x08000fb4   0x08000fb4   0x00000004   Code   RO         1789    i.BusFault_Handler  stm32f10x_it.o
    0x08000fb8   0x08000fb8   0x00000060   Code   RO         2148    i.CSTX_Lora_M0_M1_Init  cs_lora.o
    0x08001018   0x08001018   0x00000008   Code   RO         2149    i.CSTX_Lora_Receive_Buf_Clear  cs_lora.o
    0x08001020   0x08001020   0x0000004c   Code   RO         2150    i.CSTX_Lora_Send    cs_lora.o
    0x0800106c   0x0800106c   0x00000178   Code   RO         2037    i.CS_OLED_Init      oled.o
    0x080011e4   0x080011e4   0x00000020   Code   RO         1879    i.Clear_Buffer_UART2  bsp_usart.o
    0x08001204   0x08001204   0x00000002   Code   RO         1790    i.DebugMon_Handler  stm32f10x_it.o
    0x08001206   0x08001206   0x00000002   PAD
    0x08001208   0x08001208   0x000000a4   Code   RO         2223    i.ESP8266_AT_Test   bsp_esp8266.o
    0x080012ac   0x080012ac   0x0000009c   Code   RO         2228    i.ESP8266_Cmd       bsp_esp8266.o
    0x08001348   0x08001348   0x00000038   Code   RO         2229    i.ESP8266_DHCP_CUR  bsp_esp8266.o
    0x08001380   0x08001380   0x00000034   Code   RO         2232    i.ESP8266_GPIO_Config  bsp_esp8266.o
    0x080013b4   0x080013b4   0x0000002c   Code   RO         2235    i.ESP8266_Init      bsp_esp8266.o
    0x080013e0   0x080013e0   0x00000050   Code   RO         2238    i.ESP8266_JoinAP    bsp_esp8266.o
    0x08001430   0x08001430   0x00000078   Code   RO         2240    i.ESP8266_Net_Mode_Choose  bsp_esp8266.o
    0x080014a8   0x080014a8   0x00000024   Code   RO         2242    i.ESP8266_Rst       bsp_esp8266.o
    0x080014cc   0x080014cc   0x0000009c   Code   RO         2245    i.ESP8266_USART_Config  bsp_esp8266.o
    0x08001568   0x08001568   0x00000020   Code   RO         2246    i.ESP8266_USART_NVIC_Configuration  bsp_esp8266.o
    0x08001588   0x08001588   0x00000116   Code   RO          201    i.GPIO_Init         stm32f10x_gpio.o
    0x0800169e   0x0800169e   0x00000002   PAD
    0x080016a0   0x080016a0   0x00000090   Code   RO          203    i.GPIO_PinRemapConfig  stm32f10x_gpio.o
    0x08001730   0x08001730   0x00000012   Code   RO          205    i.GPIO_ReadInputDataBit  stm32f10x_gpio.o
    0x08001742   0x08001742   0x00000004   Code   RO          208    i.GPIO_ResetBits    stm32f10x_gpio.o
    0x08001746   0x08001746   0x00000004   Code   RO          209    i.GPIO_SetBits      stm32f10x_gpio.o
    0x0800174a   0x0800174a   0x00000004   Code   RO         1791    i.HardFault_Handler  stm32f10x_it.o
    0x0800174e   0x0800174e   0x00000002   PAD
    0x08001750   0x08001750   0x0000004c   Code   RO         2199    i.LED1_Init         bsp_led.o
    0x0800179c   0x0800179c   0x00000004   Code   RO         1792    i.MemManage_Handler  stm32f10x_it.o
    0x080017a0   0x080017a0   0x00000002   Code   RO         1793    i.NMI_Handler       stm32f10x_it.o
    0x080017a2   0x080017a2   0x00000002   PAD
    0x080017a4   0x080017a4   0x00000070   Code   RO          101    i.NVIC_Init         misc.o
    0x08001814   0x08001814   0x00000014   Code   RO          102    i.NVIC_PriorityGroupConfig  misc.o
    0x08001828   0x08001828   0x00000040   Code   RO         2038    i.OLED_Clear        oled.o
    0x08001868   0x08001868   0x0000002e   Code   RO         2042    i.OLED_Set_Pos      oled.o
    0x08001896   0x08001896   0x00000002   PAD
    0x08001898   0x08001898   0x000000b4   Code   RO         2043    i.OLED_ShowCHinese  oled.o
    0x0800194c   0x0800194c   0x00000070   Code   RO         2044    i.OLED_ShowChar     oled.o
    0x080019bc   0x080019bc   0x0000006e   Code   RO         2046    i.OLED_ShowString   oled.o
    0x08001a2a   0x08001a2a   0x00000002   PAD
    0x08001a2c   0x08001a2c   0x00000064   Code   RO         2047    i.OLED_WR_Byte      oled.o
    0x08001a90   0x08001a90   0x00000002   Code   RO         1794    i.PendSV_Handler    stm32f10x_it.o
    0x08001a92   0x08001a92   0x00000002   PAD
    0x08001a94   0x08001a94   0x00000020   Code   RO          311    i.RCC_APB1PeriphClockCmd  stm32f10x_rcc.o
    0x08001ab4   0x08001ab4   0x00000020   Code   RO          312    i.RCC_APB1PeriphResetCmd  stm32f10x_rcc.o
    0x08001ad4   0x08001ad4   0x00000020   Code   RO          313    i.RCC_APB2PeriphClockCmd  stm32f10x_rcc.o
    0x08001af4   0x08001af4   0x00000020   Code   RO          314    i.RCC_APB2PeriphResetCmd  stm32f10x_rcc.o
    0x08001b14   0x08001b14   0x000000d4   Code   RO          321    i.RCC_GetClocksFreq  stm32f10x_rcc.o
    0x08001be8   0x08001be8   0x00000002   Code   RO         1795    i.SVC_Handler       stm32f10x_it.o
    0x08001bea   0x08001bea   0x00000008   Code   RO           24    i.SetSysClock       system_stm32f10x.o
    0x08001bf2   0x08001bf2   0x00000002   PAD
    0x08001bf4   0x08001bf4   0x000000e0   Code   RO           25    i.SetSysClockTo72   system_stm32f10x.o
    0x08001cd4   0x08001cd4   0x00000020   Code   RO         2152    i.Set_Lora_Config_Mode  cs_lora.o
    0x08001cf4   0x08001cf4   0x00000020   Code   RO         2153    i.Set_Lora_Transmit_Mode  cs_lora.o
    0x08001d14   0x08001d14   0x00000028   Code   RO          105    i.SysTick_CLKSourceConfig  misc.o
    0x08001d3c   0x08001d3c   0x00000002   Code   RO         1796    i.SysTick_Handler   stm32f10x_it.o
    0x08001d3e   0x08001d3e   0x00000002   PAD
    0x08001d40   0x08001d40   0x00000054   Code   RO         1852    i.SysTick_Init      delay.o
    0x08001d94   0x08001d94   0x00000060   Code   RO           27    i.SystemInit        system_stm32f10x.o
    0x08001df4   0x08001df4   0x0000001c   Code   RO         1714    i.TIM3_IRQHandler   main.o
    0x08001e10   0x08001e10   0x00000074   Code   RO         2123    i.TIM3_Init         bsp_generaltim.o
    0x08001e84   0x08001e84   0x00000006   Code   RO          519    i.TIM_ClearFlag     stm32f10x_tim.o
    0x08001e8a   0x08001e8a   0x00000006   Code   RO          520    i.TIM_ClearITPendingBit  stm32f10x_tim.o
    0x08001e90   0x08001e90   0x00000018   Code   RO          525    i.TIM_Cmd           stm32f10x_tim.o
    0x08001ea8   0x08001ea8   0x00000022   Code   RO          546    i.TIM_GetITStatus   stm32f10x_tim.o
    0x08001eca   0x08001eca   0x00000012   Code   RO          550    i.TIM_ITConfig      stm32f10x_tim.o
    0x08001edc   0x08001edc   0x0000000c   Code   RO          552    i.TIM_InternalClockConfig  stm32f10x_tim.o
    0x08001ee8   0x08001ee8   0x000000a4   Code   RO          596    i.TIM_TimeBaseInit  stm32f10x_tim.o
    0x08001f8c   0x08001f8c   0x00000034   Code   RO         1881    i.UART1_receive_process_event  bsp_usart.o
    0x08001fc0   0x08001fc0   0x00000050   Code   RO         1882    i.USART1_IRQHandler  bsp_usart.o
    0x08002010   0x08002010   0x00000050   Code   RO         1886    i.USART2_IRQHandler  bsp_usart.o
    0x08002060   0x08002060   0x0000001a   Code   RO         1887    i.USART2_Send       bsp_usart.o
    0x0800207a   0x0800207a   0x00000002   PAD
    0x0800207c   0x0800207c   0x00000020   Code   RO         1889    i.USART2_Send_byte  bsp_usart.o
    0x0800209c   0x0800209c   0x00000084   Code   RO         1890    i.USART3_IRQHandler  bsp_usart.o
    0x08002120   0x08002120   0x00000034   Code   RO         1894    i.USART3_receive_process_event  bsp_usart.o
    0x08002154   0x08002154   0x00000012   Code   RO         1057    i.USART_ClearFlag   stm32f10x_usart.o
    0x08002166   0x08002166   0x00000018   Code   RO         1061    i.USART_Cmd         stm32f10x_usart.o
    0x0800217e   0x0800217e   0x00000002   PAD
    0x08002180   0x08002180   0x0000009c   Code   RO         1063    i.USART_DeInit      stm32f10x_usart.o
    0x0800221c   0x0800221c   0x0000001a   Code   RO         1064    i.USART_GetFlagStatus  stm32f10x_usart.o
    0x08002236   0x08002236   0x00000054   Code   RO         1065    i.USART_GetITStatus  stm32f10x_usart.o
    0x0800228a   0x0800228a   0x0000004a   Code   RO         1067    i.USART_ITConfig    stm32f10x_usart.o
    0x080022d4   0x080022d4   0x000000d8   Code   RO         1068    i.USART_Init        stm32f10x_usart.o
    0x080023ac   0x080023ac   0x0000000a   Code   RO         1075    i.USART_ReceiveData  stm32f10x_usart.o
    0x080023b6   0x080023b6   0x00000008   Code   RO         1078    i.USART_SendData    stm32f10x_usart.o
    0x080023be   0x080023be   0x00000004   Code   RO         1797    i.UsageFault_Handler  stm32f10x_it.o
    0x080023c2   0x080023c2   0x00000002   PAD
    0x080023c4   0x080023c4   0x00000028   Code   RO         2250    i.Usart3_SendStr    bsp_esp8266.o
    0x080023ec   0x080023ec   0x0000003c   Code   RO         2424    i.Weather_GetSeniverseNow  weather.o
    0x08002428   0x08002428   0x000006ac   Code   RO         2425    i.Weather_GetWeather  weather.o
    0x08002ad4   0x08002ad4   0x00000048   Code   RO         2426    i.Weather_ParseHTTPBody  weather.o
    0x08002b1c   0x08002b1c   0x00000168   Code   RO         2427    i.Weather_ParseSeniverseNow  weather.o
    0x08002c84   0x08002c84   0x00000020   Code   RO         2712    i.__0printf         mc_w.l(printfa.o)
    0x08002ca4   0x08002ca4   0x00000030   Code   RO         2713    i.__0snprintf       mc_w.l(printfa.o)
    0x08002cd4   0x08002cd4   0x00000028   Code   RO         2714    i.__0sprintf        mc_w.l(printfa.o)
    0x08002cfc   0x08002cfc   0x00000008   Code   RO         2776    i.__aeabi_errno_addr  mc_w.l(errno.o)
    0x08002d04   0x08002d04   0x0000000c   Code   RO         2777    i.__read_errno      mc_w.l(errno.o)
    0x08002d10   0x08002d10   0x0000000e   Code   RO         2857    i.__scatterload_copy  mc_w.l(handlers.o)
    0x08002d1e   0x08002d1e   0x00000002   Code   RO         2858    i.__scatterload_null  mc_w.l(handlers.o)
    0x08002d20   0x08002d20   0x0000000e   Code   RO         2859    i.__scatterload_zeroinit  mc_w.l(handlers.o)
    0x08002d2e   0x08002d2e   0x00000002   PAD
    0x08002d30   0x08002d30   0x0000000c   Code   RO         2778    i.__set_errno       mc_w.l(errno.o)
    0x08002d3c   0x08002d3c   0x00000184   Code   RO         2719    i._fp_digits        mc_w.l(printfa.o)
    0x08002ec0   0x08002ec0   0x0000000e   Code   RO         2840    i._is_digit         mc_w.l(scanf_fp.o)
    0x08002ece   0x08002ece   0x00000002   PAD
    0x08002ed0   0x08002ed0   0x000006dc   Code   RO         2720    i._printf_core      mc_w.l(printfa.o)
    0x080035ac   0x080035ac   0x00000024   Code   RO         2721    i._printf_post_padding  mc_w.l(printfa.o)
    0x080035d0   0x080035d0   0x0000002e   Code   RO         2722    i._printf_pre_padding  mc_w.l(printfa.o)
    0x080035fe   0x080035fe   0x00000016   Code   RO         2723    i._snputc           mc_w.l(printfa.o)
    0x08003614   0x08003614   0x0000000a   Code   RO         2724    i._sputc            mc_w.l(printfa.o)
    0x0800361e   0x0800361e   0x0000002a   Code   RO         2457    i.atof              m_ws.l(atof.o)
    0x08003648   0x08003648   0x000000c4   Code   RO         2154    i.cstx_reg_Receive_Data  cs_lora.o
    0x0800370c   0x0800370c   0x00000018   Code   RO         1853    i.delay_ms          delay.o
    0x08003724   0x08003724   0x00000048   Code   RO         1854    i.delay_us          delay.o
    0x0800376c   0x0800376c   0x0000001c   Code   RO         1896    i.fputc             bsp_usart.o
    0x08003788   0x08003788   0x00000de0   Code   RO         1715    i.main              main.o
    0x08004568   0x08004568   0x00000014   Code   RO         1716    i.turn_off_led1     main.o
    0x0800457c   0x0800457c   0x00000014   Code   RO         1717    i.turn_on_led1      main.o
    0x08004590   0x08004590   0x000000bc   Code   RO         1897    i.usart1_init       bsp_usart.o
    0x0800464c   0x0800464c   0x000000b4   Code   RO         1898    i.usart2_init       bsp_usart.o
    0x08004700   0x08004700   0x00000034   Code   RO         1899    i.usart2_receive_process_event  bsp_usart.o
    0x08004734   0x08004734   0x00002462   Data   RO         2049    .constdata          oled.o
    0x08006b96   0x08006b96   0x00000081   Data   RO         2811    .constdata          mc_w.l(ctype_o.o)
    0x08006c17   0x08006c17   0x00000001   PAD
    0x08006c18   0x08006c18   0x00000004   Data   RO         2812    .constdata          mc_w.l(ctype_o.o)
    0x08006c1c   0x08006c1c   0x0000022b   Data   RO         1719    .conststring        main.o
    0x08006e47   0x08006e47   0x00000001   PAD
    0x08006e48   0x08006e48   0x00000099   Data   RO         2428    .conststring        weather.o
    0x08006ee1   0x08006ee1   0x00000003   PAD
    0x08006ee4   0x08006ee4   0x00000020   Data   RO         2855    Region$$Table       anon$$obj.o


    Execution Region RW_IRAM1 (Exec base: 0x20000000, Load base: 0x08006f04, Size: 0x00000e98, Max: 0x00005000, ABSOLUTE)

    Exec Addr    Load Addr    Size         Type   Attr      Idx    E Section Name        Object

    0x20000000   0x08006f04   0x00000014   Data   RW           28    .data               system_stm32f10x.o
    0x20000014   0x08006f18   0x00000014   Data   RW          341    .data               stm32f10x_rcc.o
    0x20000028   0x08006f2c   0x00000018   Data   RW         1720    .data               main.o
    0x20000040   0x08006f44   0x00000001   Data   RW         1855    .data               delay.o
    0x20000041   0x08006f45   0x00000003   PAD
    0x20000044   0x08006f48   0x00000008   Data   RW         1902    .data               bsp_usart.o
    0x2000004c   0x08006f50   0x00000008   Data   RW         2252    .data               bsp_esp8266.o
    0x20000054   0x08006f58   0x00000004   Data   RW         2474    .data               mc_w.l(strtok.o)
    0x20000058   0x08006f5c   0x00000004   Data   RW         2779    .data               mc_w.l(errno.o)
    0x2000005c        -       0x00000018   Zero   RW         1718    .bss                main.o
    0x20000074        -       0x00000624   Zero   RW         1901    .bss                bsp_usart.o
    0x20000698        -       0x00000400   Zero   RW         2251    .bss                bsp_esp8266.o
    0x20000a98        -       0x00000400   Zero   RW            1    STACK               startup_stm32f10x_md.o


==============================================================================

Image component sizes


      Code (inc. data)   RO Data    RW Data    ZI Data      Debug   Object Name

       936        242          0          8       1024       9388   bsp_esp8266.o
       116          4          0          0          0        716   bsp_generaltim.o
        56          6          0          0          0        504   bsp_io.o
        76         10          0          0          0        512   bsp_led.o
       934         92          0          8       1572      10159   bsp_usart.o
         0          0          0          0          0       4500   core_cm3.o
       440        118          0          0          0       4098   cs_lora.o
       180         18          0          1          0       1957   delay.o
      3620       1882        555         24         24       4659   main.o
       172         22          0          0          0       2289   misc.o
       988         28       9314          0          0       5457   oled.o
        36          8        236          0       1024        876   startup_stm32f10x_md.o
       448          6          0          0          0       4834   stm32f10x_gpio.o
        26          0          0          0          0       3962   stm32f10x_it.o
       340         44          0         20          0       5932   stm32f10x_rcc.o
       264         42          0          0          0       5052   stm32f10x_tim.o
       616         28          0          0          0       7898   stm32f10x_usart.o
       328         28          0         20          0     249589   system_stm32f10x.o
      2200       1126        153          0          0       4980   weather.o

    ----------------------------------------------------------------------
     11800       3704      10294         84       3644     327362   Object Totals
         0          0         32          0          0          0   (incl. Generated)
        24          0          4          3          0          0   (incl. Padding)

    ----------------------------------------------------------------------

      Code (inc. data)   RO Data    RW Data    ZI Data      Debug   Library Member Name

        42          0          0          0          0         84   atof.o
        28          0          0          0          0         68   _chval.o
        64          0          0          0          0         84   _sgetc.o
       158          0          0          0          0         92   _strtoul.o
        26          0          0          0          0         80   atoi.o
         8          4        133          0          0         68   ctype_o.o
         0          0          0          0          0          0   entry.o
         0          0          0          0          0          0   entry10a.o
         0          0          0          0          0          0   entry11a.o
         8          4          0          0          0          0   entry2.o
         4          0          0          0          0          0   entry5.o
         0          0          0          0          0          0   entry7b.o
         0          0          0          0          0          0   entry8b.o
         8          4          0          0          0          0   entry9a.o
        32         16          0          4          0        204   errno.o
        30          0          0          0          0          0   handlers.o
        36          8          0          0          0         68   init.o
        18          0          0          0          0         76   isspace_o.o
         0          0          0          0          0          0   iusefp.o
        30          0          0          0          0         68   llshl.o
        36          0          0          0          0         68   llsshr.o
        32          0          0          0          0         68   llushr.o
        36          0          0          0          0        108   memseta.o
      2378        100          0          0          0        756   printfa.o
       878         12          0          0          0        216   scanf_fp.o
        20          0          0          0          0         68   strchr.o
        14          0          0          0          0         68   strlen.o
        24          0          0          0          0         76   strncpy.o
        36          0          0          0          0         80   strstr.o
       156         12          0          0          0        120   strtod.o
        68          6          0          4          0         80   strtok.o
       112          0          0          0          0         88   strtol.o
        44          0          0          0          0         80   uidiv.o
        98          0          0          0          0         92   uldiv.o
        48          0          0          0          0         68   cdrcmple.o
        20          0          0          0          0         68   cfcmple.o
        20          0          0          0          0         68   cfrcmple.o
        56          0          0          0          0         88   d2f.o
       334          0          0          0          0        148   dadd.o
       222          0          0          0          0        100   ddiv.o
       186          0          0          0          0        176   depilogue.o
        48          0          0          0          0         68   dfixul.o
        24          0          0          0          0         76   dfltul.o
       228          0          0          0          0         96   dmul.o
        38          0          0          0          0         68   f2d.o
       176          0          0          0          0        140   fadd.o
       124          0          0          0          0         88   fdiv.o
       110          0          0          0          0        168   fepilogue.o
        18          0          0          0          0         68   fflti.o
       100          0          0          0          0         76   fmul.o

    ----------------------------------------------------------------------
      6192        166        134          8          0       4424   Library Totals
        16          0          1          0          0          0   (incl. Padding)

    ----------------------------------------------------------------------

      Code (inc. data)   RO Data    RW Data    ZI Data      Debug   Library Name

        42          0          0          0          0         84   m_ws.l
      4382        166        133          8          0       2776   mc_w.l
      1752          0          0          0          0       1564   mf_w.l

    ----------------------------------------------------------------------
      6192        166        134          8          0       4424   Library Totals

    ----------------------------------------------------------------------

==============================================================================


      Code (inc. data)   RO Data    RW Data    ZI Data      Debug   

     17992       3870      10428         92       3644     324918   Grand Totals
     17992       3870      10428         92       3644     324918   ELF Image Totals
     17992       3870      10428         92          0          0   ROM Totals

==============================================================================

    Total RO  Size (Code + RO Data)                28420 (  27.75kB)
    Total RW  Size (RW Data + ZI Data)              3736 (   3.65kB)
    Total ROM Size (Code + RO Data + RW Data)      28512 (  27.84kB)

==============================================================================

