Component: ARM Compiler 5.06 update 5 (build 528) Tool: armlink [4d35e2]

==============================================================================

Section Cross References

    startup_stm32f10x_hd.o(STACK) refers (Special) to heapauxi.o(.text) for __use_two_region_memory
    startup_stm32f10x_hd.o(HEAP) refers (Special) to heapauxi.o(.text) for __use_two_region_memory
    startup_stm32f10x_hd.o(RESET) refers (Special) to heapauxi.o(.text) for __use_two_region_memory
    startup_stm32f10x_hd.o(RESET) refers to startup_stm32f10x_hd.o(STACK) for __initial_sp
    startup_stm32f10x_hd.o(RESET) refers to startup_stm32f10x_hd.o(.text) for Reset_Handler
    startup_stm32f10x_hd.o(RESET) refers to timer.o(i.TIM2_IRQHandler) for TIM2_IRQHandler
    startup_stm32f10x_hd.o(.text) refers (Special) to heapauxi.o(.text) for __use_two_region_memory
    startup_stm32f10x_hd.o(.text) refers to system_stm32f10x.o(i.SystemInit) for SystemInit
    startup_stm32f10x_hd.o(.text) refers to __main.o(!!!main) for __main
    startup_stm32f10x_hd.o(.text) refers to startup_stm32f10x_hd.o(HEAP) for Heap_Mem
    startup_stm32f10x_hd.o(.text) refers to startup_stm32f10x_hd.o(STACK) for Stack_Mem
    system_stm32f10x.o(i.SetSysClock) refers to system_stm32f10x.o(i.SetSysClockTo72) for SetSysClockTo72
    system_stm32f10x.o(i.SystemCoreClockUpdate) refers to system_stm32f10x.o(.data) for SystemCoreClock
    system_stm32f10x.o(i.SystemInit) refers to system_stm32f10x.o(i.SetSysClock) for SetSysClock
    main.o(i.main) refers to menu.o(i.menu_Init) for menu_Init
    main.o(i.main) refers to timer.o(i.Timer_Init) for Timer_Init
    main.o(i.main) refers to menu.o(i.First_Page_Clock) for First_Page_Clock
    main.o(i.main) refers to menu.o(i.Menu_Page) for Menu_Page
    main.o(i.main) refers to menu.o(i.Setting_Page) for Setting_Page
    delay.o(i.Delay_ms) refers to delay.o(i.Delay_us) for Delay_us
    delay.o(i.Delay_s) refers to delay.o(i.Delay_ms) for Delay_ms
    timer.o(i.TIM2_IRQHandler) refers to key.o(i.Key_Tick) for Key_Tick
    timer.o(i.TIM2_IRQHandler) refers to stopwatch.o(i.StopWatch_Tick) for StopWatch_Tick
    timer.o(i.TIM2_IRQHandler) refers to dino.o(i.Dino_Tick) for Dino_Tick
    myrtc.o(i.MyRTC_Init) refers to myrtc.o(i.MyRTC_SetTime) for MyRTC_SetTime
    myrtc.o(i.MyRTC_ReadTime) refers to localtime.o(.text) for localtime
    myrtc.o(i.MyRTC_ReadTime) refers to rt_memcpy_w.o(.text) for __aeabi_memcpy4
    myrtc.o(i.MyRTC_ReadTime) refers to myrtc.o(.data) for MyRTC_Time
    myrtc.o(i.MyRTC_SetTime) refers to mktime.o(.text) for mktime
    myrtc.o(i.MyRTC_SetTime) refers to myrtc.o(.data) for MyRTC_Time
    key.o(i.Key_GetNum) refers to key.o(.data) for Key_Num
    key.o(i.Key_Tick) refers to key.o(i.Key_GetState) for Key_GetState
    key.o(i.Key_Tick) refers to key.o(.data) for Count
    led.o(i.LED_Init) refers to led.o(i.LED_Off) for LED_Off
    led.o(i.LED_Toggle) refers to led.o(i.LED_Off) for LED_Off
    led.o(i.LED_Toggle) refers to led.o(i.LED_On) for LED_On
    oled.o(i.OLED_Clear) refers to oled.o(.bss) for OLED_DisplayBuf
    oled.o(i.OLED_ClearArea) refers to oled.o(.bss) for OLED_DisplayBuf
    oled.o(i.OLED_DrawArc) refers to oled.o(i.OLED_IsInAngle) for OLED_IsInAngle
    oled.o(i.OLED_DrawArc) refers to oled.o(i.OLED_DrawPoint) for OLED_DrawPoint
    oled.o(i.OLED_DrawCircle) refers to oled.o(i.OLED_DrawPoint) for OLED_DrawPoint
    oled.o(i.OLED_DrawEllipse) refers to dflt_clz.o(x$fpl$dflt) for __aeabi_i2d
    oled.o(i.OLED_DrawEllipse) refers to daddsub_clz.o(x$fpl$dadd) for __aeabi_dadd
    oled.o(i.OLED_DrawEllipse) refers to dmul.o(x$fpl$dmul) for __aeabi_dmul
    oled.o(i.OLED_DrawEllipse) refers to d2f.o(x$fpl$d2f) for __aeabi_d2f
    oled.o(i.OLED_DrawEllipse) refers to oled.o(i.OLED_DrawPoint) for OLED_DrawPoint
    oled.o(i.OLED_DrawEllipse) refers to fleqf.o(x$fpl$fleqf) for __aeabi_cfcmple
    oled.o(i.OLED_DrawEllipse) refers to fflt_clz.o(x$fpl$fflt) for __aeabi_i2f
    oled.o(i.OLED_DrawEllipse) refers to faddsub_clz.o(x$fpl$fadd) for __aeabi_fadd
    oled.o(i.OLED_DrawEllipse) refers to daddsub_clz.o(x$fpl$dsub) for __aeabi_dsub
    oled.o(i.OLED_DrawEllipse) refers to dleqf.o(x$fpl$dleqf) for __aeabi_cdcmple
    oled.o(i.OLED_DrawLine) refers to oled.o(i.OLED_DrawPoint) for OLED_DrawPoint
    oled.o(i.OLED_DrawPoint) refers to oled.o(.bss) for OLED_DisplayBuf
    oled.o(i.OLED_DrawRectangle) refers to oled.o(i.OLED_DrawPoint) for OLED_DrawPoint
    oled.o(i.OLED_DrawTriangle) refers to oled.o(i.OLED_DrawLine) for OLED_DrawLine
    oled.o(i.OLED_DrawTriangle) refers to oled.o(i.OLED_pnpoly) for OLED_pnpoly
    oled.o(i.OLED_DrawTriangle) refers to oled.o(i.OLED_DrawPoint) for OLED_DrawPoint
    oled.o(i.OLED_GPIO_Init) refers to oled.o(i.OLED_W_SCL) for OLED_W_SCL
    oled.o(i.OLED_GPIO_Init) refers to oled.o(i.OLED_W_SDA) for OLED_W_SDA
    oled.o(i.OLED_GetPoint) refers to oled.o(.bss) for OLED_DisplayBuf
[...]

    BuildAttributes$$THM_ISAv4$P$D$K$B$S$PE$A:L22UL41UL21$X:L11$S22US41US21$IEEE1$IW$USESV6$~STKCKD$USESV7$~SHL$OTIME$ROPI$IEEEX$EBA8$UX$STANDARDLIB$REQ8$PRES8$EABIv2 0x00000000   Number         0  anon$$obj.o ABSOLUTE
    __ARM_use_no_argv                        0x00000000   Number         0  main.o ABSOLUTE
    _printf_flags                            0x00000000   Number         0  printf_stubs.o ABSOLUTE
    _printf_return_value                     0x00000000   Number         0  printf_stubs.o ABSOLUTE
    _printf_sizespec                         0x00000000   Number         0  printf_stubs.o ABSOLUTE
    _printf_widthprec                        0x00000000   Number         0  printf_stubs.o ABSOLUTE
    __ARM_exceptions_init                     - Undefined Weak Reference
    __alloca_initialize                       - Undefined Weak Reference
    __arm_preinit_                            - Undefined Weak Reference
    __cpp_initialize__aeabi_                  - Undefined Weak Reference
    __cxa_finalize                            - Undefined Weak Reference
    __sigvec_lookup                           - Undefined Weak Reference
    _atexit_init                              - Undefined Weak Reference
    _call_atexit_fns                          - Undefined Weak Reference
    _clock_init                               - Undefined Weak Reference
    _fp_trap_init                             - Undefined Weak Reference
    _fp_trap_shutdown                         - Undefined Weak Reference
    _get_lc_collate                           - Undefined Weak Reference
    _get_lc_monetary                          - Undefined Weak Reference
    _get_lc_time                              - Undefined Weak Reference
    _getenv_init                              - Undefined Weak Reference
    _handle_redirection                       - Undefined Weak Reference
    _init_alloc                               - Undefined Weak Reference
    _init_user_alloc                          - Undefined Weak Reference
    _initio                                   - Undefined Weak Reference
    _printf_mbtowc                            - Undefined Weak Reference
    _printf_wc                                - Undefined Weak Reference
    _signal_finish                            - Undefined Weak Reference
    _signal_init                              - Undefined Weak Reference
    _terminate_alloc                          - Undefined Weak Reference
    _terminate_user_alloc                     - Undefined Weak Reference
    _terminateio                              - Undefined Weak Reference
    __Vectors_Size                           0x00000130   Number         0  startup_stm32f10x_hd.o ABSOLUTE
    __Vectors                                0x08000000   Data           4  startup_stm32f10x_hd.o(RESET)
    __Vectors_End                            0x08000130   Data           0  startup_stm32f10x_hd.o(RESET)
    __main                                   0x08000131   Thumb Code     8  __main.o(!!!main)
    __scatterload                            0x08000139   Thumb Code     0  __scatter.o(!!!scatter)
    __scatterload_rt2                        0x08000139   Thumb Code    44  __scatter.o(!!!scatter)
    __scatterload_rt2_thumb_only             0x08000139   Thumb Code     0  __scatter.o(!!!scatter)
    __scatterload_null                       0x08000147   Thumb Code     0  __scatter.o(!!!scatter)
    __scatterload_copy                       0x0800016d   Thumb Code    26  __scatter_copy.o(!!handler_copy)
    __scatterload_zeroinit                   0x08000189   Thumb Code    28  __scatter_zi.o(!!handler_zi)
    _printf_n                                0x080001a5   Thumb Code     0  _printf_n.o(.ARM.Collect$$_printf_percent$$00000001)
    _printf_percent                          0x080001a5   Thumb Code     0  _printf_percent.o(.ARM.Collect$$_printf_percent$$00000000)
    _printf_p                                0x080001ab   Thumb Code     0  _printf_p.o(.ARM.Collect$$_printf_percent$$00000002)
    _printf_f                                0x080001b1   Thumb Code     0  _printf_f.o(.ARM.Collect$$_printf_percent$$00000003)
    _printf_e                                0x080001b7   Thumb Code     0  _printf_e.o(.ARM.Collect$$_printf_percent$$00000004)
    _printf_g                                0x080001bd   Thumb Code     0  _printf_g.o(.ARM.Collect$$_printf_percent$$00000005)
    _printf_a                                0x080001c3   Thumb Code     0  _printf_a.o(.ARM.Collect$$_printf_percent$$00000006)
    _printf_ll                               0x080001c9   Thumb Code     0  _printf_ll.o(.ARM.Collect$$_printf_percent$$00000007)
    _printf_i                                0x080001d3   Thumb Code     0  _printf_i.o(.ARM.Collect$$_printf_percent$$00000008)
    _printf_d                                0x080001d9   Thumb Code     0  _printf_d.o(.ARM.Collect$$_printf_percent$$00000009)
    _printf_u                                0x080001df   Thumb Code     0  _printf_u.o(.ARM.Collect$$_printf_percent$$0000000A)
    _printf_o                                0x080001e5   Thumb Code     0  _printf_o.o(.ARM.Collect$$_printf_percent$$0000000B)
    _printf_x                                0x080001eb   Thumb Code     0  _printf_x.o(.ARM.Collect$$_printf_percent$$0000000C)
    _printf_lli                              0x080001f1   Thumb Code     0  _printf_lli.o(.ARM.Collect$$_printf_percent$$0000000D)
    _printf_lld                              0x080001f7   Thumb Code     0  _printf_lld.o(.ARM.Collect$$_printf_percent$$0000000E)
    _printf_llu                              0x080001fd   Thumb Code     0  _printf_llu.o(.ARM.Collect$$_printf_percent$$0000000F)
    _printf_llo                              0x08000203   Thumb Code     0  _printf_llo.o(.ARM.Collect$$_printf_percent$$00000010)
    _printf_llx                              0x08000209   Thumb Code     0  _printf_llx.o(.ARM.Collect$$_printf_percent$$00000011)
    _printf_l                                0x0800020f   Thumb Code     0  _printf_l.o(.ARM.Collect$$_printf_percent$$00000012)
    _printf_c                                0x08000219   Thumb Code     0  _printf_c.o(.ARM.Collect$$_printf_percent$$00000013)
    _printf_s                                0x0800021f   Thumb Code     0  _printf_s.o(.ARM.Collect$$_printf_percent$$00000014)
    _printf_lc                               0x08000225   Thumb Code     0  _printf_lc.o(.ARM.Collect$$_printf_percent$$00000015)
    _printf_ls                               0x0800022b   Thumb Code     0  _printf_ls.o(.ARM.Collect$$_printf_percent$$00000016)
    _printf_percent_end                      0x08000231   Thumb Code     0  _printf_percent_end.o(.ARM.Collect$$_printf_percent$$00000017)
    __rt_lib_init                            0x08000235   Thumb Code     0  libinit.o(.ARM.Collect$$libinit$$00000000)
    __rt_lib_init_fp_1                       0x08000237   Thumb Code     0  libinit2.o(.ARM.Collect$$libinit$$00000002)
    __rt_lib_init_heap_1                     0x08000237   Thumb Code     0  libinit2.o(.ARM.Collect$$libinit$$0000000A)
    __rt_lib_init_preinit_1                  0x08000237   Thumb Code     0  libinit2.o(.ARM.Collect$$libinit$$00000004)
    __rt_lib_init_rand_2                     0x08000237   Thumb Code     0  libinit2.o(.ARM.Collect$$libinit$$0000000D)
    __rt_lib_init_user_alloc_1               0x08000237   Thumb Code     0  libinit2.o(.ARM.Collect$$libinit$$0000000C)
    __rt_lib_init_lc_common                  0x0800023b   Thumb Code     0  libinit2.o(.ARM.Collect$$libinit$$0000000F)
    __rt_lib_init_rand_1                     0x0800023b   Thumb Code     0  libinit2.o(.ARM.Collect$$libinit$$0000000E)
    __rt_lib_init_lc_collate_1               0x08000241   Thumb Code     0  libinit2.o(.ARM.Collect$$libinit$$00000011)
    __rt_lib_init_lc_ctype_2                 0x08000241   Thumb Code     0  libinit2.o(.ARM.Collect$$libinit$$00000012)
    __rt_lib_init_lc_ctype_1                 0x0800024d   Thumb Code     0  libinit2.o(.ARM.Collect$$libinit$$00000013)
    __rt_lib_init_lc_monetary_1              0x0800024d   Thumb Code     0  libinit2.o(.ARM.Collect$$libinit$$00000015)
    __rt_lib_init_lc_numeric_2               0x0800024d   Thumb Code     0  libinit2.o(.ARM.Collect$$libinit$$00000016)
    __rt_lib_init_alloca_1                   0x08000257   Thumb Code     0  libinit2.o(.ARM.Collect$$libinit$$0000002E)
    __rt_lib_init_argv_1                     0x08000257   Thumb Code     0  libinit2.o(.ARM.Collect$$libinit$$0000002C)
    __rt_lib_init_atexit_1                   0x08000257   Thumb Code     0  libinit2.o(.ARM.Collect$$libinit$$0000001B)
    __rt_lib_init_clock_1                    0x08000257   Thumb Code     0  libinit2.o(.ARM.Collect$$libinit$$00000021)
    __rt_lib_init_cpp_1                      0x08000257   Thumb Code     0  libinit2.o(.ARM.Collect$$libinit$$00000032)
    __rt_lib_init_exceptions_1               0x08000257   Thumb Code     0  libinit2.o(.ARM.Collect$$libinit$$00000030)
    __rt_lib_init_fp_trap_1                  0x08000257   Thumb Code     0  libinit2.o(.ARM.Collect$$libinit$$0000001F)
    __rt_lib_init_getenv_1                   0x08000257   Thumb Code     0  libinit2.o(.ARM.Collect$$libinit$$00000023)
    __rt_lib_init_lc_numeric_1               0x08000257   Thumb Code     0  libinit2.o(.ARM.Collect$$libinit$$00000017)
    __rt_lib_init_lc_time_1                  0x08000257   Thumb Code     0  libinit2.o(.ARM.Collect$$libinit$$00000019)
    __rt_lib_init_return                     0x08000257   Thumb Code     0  libinit2.o(.ARM.Collect$$libinit$$00000033)
    __rt_lib_init_signal_1                   0x08000257   Thumb Code     0  libinit2.o(.ARM.Collect$$libinit$$0000001D)
    __rt_lib_init_stdio_1                    0x08000257   Thumb Code     0  libinit2.o(.ARM.Collect$$libinit$$00000025)
    __rt_lib_shutdown                        0x08000259   Thumb Code     0  libshutdown.o(.ARM.Collect$$libshutdown$$00000000)
    __rt_lib_shutdown_cpp_1                  0x0800025b   Thumb Code     0  libshutdown2.o(.ARM.Collect$$libshutdown$$00000002)
    __rt_lib_shutdown_fp_trap_1              0x0800025b   Thumb Code     0  libshutdown2.o(.ARM.Collect$$libshutdown$$00000007)
    __rt_lib_shutdown_heap_1                 0x0800025b   Thumb Code     0  libshutdown2.o(.ARM.Collect$$libshutdown$$0000000F)
    __rt_lib_shutdown_return                 0x0800025b   Thumb Code     0  libshutdown2.o(.ARM.Collect$$libshutdown$$00000010)
    __rt_lib_shutdown_signal_1               0x0800025b   Thumb Code     0  libshutdown2.o(.ARM.Collect$$libshutdown$$0000000A)
    __rt_lib_shutdown_stdio_1                0x0800025b   Thumb Code     0  libshutdown2.o(.ARM.Collect$$libshutdown$$00000004)
    __rt_lib_shutdown_user_alloc_1           0x0800025b   Thumb Code     0  libshutdown2.o(.ARM.Collect$$libshutdown$$0000000C)
    __rt_entry                               0x0800025d   Thumb Code     0  __rtentry.o(.ARM.Collect$$rtentry$$00000000)
    __rt_entry_presh_1                       0x0800025d   Thumb Code     0  __rtentry2.o(.ARM.Collect$$rtentry$$00000002)
    __rt_entry_sh                            0x0800025d   Thumb Code     0  __rtentry4.o(.ARM.Collect$$rtentry$$00000004)
    __rt_entry_li                            0x08000263   Thumb Code     0  __rtentry2.o(.ARM.Collect$$rtentry$$0000000A)
    __rt_entry_postsh_1                      0x08000263   Thumb Code     0  __rtentry2.o(.ARM.Collect$$rtentry$$00000009)
    __rt_entry_main                          0x08000267   Thumb Code     0  __rtentry2.o(.ARM.Collect$$rtentry$$0000000D)
    __rt_entry_postli_1                      0x08000267   Thumb Code     0  __rtentry2.o(.ARM.Collect$$rtentry$$0000000C)
    __rt_exit                                0x0800026f   Thumb Code     0  rtexit.o(.ARM.Collect$$rtexit$$00000000)
    __rt_exit_ls                             0x08000271   Thumb Code     0  rtexit2.o(.ARM.Collect$$rtexit$$00000003)
    __rt_exit_prels_1                        0x08000271   Thumb Code     0  rtexit2.o(.ARM.Collect$$rtexit$$00000002)
    __rt_exit_exit                           0x08000275   Thumb Code     0  rtexit2.o(.ARM.Collect$$rtexit$$00000004)
    rand                                     0x0800027d   Thumb Code    48  rand.o(.emb_text)
    Reset_Handler                            0x080002b1   Thumb Code     8  startup_stm32f10x_hd.o(.text)
    NMI_Handler                              0x080002b9   Thumb Code     2  startup_stm32f10x_hd.o(.text)
    HardFault_Handler                        0x080002bb   Thumb Code     2  startup_stm32f10x_hd.o(.text)
    MemManage_Handler                        0x080002bd   Thumb Code     2  startup_stm32f10x_hd.o(.text)
    BusFault_Handler                         0x080002bf   Thumb Code     2  startup_stm32f10x_hd.o(.text)
    UsageFault_Handler                       0x080002c1   Thumb Code     2  startup_stm32f10x_hd.o(.text)
    SVC_Handler                              0x080002c3   Thumb Code     2  startup_stm32f10x_hd.o(.text)
    DebugMon_Handler                         0x080002c5   Thumb Code     2  startup_stm32f10x_hd.o(.text)
    PendSV_Handler                           0x080002c7   Thumb Code     2  startup_stm32f10x_hd.o(.text)
    SysTick_Handler                          0x080002c9   Thumb Code     2  startup_stm32f10x_hd.o(.text)
    ADC1_2_IRQHandler                        0x080002cb   Thumb Code     0  startup_stm32f10x_hd.o(.text)
    ADC3_IRQHandler                          0x080002cb   Thumb Code     0  startup_stm32f10x_hd.o(.text)
    CAN1_RX1_IRQHandler                      0x080002cb   Thumb Code     0  startup_stm32f10x_hd.o(.text)
    CAN1_SCE_IRQHandler                      0x080002cb   Thumb Code     0  startup_stm32f10x_hd.o(.text)
    DMA1_Channel1_IRQHandler                 0x080002cb   Thumb Code     0  startup_stm32f10x_hd.o(.text)
    DMA1_Channel2_IRQHandler                 0x080002cb   Thumb Code     0  startup_stm32f10x_hd.o(.text)
    DMA1_Channel3_IRQHandler                 0x080002cb   Thumb Code     0  startup_stm32f10x_hd.o(.text)
    DMA1_Channel4_IRQHandler                 0x080002cb   Thumb Code     0  startup_stm32f10x_hd.o(.text)
    DMA1_Channel5_IRQHandler                 0x080002cb   Thumb Code     0  startup_stm32f10x_hd.o(.text)
    DMA1_Channel6_IRQHandler                 0x080002cb   Thumb Code     0  startup_stm32f10x_hd.o(.text)
    DMA1_Channel7_IRQHandler                 0x080002cb   Thumb Code     0  startup_stm32f10x_hd.o(.text)
    DMA2_Channel1_IRQHandler                 0x080002cb   Thumb Code     0  startup_stm32f10x_hd.o(.text)
    DMA2_Channel2_IRQHandler                 0x080002cb   Thumb Code     0  startup_stm32f10x_hd.o(.text)
    DMA2_Channel3_IRQHandler                 0x080002cb   Thumb Code     0  startup_stm32f10x_hd.o(.text)
    DMA2_Channel4_5_IRQHandler               0x080002cb   Thumb Code     0  startup_stm32f10x_hd.o(.text)
    EXTI0_IRQHandler                         0x080002cb   Thumb Code     0  startup_stm32f10x_hd.o(.text)
    EXTI15_10_IRQHandler                     0x080002cb   Thumb Code     0  startup_stm32f10x_hd.o(.text)
    EXTI1_IRQHandler                         0x080002cb   Thumb Code     0  startup_stm32f10x_hd.o(.text)
    EXTI2_IRQHandler                         0x080002cb   Thumb Code     0  startup_stm32f10x_hd.o(.text)
    EXTI3_IRQHandler                         0x080002cb   Thumb Code     0  startup_stm32f10x_hd.o(.text)
    EXTI4_IRQHandler                         0x080002cb   Thumb Code     0  startup_stm32f10x_hd.o(.text)
    EXTI9_5_IRQHandler                       0x080002cb   Thumb Code     0  startup_stm32f10x_hd.o(.text)
    FLASH_IRQHandler                         0x080002cb   Thumb Code     0  startup_stm32f10x_hd.o(.text)
    FSMC_IRQHandler                          0x080002cb   Thumb Code     0  startup_stm32f10x_hd.o(.text)
    I2C1_ER_IRQHandler                       0x080002cb   Thumb Code     0  startup_stm32f10x_hd.o(.text)
    I2C1_EV_IRQHandler                       0x080002cb   Thumb Code     0  startup_stm32f10x_hd.o(.text)
    I2C2_ER_IRQHandler                       0x080002cb   Thumb Code     0  startup_stm32f10x_hd.o(.text)
    I2C2_EV_IRQHandler                       0x080002cb   Thumb Code     0  startup_stm32f10x_hd.o(.text)
    PVD_IRQHandler                           0x080002cb   Thumb Code     0  startup_stm32f10x_hd.o(.text)
    RCC_IRQHandler                           0x080002cb   Thumb Code     0  startup_stm32f10x_hd.o(.text)
    RTCAlarm_IRQHandler                      0x080002cb   Thumb Code     0  startup_stm32f10x_hd.o(.text)
    RTC_IRQHandler                           0x080002cb   Thumb Code     0  startup_stm32f10x_hd.o(.text)
    SDIO_IRQHandler                          0x080002cb   Thumb Code     0  startup_stm32f10x_hd.o(.text)
    SPI1_IRQHandler                          0x080002cb   Thumb Code     0  startup_stm32f10x_hd.o(.text)
    SPI2_IRQHandler                          0x080002cb   Thumb Code     0  startup_stm32f10x_hd.o(.text)
    SPI3_IRQHandler                          0x080002cb   Thumb Code     0  startup_stm32f10x_hd.o(.text)
    TAMPER_IRQHandler                        0x080002cb   Thumb Code     0  startup_stm32f10x_hd.o(.text)
    TIM1_BRK_IRQHandler                      0x080002cb   Thumb Code     0  startup_stm32f10x_hd.o(.text)
    TIM1_CC_IRQHandler                       0x080002cb   Thumb Code     0  startup_stm32f10x_hd.o(.text)
    TIM1_TRG_COM_IRQHandler                  0x080002cb   Thumb Code     0  startup_stm32f10x_hd.o(.text)
    TIM1_UP_IRQHandler                       0x080002cb   Thumb Code     0  startup_stm32f10x_hd.o(.text)
    TIM3_IRQHandler                          0x080002cb   Thumb Code     0  startup_stm32f10x_hd.o(.text)
    TIM4_IRQHandler                          0x080002cb   Thumb Code     0  startup_stm32f10x_hd.o(.text)
    TIM5_IRQHandler                          0x080002cb   Thumb Code     0  startup_stm32f10x_hd.o(.text)
    TIM6_IRQHandler                          0x080002cb   Thumb Code     0  startup_stm32f10x_hd.o(.text)
    TIM7_IRQHandler                          0x080002cb   Thumb Code     0  startup_stm32f10x_hd.o(.text)
    TIM8_BRK_IRQHandler                      0x080002cb   Thumb Code     0  startup_stm32f10x_hd.o(.text)
    TIM8_CC_IRQHandler                       0x080002cb   Thumb Code     0  startup_stm32f10x_hd.o(.text)
    TIM8_TRG_COM_IRQHandler                  0x080002cb   Thumb Code     0  startup_stm32f10x_hd.o(.text)
    TIM8_UP_IRQHandler                       0x080002cb   Thumb Code     0  startup_stm32f10x_hd.o(.text)
    UART4_IRQHandler                         0x080002cb   Thumb Code     0  startup_stm32f10x_hd.o(.text)
    UART5_IRQHandler                         0x080002cb   Thumb Code     0  startup_stm32f10x_hd.o(.text)
    USART1_IRQHandler                        0x080002cb   Thumb Code     0  startup_stm32f10x_hd.o(.text)
    USART2_IRQHandler                        0x080002cb   Thumb Code     0  startup_stm32f10x_hd.o(.text)
    USART3_IRQHandler                        0x080002cb   Thumb Code     0  startup_stm32f10x_hd.o(.text)
    USBWakeUp_IRQHandler                     0x080002cb   Thumb Code     0  startup_stm32f10x_hd.o(.text)
    USB_HP_CAN1_TX_IRQHandler                0x080002cb   Thumb Code     0  startup_stm32f10x_hd.o(.text)
    USB_LP_CAN1_RX0_IRQHandler               0x080002cb   Thumb Code     0  startup_stm32f10x_hd.o(.text)
    WWDG_IRQHandler                          0x080002cb   Thumb Code     0  startup_stm32f10x_hd.o(.text)
    __user_initial_stackheap                 0x080002cd   Thumb Code     0  startup_stm32f10x_hd.o(.text)
    vsprintf                                 0x080002f1   Thumb Code    32  vsprintf.o(.text)
    srand                                    0x08000315   Thumb Code    42  rand.o(.text)
    _rand_init                               0x0800033f   Thumb Code     4  rand.o(.text)
    __aeabi_memcpy4                          0x08000351   Thumb Code     0  rt_memcpy_w.o(.text)
    __aeabi_memcpy8                          0x08000351   Thumb Code     0  rt_memcpy_w.o(.text)
    __rt_memcpy_w                            0x08000351   Thumb Code   100  rt_memcpy_w.o(.text)
    _memcpy_lastbytes_aligned                0x08000399   Thumb Code     0  rt_memcpy_w.o(.text)
    strcmp                                   0x080003b5   Thumb Code   128  strcmpv7m.o(.text)
    localtime                                0x08000435   Thumb Code     6  localtime.o(.text)
    mktime                                   0x0800047f   Thumb Code   356  mktime.o(.text)
    __use_two_region_memory                  0x080005ed   Thumb Code     2  heapauxi.o(.text)
    __rt_heap_escrow$2region                 0x080005ef   Thumb Code     2  heapauxi.o(.text)
    __rt_heap_expand$2region                 0x080005f1   Thumb Code     2  heapauxi.o(.text)
    __read_errno                             0x080005f3   Thumb Code    10  _rserrno.o(.text)
    __set_errno                              0x080005fd   Thumb Code    12  _rserrno.o(.text)
    _printf_pre_padding                      0x08000609   Thumb Code    44  _printf_pad.o(.text)
    _printf_post_padding                     0x08000635   Thumb Code    34  _printf_pad.o(.text)
    _printf_truncate_signed                  0x08000657   Thumb Code    18  _printf_truncate.o(.text)
    _printf_truncate_unsigned                0x08000669   Thumb Code    18  _printf_truncate.o(.text)
    _printf_str                              0x0800067b   Thumb Code    82  _printf_str.o(.text)
    _printf_int_dec                          0x080006cd   Thumb Code   104  _printf_dec.o(.text)
    _printf_charcount                        0x08000745   Thumb Code    40  _printf_charcount.o(.text)
    _printf_char_common                      0x08000777   Thumb Code    32  _printf_char_common.o(.text)
    _sputc                                   0x0800079d   Thumb Code    10  _sputc.o(.text)
    _printf_wctomb                           0x080007a9   Thumb Code   182  _printf_wctomb.o(.text)
    _printf_longlong_dec                     0x08000865   Thumb Code   108  _printf_longlong_dec.o(.text)
    _printf_longlong_oct                     0x080008e1   Thumb Code    66  _printf_oct_int_ll.o(.text)
    _printf_int_oct                          0x08000923   Thumb Code    24  _printf_oct_int_ll.o(.text)
    _printf_ll_oct                           0x0800093b   Thumb Code    12  _printf_oct_int_ll.o(.text)
    _printf_longlong_hex                     0x08000951   Thumb Code    86  _printf_hex_int_ll_ptr.o(.text)
    _printf_int_hex                          0x080009a7   Thumb Code    28  _printf_hex_int_ll_ptr.o(.text)
    _printf_ll_hex                           0x080009c3   Thumb Code    12  _printf_hex_int_ll_ptr.o(.text)
    _printf_hex_ptr                          0x080009cf   Thumb Code    18  _printf_hex_int_ll_ptr.o(.text)
    __printf                                 0x080009e5   Thumb Code   388  __printf_flags_ss_wp.o(.text)
    _localtime_r                             0x08000b6d   Thumb Code   178  localtime_internal.o(.text)
    _n$localtime_r                           0x08000b6d   Thumb Code     0  localtime_internal.o(.text)
    __aeabi_errno_addr                       0x08000c25   Thumb Code     8  rt_errno_addr_intlibspace.o(.text)
    __errno$intlibspace                      0x08000c25   Thumb Code     0  rt_errno_addr_intlibspace.o(.text)
    __rt_errno_addr$intlibspace              0x08000c25   Thumb Code     0  rt_errno_addr_intlibspace.o(.text)
    _ll_udiv10                               0x08000c2d   Thumb Code   138  lludiv10.o(.text)
    _printf_int_common                       0x08000cb7   Thumb Code   178  _printf_intcommon.o(.text)
    __lib_sel_fp_printf                      0x08000d69   Thumb Code     2  _printf_fp_dec.o(.text)
    _printf_fp_dec_real                      0x08000f1b   Thumb Code   620  _printf_fp_dec.o(.text)
    _printf_fp_hex_real                      0x08001189   Thumb Code   756  _printf_fp_hex.o(.text)
    _printf_cs_common                        0x08001485   Thumb Code    20  _printf_char.o(.text)
    _printf_char                             0x08001499   Thumb Code    16  _printf_char.o(.text)
    _printf_string                           0x080014a9   Thumb Code     8  _printf_char.o(.text)
    _printf_lcs_common                       0x080014b1   Thumb Code    20  _printf_wchar.o(.text)
    _printf_wchar                            0x080014c5   Thumb Code    16  _printf_wchar.o(.text)
    _printf_wstring                          0x080014d5   Thumb Code     8  _printf_wchar.o(.text)
    _wcrtomb                                 0x080014dd   Thumb Code    64  _wcrtomb.o(.text)
    __aeabi_memclr4                          0x0800151d   Thumb Code     0  rt_memclr_w.o(.text)
    __aeabi_memclr8                          0x0800151d   Thumb Code     0  rt_memclr_w.o(.text)
    __rt_memclr_w                            0x0800151d   Thumb Code    78  rt_memclr_w.o(.text)
    _memset_w                                0x08001521   Thumb Code     0  rt_memclr_w.o(.text)
    __user_libspace                          0x0800156d   Thumb Code     8  libspace.o(.text)
    __user_perproc_libspace                  0x0800156d   Thumb Code     0  libspace.o(.text)
    __user_perthread_libspace                0x0800156d   Thumb Code     0  libspace.o(.text)
    __user_setup_stackheap                   0x08001575   Thumb Code    74  sys_stackheap_outer.o(.text)
    __rt_ctype_table                         0x080015c1   Thumb Code    16  rt_ctype_table.o(.text)
    __rt_locale                              0x080015d1   Thumb Code     8  rt_locale_intlibspace.o(.text)
    _printf_fp_infnan                        0x080015d9   Thumb Code   112  _printf_fp_infnan.o(.text)
    _btod_etento                             0x08001659   Thumb Code   224  bigflt0.o(.text)
    exit                                     0x0800173d   Thumb Code    18  exit.o(.text)
    __I$use$semihosting                      0x0800174f   Thumb Code     0  use_no_semi.o(.text)
    __use_no_semihosting_swi                 0x0800174f   Thumb Code     2  use_no_semi.o(.text)
    __semihosting_library_function           0x08001751   Thumb Code     0  indicate_semi.o(.text)
    _sys_exit                                0x08001751   Thumb Code     8  sys_exit.o(.text)
    _btod_d2e                                0x0800175d   Thumb Code    62  btod.o(CL$$btod_d2e)
    _d2e_denorm_low                          0x0800179b   Thumb Code    70  btod.o(CL$$btod_d2e_denorm_low)
    _d2e_norm_op1                            0x080017e1   Thumb Code    96  btod.o(CL$$btod_d2e_norm_op1)
    __btod_div_common                        0x08001841   Thumb Code   696  btod.o(CL$$btod_div_common)
    _e2e                                     0x08001b79   Thumb Code   220  btod.o(CL$$btod_e2e)
    _btod_ediv                               0x08001c55   Thumb Code    42  btod.o(CL$$btod_ediv)
    _btod_emul                               0x08001c7f   Thumb Code    42  btod.o(CL$$btod_emul)
    __btod_mult_common                       0x08001ca9   Thumb Code   580  btod.o(CL$$btod_mult_common)
    ADC1_Init                                0x08001eed   Thumb Code   144  adc.o(i.ADC1_Init)
    ADC1_ReadV                               0x08001f89   Thumb Code    38  adc.o(i.ADC1_ReadV)
    ADC1_StartConvert                        0x08001fbd   Thumb Code    66  adc.o(i.ADC1_StartConvert)
    Delay_ms                                 0x08002005   Thumb Code    26  delay.o(i.Delay_ms)
    Delay_s                                  0x0800201f   Thumb Code    26  delay.o(i.Delay_s)
    Delay_us                                 0x08002039   Thumb Code    56  delay.o(i.Delay_us)
    Dino_Game                                0x08002071   Thumb Code    54  dino.o(i.Dino_Game)
    Dino_Tick                                0x080020b1   Thumb Code   192  dino.o(i.Dino_Tick)
    First_Page_Clock                         0x08002195   Thumb Code   172  menu.o(i.First_Page_Clock)
    FlashLight_Page                          0x08002245   Thumb Code   222  flashlight.o(i.FlashLight_Page)
    Game_Page                                0x08002325   Thumb Code   172  game.o(i.Game_Page)
    Gradienter_Page                          0x080023d5   Thumb Code    42  gradienter.o(i.Gradienter_Page)
    I2C_Ack                                  0x08002401   Thumb Code   104  i2c.o(i.I2C_Ack)
    I2C_Init                                 0x0800246d   Thumb Code    46  i2c.o(i.I2C_Init)
    I2C_Nack                                 0x080024a5   Thumb Code    68  i2c.o(i.I2C_Nack)
    I2C_ReadByte                             0x080024ed   Thumb Code    94  i2c.o(i.I2C_ReadByte)
    I2C_SendByte                             0x08002551   Thumb Code   124  i2c.o(i.I2C_SendByte)
    I2C_Start                                0x080025d1   Thumb Code    50  i2c.o(i.I2C_Start)
    I2C_Stop                                 0x08002609   Thumb Code    50  i2c.o(i.I2C_Stop)
    IsColliding                              0x08002641   Thumb Code    80  dino.o(i.IsColliding)
    Key_GetNum                               0x0800269d   Thumb Code    24  key.o(i.Key_GetNum)
    Key_GetState                             0x080026b9   Thumb Code    46  key.o(i.Key_GetState)
    Key_Init                                 0x080026f1   Thumb Code   128  key.o(i.Key_Init)
    Key_Tick                                 0x0800277d   Thumb Code    62  key.o(i.Key_Tick)
    LED_Init                                 0x080027cd   Thumb Code    52  led.o(i.LED_Init)
    LED_Off                                  0x08002809   Thumb Code    14  led.o(i.LED_Off)
    LED_On                                   0x0800281d   Thumb Code    14  led.o(i.LED_On)
    MPU6050_Calculation                      0x08002831   Thumb Code   402  mpu6050.o(i.MPU6050_Calculation)
    MPU6050_GetData                          0x08002a0d   Thumb Code   156  mpu6050.o(i.MPU6050_GetData)
    MPU6050_Init                             0x08002aa9   Thumb Code    56  mpu6050.o(i.MPU6050_Init)
    MPU6050_Page                             0x08002ae1   Thumb Code    58  mpu6050.o(i.MPU6050_Page)
    MPU6050_Read                             0x08002b1b   Thumb Code    60  mpu6050.o(i.MPU6050_Read)
    MPU6050_Write                            0x08002b57   Thumb Code    46  mpu6050.o(i.MPU6050_Write)
    MenuToFunction                           0x08002b85   Thumb Code   132  menu.o(i.MenuToFunction)
    Menu_Page                                0x08002c15   Thumb Code   276  menu.o(i.Menu_Page)
    Menu_UI                                  0x08002d41   Thumb Code   360  menu.o(i.Menu_UI)
    MyRTC_Init                               0x08002ec5   Thumb Code   206  myrtc.o(i.MyRTC_Init)
    MyRTC_ReadTime                           0x08002fa5   Thumb Code    94  myrtc.o(i.MyRTC_ReadTime)
    MyRTC_SetTime                            0x0800300d   Thumb Code   148  myrtc.o(i.MyRTC_SetTime)
    OLED_Clear                               0x080030a9   Thumb Code    36  oled.o(i.OLED_Clear)
    OLED_ClearArea                           0x080030d1   Thumb Code   140  oled.o(i.OLED_ClearArea)
    OLED_DrawCircle                          0x08003161   Thumb Code   352  oled.o(i.OLED_DrawCircle)
    OLED_DrawPoint                           0x080032c1   Thumb Code    76  oled.o(i.OLED_DrawPoint)
    OLED_GPIO_Init                           0x08003311   Thumb Code    74  oled.o(i.OLED_GPIO_Init)
    OLED_I2C_SendByte                        0x08003365   Thumb Code    62  oled.o(i.OLED_I2C_SendByte)
    OLED_I2C_Start                           0x080033a3   Thumb Code    28  oled.o(i.OLED_I2C_Start)
    OLED_I2C_Stop                            0x080033bf   Thumb Code    22  oled.o(i.OLED_I2C_Stop)
    OLED_Init                                0x080033d5   Thumb Code   154  oled.o(i.OLED_Init)
    OLED_Pow                                 0x0800346f   Thumb Code    20  oled.o(i.OLED_Pow)
    OLED_Printf                              0x08003483   Thumb Code    50  oled.o(i.OLED_Printf)
    OLED_ReverseArea                         0x080034b5   Thumb Code   140  oled.o(i.OLED_ReverseArea)
    OLED_SetCursor                           0x08003545   Thumb Code    34  oled.o(i.OLED_SetCursor)
    OLED_ShowChar                            0x08003569   Thumb Code   108  oled.o(i.OLED_ShowChar)
    OLED_ShowImage                           0x080035e1   Thumb Code   248  oled.o(i.OLED_ShowImage)
    OLED_ShowNum                             0x080036dd   Thumb Code    76  oled.o(i.OLED_ShowNum)
    OLED_ShowString                          0x08003729   Thumb Code   442  oled.o(i.OLED_ShowString)
    OLED_Update                              0x080038ed   Thumb Code    36  oled.o(i.OLED_Update)
    OLED_W_SCL                               0x08003915   Thumb Code    30  oled.o(i.OLED_W_SCL)
    OLED_W_SDA                               0x08003939   Thumb Code    30  oled.o(i.OLED_W_SDA)
    OLED_WriteCommand                        0x0800395d   Thumb Code    32  oled.o(i.OLED_WriteCommand)
    OLED_WriteData                           0x0800397d   Thumb Code    46  oled.o(i.OLED_WriteData)
    RTC_Time_change                          0x080039ad   Thumb Code    54  settime.o(i.RTC_Time_change)
    SetDay                                   0x080039e9   Thumb Code   134  settime.o(i.SetDay)
    SetHour                                  0x08003a75   Thumb Code   134  settime.o(i.SetHour)
    SetMin                                   0x08003b01   Thumb Code   134  settime.o(i.SetMin)
    SetMonth                                 0x08003b8d   Thumb Code   134  settime.o(i.SetMonth)
    SetSec                                   0x08003c19   Thumb Code   134  settime.o(i.SetSec)
    SetYear                                  0x08003d8d   Thumb Code    94  settime.o(i.SetYear)
    Set_Selection                            0x08003ded   Thumb Code    40  menu.o(i.Set_Selection)
    Set_Time                                 0x08003e21   Thumb Code   364  settime.o(i.Set_Time)
    Setting_Page                             0x08003f91   Thumb Code   172  menu.o(i.Setting_Page)
    Show_Barrier                             0x08004041   Thumb Code    94  dino.o(i.Show_Barrier)
    Show_Battery_UI                          0x080040b1   Thumb Code   264  menu.o(i.Show_Battery_UI)
    Show_Clock_UI                            0x080041c5   Thumb Code   112  menu.o(i.Show_Clock_UI)
    Show_Cloud                               0x08004265   Thumb Code    26  dino.o(i.Show_Cloud)
    Show_Dino                                0x08004289   Thumb Code   224  dino.o(i.Show_Dino)
    Show_FlashLight_UI                       0x0800438d   Thumb Code    44  flashlight.o(i.Show_FlashLight_UI)
    Show_Game_UI                             0x080043c5   Thumb Code    32  game.o(i.Show_Game_UI)
    Show_Gradienter_UI                       0x080043f9   Thumb Code    72  gradienter.o(i.Show_Gradienter_UI)
    Show_Ground                              0x08004449   Thumb Code   194  dino.o(i.Show_Ground)
    Show_MPU6050_UI                          0x08004515   Thumb Code    92  mpu6050.o(i.Show_MPU6050_UI)
    Show_Score                               0x080045a5   Thumb Code    22  dino.o(i.Show_Score)
    Show_SetTime_First_UI                    0x080045c1   Thumb Code    80  settime.o(i.Show_SetTime_First_UI)
    Show_SetTime_Second_UI                   0x08004631   Thumb Code    64  settime.o(i.Show_SetTime_Second_UI)
    Show_Setting_UI                          0x0800468d   Thumb Code    32  menu.o(i.Show_Setting_UI)
    Show_StopWatch_UI                        0x080046c5   Thumb Code    86  stopwatch.o(i.Show_StopWatch_UI)
    StopWatch_Page                           0x08004755   Thumb Code   276  stopwatch.o(i.StopWatch_Page)
    StopWatch_Tick                           0x0800487d   Thumb Code   100  stopwatch.o(i.StopWatch_Tick)
    SystemInit                               0x080048f5   Thumb Code    78  system_stm32f10x.o(i.SystemInit)
    TIM2_IRQHandler                          0x08004955   Thumb Code    44  timer.o(i.TIM2_IRQHandler)
    Timer_Init                               0x08004981   Thumb Code   124  timer.o(i.Timer_Init)
    __ARM_fpclassify                         0x08004a0d   Thumb Code    40  fpclassify.o(i.__ARM_fpclassify)
    __ieee754_rem_pio2                       0x08004a35   Thumb Code   828  rred.o(i.__ieee754_rem_pio2)
    __kernel_cos                             0x08004dbd   Thumb Code   230  cos_i.o(i.__kernel_cos)
    __kernel_poly                            0x08004eb9   Thumb Code   170  poly.o(i.__kernel_poly)
    __kernel_sin                             0x08004f65   Thumb Code   224  sin_i.o(i.__kernel_sin)
    __mathlib_dbl_infnan                     0x08005051   Thumb Code     6  dunder.o(i.__mathlib_dbl_infnan)
    __mathlib_dbl_infnan2                    0x08005057   Thumb Code     4  dunder.o(i.__mathlib_dbl_infnan2)
    __mathlib_dbl_invalid                    0x0800505b   Thumb Code    12  dunder.o(i.__mathlib_dbl_invalid)
    __mathlib_dbl_underflow                  0x08005069   Thumb Code    10  dunder.o(i.__mathlib_dbl_underflow)
    _is_digit                                0x08005079   Thumb Code    14  __printf_wp.o(i._is_digit)
    atan                                     0x08005089   Thumb Code   474  atan.o(i.atan)
    atan2                                    0x080052a9   Thumb Code   346  atan2.o(i.atan2)
    main                                     0x08005429   Thumb Code    38  main.o(i.main)
    menu_Init                                0x0800544f   Thumb Code    36  menu.o(i.menu_Init)
    sin                                      0x08005475   Thumb Code   150  sin.o(i.sin)
    _get_lc_numeric                          0x08005515   Thumb Code    44  lc_numeric_c.o(locale$$code)
    _get_lc_ctype                            0x08005541   Thumb Code    44  lc_ctype_c.o(locale$$code)
    __aeabi_d2f                              0x0800556d   Thumb Code     0  d2f.o(x$fpl$d2f)
    _d2f                                     0x0800556d   Thumb Code    98  d2f.o(x$fpl$d2f)
    __aeabi_dadd                             0x080055d1   Thumb Code     0  daddsub_clz.o(x$fpl$dadd)
    _dadd                                    0x080055d1   Thumb Code   332  daddsub_clz.o(x$fpl$dadd)
    __fpl_dcheck_NaN1                        0x08005721   Thumb Code    10  dcheck1.o(x$fpl$dcheck1)
    __aeabi_ddiv                             0x08005731   Thumb Code     0  ddiv.o(x$fpl$ddiv)
    _ddiv                                    0x08005731   Thumb Code   552  ddiv.o(x$fpl$ddiv)
    __aeabi_d2iz                             0x080059e1   Thumb Code     0  dfix.o(x$fpl$dfix)
    _dfix                                    0x080059e1   Thumb Code    94  dfix.o(x$fpl$dfix)
    __aeabi_d2uiz                            0x08005a41   Thumb Code     0  dfixu.o(x$fpl$dfixu)
    _dfixu                                   0x08005a41   Thumb Code    90  dfixu.o(x$fpl$dfixu)
    __aeabi_i2d                              0x08005a9b   Thumb Code     0  dflt_clz.o(x$fpl$dflt)
    _dflt                                    0x08005a9b   Thumb Code    46  dflt_clz.o(x$fpl$dflt)
    __aeabi_ui2d                             0x08005ac9   Thumb Code     0  dflt_clz.o(x$fpl$dfltu)
    _dfltu                                   0x08005ac9   Thumb Code    38  dflt_clz.o(x$fpl$dfltu)
    __aeabi_dmul                             0x08005af1   Thumb Code     0  dmul.o(x$fpl$dmul)
    _dmul                                    0x08005af1   Thumb Code   332  dmul.o(x$fpl$dmul)
    __fpl_dnaninf                            0x08005c45   Thumb Code   156  dnaninf.o(x$fpl$dnaninf)
    __fpl_dretinf                            0x08005ce1   Thumb Code    12  dretinf.o(x$fpl$dretinf)
    __aeabi_drsub                            0x08005ced   Thumb Code     0  daddsub_clz.o(x$fpl$drsb)
    _drsb                                    0x08005ced   Thumb Code    22  daddsub_clz.o(x$fpl$drsb)
    __aeabi_dsub                             0x08005d05   Thumb Code     0  daddsub_clz.o(x$fpl$dsub)
    _dsub                                    0x08005d05   Thumb Code   464  daddsub_clz.o(x$fpl$dsub)
    __aeabi_f2d                              0x08005ed9   Thumb Code     0  f2d.o(x$fpl$f2d)
    _f2d                                     0x08005ed9   Thumb Code    86  f2d.o(x$fpl$f2d)
    __aeabi_fadd                             0x08005f31   Thumb Code     0  faddsub_clz.o(x$fpl$fadd)
    _fadd                                    0x08005f31   Thumb Code   196  faddsub_clz.o(x$fpl$fadd)
    __aeabi_f2iz                             0x08005ff5   Thumb Code     0  ffix.o(x$fpl$ffix)
    _ffix                                    0x08005ff5   Thumb Code    54  ffix.o(x$fpl$ffix)
    __aeabi_i2f                              0x0800602d   Thumb Code     0  fflt_clz.o(x$fpl$fflt)
    _fflt                                    0x0800602d   Thumb Code    48  fflt_clz.o(x$fpl$fflt)
    __aeabi_fmul                             0x0800605d   Thumb Code     0  fmul.o(x$fpl$fmul)
    _fmul                                    0x0800605d   Thumb Code   258  fmul.o(x$fpl$fmul)
    __fpl_fnaninf                            0x0800615f   Thumb Code   140  fnaninf.o(x$fpl$fnaninf)
    __fpl_fretinf                            0x080061eb   Thumb Code    10  fretinf.o(x$fpl$fretinf)
    __aeabi_fsub                             0x080061f5   Thumb Code     0  faddsub_clz.o(x$fpl$fsub)
    _fsub                                    0x080061f5   Thumb Code   234  faddsub_clz.o(x$fpl$fsub)
    _printf_fp_dec                           0x080062df   Thumb Code     4  printf1.o(x$fpl$printf1)
    _printf_fp_hex                           0x080062e3   Thumb Code     4  printf2.o(x$fpl$printf2)
    __fpl_return_NaN                         0x080062e7   Thumb Code   100  retnan.o(x$fpl$retnan)
    __ARM_scalbn                             0x0800634b   Thumb Code    92  scalbn.o(x$fpl$scalbn)
    __fpl_cmpreturn                          0x080063a7   Thumb Code    48  trapv.o(x$fpl$trapveneer)
    OLED_F8x16                               0x080063d6   Data        1520  oled_data.o(.constdata)
    __I$use$fp                               0x080063d6   Number         0  usenofp.o(x$fpl$usenofp)
    OLED_F6x8                                0x080069c6   Data         570  oled_data.o(.constdata)
    OLED_F12x24                              0x08006c00   Data        3420  oled_data.o(.constdata)
    OLED_CF16x16                             0x0800795c   Data        1147  oled_data.o(.constdata)
    Diode                                    0x08007dd7   Data          32  oled_data.o(.constdata)
    Return                                   0x08007df7   Data          32  oled_data.o(.constdata)
    Menu_Graph                               0x08007e17   Data        1024  oled_data.o(.constdata)
    Frame                                    0x08008217   Data         264  oled_data.o(.constdata)
    Ground                                   0x0800831f   Data         256  oled_data.o(.constdata)
    Barrier                                  0x0800841f   Data         144  oled_data.o(.constdata)
    Cloud                                    0x080084af   Data          16  oled_data.o(.constdata)
    Dino                                     0x080084bf   Data         144  oled_data.o(.constdata)
    Battery                                  0x0800854f   Data          32  oled_data.o(.constdata)
    _monlen                                  0x080085b1   Data          12  _monlen.o(.constdata)
    __mathlib_zero                           0x08008688   Data           8  qnan.o(.constdata)
    Region$$Table$$Base                      0x0800883c   Number         0  anon$$obj.o(Region$$Table)
    Region$$Table$$Limit                     0x0800885c   Number         0  anon$$obj.o(Region$$Table)
    __ctype                                  0x08008885   Data           0  lc_ctype_c.o(locale$$data)
    MyRTC_Time                               0x20000000   Data          12  myrtc.o(.data)
    Key_Num                                  0x2000000c   Data           1  key.o(.data)
    AD_value                                 0x20000010   Data           2  menu.o(.data)
    Battery_Capacity                         0x20000014   Data           4  menu.o(.data)
    menu_state                               0x20000018   Data           1  menu.o(.data)
    pre_selection                            0x20000019   Data           1  menu.o(.data)
    target_selection                         0x2000001a   Data           1  menu.o(.data)
    x_pre                                    0x2000001b   Data           1  menu.o(.data)
    Speed                                    0x2000001c   Data           1  menu.o(.data)
    hour                                     0x20000034   Data           1  stopwatch.o(.data)
    min                                      0x20000035   Data           1  stopwatch.o(.data)
    sec                                      0x20000036   Data           1  stopwatch.o(.data)
    start_timing_flag                        0x20000037   Data           1  stopwatch.o(.data)
    ax                                       0x20000040   Data           2  mpu6050.o(.data)
    ay                                       0x20000042   Data           2  mpu6050.o(.data)
    az                                       0x20000044   Data           2  mpu6050.o(.data)
    gx                                       0x20000046   Data           2  mpu6050.o(.data)
    gy                                       0x20000048   Data           2  mpu6050.o(.data)
    gz                                       0x2000004a   Data           2  mpu6050.o(.data)
    roll_g                                   0x2000004c   Data           4  mpu6050.o(.data)
    pitch_g                                  0x20000050   Data           4  mpu6050.o(.data)
    yaw_g                                    0x20000054   Data           4  mpu6050.o(.data)
    roll_a                                   0x20000058   Data           4  mpu6050.o(.data)
    pitch_a                                  0x2000005c   Data           4  mpu6050.o(.data)
    Roll                                     0x20000060   Data           4  mpu6050.o(.data)
    Pitch                                    0x20000064   Data           4  mpu6050.o(.data)
    Yaw                                      0x20000068   Data           4  mpu6050.o(.data)
    a                                        0x2000006c   Data           4  mpu6050.o(.data)
    Delta_t                                  0x20000070   Data           4  mpu6050.o(.data)
    Score                                    0x20000078   Data           4  dino.o(.data)
    Ground_Pos                               0x2000007c   Data           2  dino.o(.data)
    Barrier_Pos                              0x2000007e   Data           1  dino.o(.data)
    Barrier_Flag                             0x2000007f   Data           1  dino.o(.data)
    Cloud_Pos                                0x20000080   Data           1  dino.o(.data)
    dino_jump_flag                           0x20000081   Data           1  dino.o(.data)
    Jump_Pos                                 0x20000082   Data           1  dino.o(.data)
    jump_t                                   0x20000084   Data           2  dino.o(.data)
    barrier                                  0x20000086   Data           4  dino.o(.data)
    pi                                       0x20000090   Data           8  dino.o(.data)
    dino                                     0x20000098   Data           4  dino.o(.data)
    OLED_DisplayBuf                          0x200000a4   Data        1024  oled.o(.bss)
    _random_number_data                      0x200004a4   Data         228  rand.o(.bss)
    __libspace_start                         0x200005b4   Data          96  libspace.o(.bss)
    __temporary_stack_top$libspace           0x20000614   Data           0  libspace.o(.bss)



==============================================================================

Memory Map of the image

  Image Entry point : 0x08000131

  Load Region LR_IROM1 (Base: 0x08000000, Size: 0x00008a2c, Max: 0x00010000, ABSOLUTE)

    Execution Region ER_IROM1 (Exec base: 0x08000000, Load base: 0x08000000, Size: 0x00008988, Max: 0x00010000, ABSOLUTE)

    Exec Addr    Load Addr    Size         Type   Attr      Idx    E Section Name        Object

    0x08000000   0x08000000   0x00000130   Data   RO           19    RESET               startup_stm32f10x_hd.o
    0x08000130   0x08000130   0x00000008   Code   RO         1052  * !!!main             c_w.l(__main.o)
    0x08000138   0x08000138   0x00000034   Code   RO         1518    !!!scatter          c_w.l(__scatter.o)
    0x0800016c   0x0800016c   0x0000001a   Code   RO         1520    !!handler_copy      c_w.l(__scatter_copy.o)
    0x08000186   0x08000186   0x00000002   PAD
    0x08000188   0x08000188   0x0000001c   Code   RO         1522    !!handler_zi        c_w.l(__scatter_zi.o)
    0x080001a4   0x080001a4   0x00000000   Code   RO         1210    .ARM.Collect$$_printf_percent$$00000000  c_w.l(_printf_percent.o)
    0x080001a4   0x080001a4   0x00000006   Code   RO         1199    .ARM.Collect$$_printf_percent$$00000001  c_w.l(_printf_n.o)
    0x080001aa   0x080001aa   0x00000006   Code   RO         1201    .ARM.Collect$$_printf_percent$$00000002  c_w.l(_printf_p.o)
    0x080001b0   0x080001b0   0x00000006   Code   RO         1206    .ARM.Collect$$_printf_percent$$00000003  c_w.l(_printf_f.o)
    0x080001b6   0x080001b6   0x00000006   Code   RO         1207    .ARM.Collect$$_printf_percent$$00000004  c_w.l(_printf_e.o)
    0x080001bc   0x080001bc   0x00000006   Code   RO         1208    .ARM.Collect$$_printf_percent$$00000005  c_w.l(_printf_g.o)
    0x080001c2   0x080001c2   0x00000006   Code   RO         1209    .ARM.Collect$$_printf_percent$$00000006  c_w.l(_printf_a.o)
    0x080001c8   0x080001c8   0x0000000a   Code   RO         1214    .ARM.Collect$$_printf_percent$$00000007  c_w.l(_printf_ll.o)
    0x080001d2   0x080001d2   0x00000006   Code   RO         1203    .ARM.Collect$$_printf_percent$$00000008  c_w.l(_printf_i.o)
    0x080001d8   0x080001d8   0x00000006   Code   RO         1204    .ARM.Collect$$_printf_percent$$00000009  c_w.l(_printf_d.o)
    0x080001de   0x080001de   0x00000006   Code   RO         1205    .ARM.Collect$$_printf_percent$$0000000A  c_w.l(_printf_u.o)
    0x080001e4   0x080001e4   0x00000006   Code   RO         1202    .ARM.Collect$$_printf_percent$$0000000B  c_w.l(_printf_o.o)
    0x080001ea   0x080001ea   0x00000006   Code   RO         1200    .ARM.Collect$$_printf_percent$$0000000C  c_w.l(_printf_x.o)
    0x080001f0   0x080001f0   0x00000006   Code   RO         1211    .ARM.Collect$$_printf_percent$$0000000D  c_w.l(_printf_lli.o)
    0x080001f6   0x080001f6   0x00000006   Code   RO         1212    .ARM.Collect$$_printf_percent$$0000000E  c_w.l(_printf_lld.o)
    0x080001fc   0x080001fc   0x00000006   Code   RO         1213    .ARM.Collect$$_printf_percent$$0000000F  c_w.l(_printf_llu.o)
    0x08000202   0x08000202   0x00000006   Code   RO         1218    .ARM.Collect$$_printf_percent$$00000010  c_w.l(_printf_llo.o)
    0x08000208   0x08000208   0x00000006   Code   RO         1219    .ARM.Collect$$_printf_percent$$00000011  c_w.l(_printf_llx.o)
    0x0800020e   0x0800020e   0x0000000a   Code   RO         1215    .ARM.Collect$$_printf_percent$$00000012  c_w.l(_printf_l.o)
    0x08000218   0x08000218   0x00000006   Code   RO         1197    .ARM.Collect$$_printf_percent$$00000013  c_w.l(_printf_c.o)
    0x0800021e   0x0800021e   0x00000006   Code   RO         1198    .ARM.Collect$$_printf_percent$$00000014  c_w.l(_printf_s.o)
    0x08000224   0x08000224   0x00000006   Code   RO         1216    .ARM.Collect$$_printf_percent$$00000015  c_w.l(_printf_lc.o)
    0x0800022a   0x0800022a   0x00000006   Code   RO         1217    .ARM.Collect$$_printf_percent$$00000016  c_w.l(_printf_ls.o)
    0x08000230   0x08000230   0x00000004   Code   RO         1365    .ARM.Collect$$_printf_percent$$00000017  c_w.l(_printf_percent_end.o)
    0x08000234   0x08000234   0x00000002   Code   RO         1433    .ARM.Collect$$libinit$$00000000  c_w.l(libinit.o)
    0x08000236   0x08000236   0x00000000   Code   RO         1224    .ARM.Collect$$libinit$$00000002  c_w.l(libinit2.o)
    0x08000236   0x08000236   0x00000000   Code   RO         1226    .ARM.Collect$$libinit$$00000004  c_w.l(libinit2.o)
    0x08000236   0x08000236   0x00000000   Code   RO         1229    .ARM.Collect$$libinit$$0000000A  c_w.l(libinit2.o)
    0x08000236   0x08000236   0x00000000   Code   RO         1231    .ARM.Collect$$libinit$$0000000C  c_w.l(libinit2.o)
    0x08000236   0x08000236   0x00000004   Code   RO         1232    .ARM.Collect$$libinit$$0000000D  c_w.l(libinit2.o)
    0x0800023a   0x0800023a   0x00000000   Code   RO         1233    .ARM.Collect$$libinit$$0000000E  c_w.l(libinit2.o)
    0x0800023a   0x0800023a   0x00000006   Code   RO         1234    .ARM.Collect$$libinit$$0000000F  c_w.l(libinit2.o)
    0x08000240   0x08000240   0x00000000   Code   RO         1236    .ARM.Collect$$libinit$$00000011  c_w.l(libinit2.o)
    0x08000240   0x08000240   0x0000000c   Code   RO         1237    .ARM.Collect$$libinit$$00000012  c_w.l(libinit2.o)
    0x0800024c   0x0800024c   0x00000000   Code   RO         1238    .ARM.Collect$$libinit$$00000013  c_w.l(libinit2.o)
    0x0800024c   0x0800024c   0x00000000   Code   RO         1240    .ARM.Collect$$libinit$$00000015  c_w.l(libinit2.o)
    0x0800024c   0x0800024c   0x0000000a   Code   RO         1241    .ARM.Collect$$libinit$$00000016  c_w.l(libinit2.o)
    0x08000256   0x08000256   0x00000000   Code   RO         1242    .ARM.Collect$$libinit$$00000017  c_w.l(libinit2.o)
    0x08000256   0x08000256   0x00000000   Code   RO         1244    .ARM.Collect$$libinit$$00000019  c_w.l(libinit2.o)
    0x08000256   0x08000256   0x00000000   Code   RO         1246    .ARM.Collect$$libinit$$0000001B  c_w.l(libinit2.o)
    0x08000256   0x08000256   0x00000000   Code   RO         1248    .ARM.Collect$$libinit$$0000001D  c_w.l(libinit2.o)
    0x08000256   0x08000256   0x00000000   Code   RO         1250    .ARM.Collect$$libinit$$0000001F  c_w.l(libinit2.o)
    0x08000256   0x08000256   0x00000000   Code   RO         1252    .ARM.Collect$$libinit$$00000021  c_w.l(libinit2.o)
    0x08000256   0x08000256   0x00000000   Code   RO         1254    .ARM.Collect$$libinit$$00000023  c_w.l(libinit2.o)
    0x08000256   0x08000256   0x00000000   Code   RO         1256    .ARM.Collect$$libinit$$00000025  c_w.l(libinit2.o)
    0x08000256   0x08000256   0x00000000   Code   RO         1260    .ARM.Collect$$libinit$$0000002C  c_w.l(libinit2.o)
    0x08000256   0x08000256   0x00000000   Code   RO         1262    .ARM.Collect$$libinit$$0000002E  c_w.l(libinit2.o)
    0x08000256   0x08000256   0x00000000   Code   RO         1264    .ARM.Collect$$libinit$$00000030  c_w.l(libinit2.o)
    0x08000256   0x08000256   0x00000000   Code   RO         1266    .ARM.Collect$$libinit$$00000032  c_w.l(libinit2.o)
    0x08000256   0x08000256   0x00000002   Code   RO         1267    .ARM.Collect$$libinit$$00000033  c_w.l(libinit2.o)
    0x08000258   0x08000258   0x00000002   Code   RO         1479    .ARM.Collect$$libshutdown$$00000000  c_w.l(libshutdown.o)
    0x0800025a   0x0800025a   0x00000000   Code   RO         1485    .ARM.Collect$$libshutdown$$00000002  c_w.l(libshutdown2.o)
    0x0800025a   0x0800025a   0x00000000   Code   RO         1487    .ARM.Collect$$libshutdown$$00000004  c_w.l(libshutdown2.o)
    0x0800025a   0x0800025a   0x00000000   Code   RO         1490    .ARM.Collect$$libshutdown$$00000007  c_w.l(libshutdown2.o)
    0x0800025a   0x0800025a   0x00000000   Code   RO         1493    .ARM.Collect$$libshutdown$$0000000A  c_w.l(libshutdown2.o)
    0x0800025a   0x0800025a   0x00000000   Code   RO         1495    .ARM.Collect$$libshutdown$$0000000C  c_w.l(libshutdown2.o)
    0x0800025a   0x0800025a   0x00000000   Code   RO         1498    .ARM.Collect$$libshutdown$$0000000F  c_w.l(libshutdown2.o)
    0x0800025a   0x0800025a   0x00000002   Code   RO         1499    .ARM.Collect$$libshutdown$$00000010  c_w.l(libshutdown2.o)
    0x0800025c   0x0800025c   0x00000000   Code   RO         1126    .ARM.Collect$$rtentry$$00000000  c_w.l(__rtentry.o)
    0x0800025c   0x0800025c   0x00000000   Code   RO         1331    .ARM.Collect$$rtentry$$00000002  c_w.l(__rtentry2.o)
    0x0800025c   0x0800025c   0x00000006   Code   RO         1343    .ARM.Collect$$rtentry$$00000004  c_w.l(__rtentry4.o)
    0x08000262   0x08000262   0x00000000   Code   RO         1333    .ARM.Collect$$rtentry$$00000009  c_w.l(__rtentry2.o)
    0x08000262   0x08000262   0x00000004   Code   RO         1334    .ARM.Collect$$rtentry$$0000000A  c_w.l(__rtentry2.o)
    0x08000266   0x08000266   0x00000000   Code   RO         1336    .ARM.Collect$$rtentry$$0000000C  c_w.l(__rtentry2.o)
    0x08000266   0x08000266   0x00000008   Code   RO         1337    .ARM.Collect$$rtentry$$0000000D  c_w.l(__rtentry2.o)
    0x0800026e   0x0800026e   0x00000002   Code   RO         1440    .ARM.Collect$$rtexit$$00000000  c_w.l(rtexit.o)
    0x08000270   0x08000270   0x00000000   Code   RO         1457    .ARM.Collect$$rtexit$$00000002  c_w.l(rtexit2.o)
    0x08000270   0x08000270   0x00000004   Code   RO         1458    .ARM.Collect$$rtexit$$00000003  c_w.l(rtexit2.o)
    0x08000274   0x08000274   0x00000006   Code   RO         1459    .ARM.Collect$$rtexit$$00000004  c_w.l(rtexit2.o)
    0x0800027a   0x0800027a   0x00000002   PAD
    0x0800027c   0x0800027c   0x00000034   Code   RO         1036    .emb_text           c_w.l(rand.o)
    0x080002b0   0x080002b0   0x00000040   Code   RO           20    .text               startup_stm32f10x_hd.o
    0x080002f0   0x080002f0   0x00000024   Code   RO         1034    .text               c_w.l(vsprintf.o)
    0x08000314   0x08000314   0x0000003c   Code   RO         1037    .text               c_w.l(rand.o)
    0x08000350   0x08000350   0x00000064   Code   RO         1041    .text               c_w.l(rt_memcpy_w.o)
    0x080003b4   0x080003b4   0x00000080   Code   RO         1043    .text               c_w.l(strcmpv7m.o)
    0x08000434   0x08000434   0x0000000c   Code   RO         1045    .text               c_w.l(localtime.o)
    0x08000440   0x08000440   0x000001ac   Code   RO         1048    .text               c_w.l(mktime.o)
    0x080005ec   0x080005ec   0x00000006   Code   RO         1050    .text               c_w.l(heapauxi.o)
    0x080005f2   0x080005f2   0x00000016   Code   RO         1127    .text               c_w.l(_rserrno.o)
    0x08000608   0x08000608   0x0000004e   Code   RO         1131    .text               c_w.l(_printf_pad.o)
    0x08000656   0x08000656   0x00000024   Code   RO         1133    .text               c_w.l(_printf_truncate.o)
    0x0800067a   0x0800067a   0x00000052   Code   RO         1135    .text               c_w.l(_printf_str.o)
    0x080006cc   0x080006cc   0x00000078   Code   RO         1137    .text               c_w.l(_printf_dec.o)
    0x08000744   0x08000744   0x00000028   Code   RO         1139    .text               c_w.l(_printf_charcount.o)
    0x0800076c   0x0800076c   0x00000030   Code   RO         1141    .text               c_w.l(_printf_char_common.o)
    0x0800079c   0x0800079c   0x0000000a   Code   RO         1143    .text               c_w.l(_sputc.o)
    0x080007a6   0x080007a6   0x00000002   PAD
    0x080007a8   0x080007a8   0x000000bc   Code   RO         1145    .text               c_w.l(_printf_wctomb.o)
    0x08000864   0x08000864   0x0000007c   Code   RO         1148    .text               c_w.l(_printf_longlong_dec.o)
    0x080008e0   0x080008e0   0x00000070   Code   RO         1154    .text               c_w.l(_printf_oct_int_ll.o)
    0x08000950   0x08000950   0x00000094   Code   RO         1174    .text               c_w.l(_printf_hex_int_ll_ptr.o)
    0x080009e4   0x080009e4   0x00000188   Code   RO         1194    .text               c_w.l(__printf_flags_ss_wp.o)
    0x08000b6c   0x08000b6c   0x000000b8   Code   RO         1221    .text               c_w.l(localtime_internal.o)
    0x08000c24   0x08000c24   0x00000008   Code   RO         1348    .text               c_w.l(rt_errno_addr_intlibspace.o)
    0x08000c2c   0x08000c2c   0x0000008a   Code   RO         1350    .text               c_w.l(lludiv10.o)
    0x08000cb6   0x08000cb6   0x000000b2   Code   RO         1352    .text               c_w.l(_printf_intcommon.o)
    0x08000d68   0x08000d68   0x0000041e   Code   RO         1354    .text               c_w.l(_printf_fp_dec.o)
    0x08001186   0x08001186   0x00000002   PAD
    0x08001188   0x08001188   0x000002fc   Code   RO         1356    .text               c_w.l(_printf_fp_hex.o)
    0x08001484   0x08001484   0x0000002c   Code   RO         1361    .text               c_w.l(_printf_char.o)
    0x080014b0   0x080014b0   0x0000002c   Code   RO         1363    .text               c_w.l(_printf_wchar.o)
    0x080014dc   0x080014dc   0x00000040   Code   RO         1366    .text               c_w.l(_wcrtomb.o)
    0x0800151c   0x0800151c   0x0000004e   Code   RO         1368    .text               c_w.l(rt_memclr_w.o)
    0x0800156a   0x0800156a   0x00000002   PAD
    0x0800156c   0x0800156c   0x00000008   Code   RO         1380    .text               c_w.l(libspace.o)
    0x08001574   0x08001574   0x0000004a   Code   RO         1383    .text               c_w.l(sys_stackheap_outer.o)
    0x080015be   0x080015be   0x00000002   PAD
    0x080015c0   0x080015c0   0x00000010   Code   RO         1385    .text               c_w.l(rt_ctype_table.o)
    0x080015d0   0x080015d0   0x00000008   Code   RO         1390    .text               c_w.l(rt_locale_intlibspace.o)
    0x080015d8   0x080015d8   0x00000080   Code   RO         1392    .text               c_w.l(_printf_fp_infnan.o)
    0x08001658   0x08001658   0x000000e4   Code   RO         1394    .text               c_w.l(bigflt0.o)
    0x0800173c   0x0800173c   0x00000012   Code   RO         1422    .text               c_w.l(exit.o)
    0x0800174e   0x0800174e   0x00000002   Code   RO         1453    .text               c_w.l(use_no_semi.o)
    0x08001750   0x08001750   0x00000000   Code   RO         1455    .text               c_w.l(indicate_semi.o)
    0x08001750   0x08001750   0x0000000c   Code   RO         1471    .text               c_w.l(sys_exit.o)
    0x0800175c   0x0800175c   0x0000003e   Code   RO         1397    CL$$btod_d2e        c_w.l(btod.o)
    0x0800179a   0x0800179a   0x00000046   Code   RO         1399    CL$$btod_d2e_denorm_low  c_w.l(btod.o)
    0x080017e0   0x080017e0   0x00000060   Code   RO         1398    CL$$btod_d2e_norm_op1  c_w.l(btod.o)
    0x08001840   0x08001840   0x00000338   Code   RO         1407    CL$$btod_div_common  c_w.l(btod.o)
    0x08001b78   0x08001b78   0x000000dc   Code   RO         1404    CL$$btod_e2e        c_w.l(btod.o)
    0x08001c54   0x08001c54   0x0000002a   Code   RO         1401    CL$$btod_ediv       c_w.l(btod.o)
    0x08001c7e   0x08001c7e   0x0000002a   Code   RO         1400    CL$$btod_emul       c_w.l(btod.o)
    0x08001ca8   0x08001ca8   0x00000244   Code   RO         1406    CL$$btod_mult_common  c_w.l(btod.o)
    0x08001eec   0x08001eec   0x0000009c   Code   RO          571    i.ADC1_Init         adc.o
    0x08001f88   0x08001f88   0x00000034   Code   RO          572    i.ADC1_ReadV        adc.o
    0x08001fbc   0x08001fbc   0x00000048   Code   RO          573    i.ADC1_StartConvert  adc.o
    0x08002004   0x08002004   0x0000001a   Code   RO          167    i.Delay_ms          delay.o
    0x0800201e   0x0800201e   0x0000001a   Code   RO          168    i.Delay_s           delay.o
    0x08002038   0x08002038   0x00000038   Code   RO          169    i.Delay_us          delay.o
    0x08002070   0x08002070   0x00000040   Code   RO          966    i.Dino_Game         dino.o
    0x080020b0   0x080020b0   0x000000e4   Code   RO          968    i.Dino_Tick         dino.o
    0x08002194   0x08002194   0x000000b0   Code   RO          658    i.First_Page_Clock  menu.o
    0x08002244   0x08002244   0x000000de   Code   RO          850    i.FlashLight_Page   flashlight.o
    0x08002322   0x08002322   0x00000002   PAD
    0x08002324   0x08002324   0x000000b0   Code   RO          868    i.Game_Page         game.o
    0x080023d4   0x080023d4   0x0000002a   Code   RO          948    i.Gradienter_Page   gradienter.o
    0x080023fe   0x080023fe   0x00000002   PAD
    0x08002400   0x08002400   0x0000006c   Code   RO          598    i.I2C_Ack           i2c.o
    0x0800246c   0x0800246c   0x00000038   Code   RO          599    i.I2C_Init          i2c.o
    0x080024a4   0x080024a4   0x00000048   Code   RO          600    i.I2C_Nack          i2c.o
    0x080024ec   0x080024ec   0x00000064   Code   RO          601    i.I2C_ReadByte      i2c.o
    0x08002550   0x08002550   0x00000080   Code   RO          602    i.I2C_SendByte      i2c.o
    0x080025d0   0x080025d0   0x00000038   Code   RO          603    i.I2C_Start         i2c.o
    0x08002608   0x08002608   0x00000038   Code   RO          604    i.I2C_Stop          i2c.o
    0x08002640   0x08002640   0x0000005c   Code   RO          969    i.IsColliding       dino.o
    0x0800269c   0x0800269c   0x0000001c   Code   RO          251    i.Key_GetNum        key.o
    0x080026b8   0x080026b8   0x00000038   Code   RO          252    i.Key_GetState      key.o
    0x080026f0   0x080026f0   0x0000008c   Code   RO          253    i.Key_Init          key.o
    0x0800277c   0x0800277c   0x00000050   Code   RO          254    i.Key_Tick          key.o
    0x080027cc   0x080027cc   0x0000003c   Code   RO          287    i.LED_Init          led.o
    0x08002808   0x08002808   0x00000014   Code   RO          288    i.LED_Off           led.o
    0x0800281c   0x0800281c   0x00000014   Code   RO          289    i.LED_On            led.o
    0x08002830   0x08002830   0x000001dc   Code   RO          887    i.MPU6050_Calculation  mpu6050.o
    0x08002a0c   0x08002a0c   0x0000009c   Code   RO          888    i.MPU6050_GetData   mpu6050.o
    0x08002aa8   0x08002aa8   0x00000038   Code   RO          890    i.MPU6050_Init      mpu6050.o
    0x08002ae0   0x08002ae0   0x0000003a   Code   RO          891    i.MPU6050_Page      mpu6050.o
    0x08002b1a   0x08002b1a   0x0000003c   Code   RO          892    i.MPU6050_Read      mpu6050.o
    0x08002b56   0x08002b56   0x0000002e   Code   RO          893    i.MPU6050_Write     mpu6050.o
    0x08002b84   0x08002b84   0x00000090   Code   RO          659    i.MenuToFunction    menu.o
    0x08002c14   0x08002c14   0x0000012c   Code   RO          660    i.Menu_Page         menu.o
    0x08002d40   0x08002d40   0x00000184   Code   RO          661    i.Menu_UI           menu.o
    0x08002ec4   0x08002ec4   0x000000e0   Code   RO          218    i.MyRTC_Init        myrtc.o
    0x08002fa4   0x08002fa4   0x00000068   Code   RO          219    i.MyRTC_ReadTime    myrtc.o
    0x0800300c   0x0800300c   0x0000009c   Code   RO          220    i.MyRTC_SetTime     myrtc.o
    0x080030a8   0x080030a8   0x00000028   Code   RO          320    i.OLED_Clear        oled.o
    0x080030d0   0x080030d0   0x00000090   Code   RO          321    i.OLED_ClearArea    oled.o
    0x08003160   0x08003160   0x00000160   Code   RO          323    i.OLED_DrawCircle   oled.o
    0x080032c0   0x080032c0   0x00000050   Code   RO          326    i.OLED_DrawPoint    oled.o
    0x08003310   0x08003310   0x00000054   Code   RO          329    i.OLED_GPIO_Init    oled.o
    0x08003364   0x08003364   0x0000003e   Code   RO          331    i.OLED_I2C_SendByte  oled.o
    0x080033a2   0x080033a2   0x0000001c   Code   RO          332    i.OLED_I2C_Start    oled.o
    0x080033be   0x080033be   0x00000016   Code   RO          333    i.OLED_I2C_Stop     oled.o
    0x080033d4   0x080033d4   0x0000009a   Code   RO          334    i.OLED_Init         oled.o
    0x0800346e   0x0800346e   0x00000014   Code   RO          336    i.OLED_Pow          oled.o
    0x08003482   0x08003482   0x00000032   Code   RO          337    i.OLED_Printf       oled.o
    0x080034b4   0x080034b4   0x00000090   Code   RO          339    i.OLED_ReverseArea  oled.o
    0x08003544   0x08003544   0x00000022   Code   RO          340    i.OLED_SetCursor    oled.o
    0x08003566   0x08003566   0x00000002   PAD
    0x08003568   0x08003568   0x00000078   Code   RO          342    i.OLED_ShowChar     oled.o
    0x080035e0   0x080035e0   0x000000fc   Code   RO          345    i.OLED_ShowImage    oled.o
    0x080036dc   0x080036dc   0x0000004c   Code   RO          346    i.OLED_ShowNum      oled.o
    0x08003728   0x08003728   0x000001c4   Code   RO          348    i.OLED_ShowString   oled.o
    0x080038ec   0x080038ec   0x00000028   Code   RO          349    i.OLED_Update       oled.o
    0x08003914   0x08003914   0x00000024   Code   RO          351    i.OLED_W_SCL        oled.o
    0x08003938   0x08003938   0x00000024   Code   RO          352    i.OLED_W_SDA        oled.o
    0x0800395c   0x0800395c   0x00000020   Code   RO          353    i.OLED_WriteCommand  oled.o
    0x0800397c   0x0800397c   0x0000002e   Code   RO          354    i.OLED_WriteData    oled.o
    0x080039aa   0x080039aa   0x00000002   PAD
    0x080039ac   0x080039ac   0x0000003c   Code   RO          753    i.RTC_Time_change   settime.o
    0x080039e8   0x080039e8   0x0000008c   Code   RO          754    i.SetDay            settime.o
    0x08003a74   0x08003a74   0x0000008c   Code   RO          755    i.SetHour           settime.o
    0x08003b00   0x08003b00   0x0000008c   Code   RO          756    i.SetMin            settime.o
    0x08003b8c   0x08003b8c   0x0000008c   Code   RO          757    i.SetMonth          settime.o
    0x08003c18   0x08003c18   0x0000008c   Code   RO          758    i.SetSec            settime.o
    0x08003ca4   0x08003ca4   0x00000008   Code   RO           24    i.SetSysClock       system_stm32f10x.o
    0x08003cac   0x08003cac   0x000000e0   Code   RO           25    i.SetSysClockTo72   system_stm32f10x.o
    0x08003d8c   0x08003d8c   0x0000005e   Code   RO          759    i.SetYear           settime.o
    0x08003dea   0x08003dea   0x00000002   PAD
    0x08003dec   0x08003dec   0x00000034   Code   RO          662    i.Set_Selection     menu.o
    0x08003e20   0x08003e20   0x00000170   Code   RO          760    i.Set_Time          settime.o
    0x08003f90   0x08003f90   0x000000b0   Code   RO          663    i.Setting_Page      menu.o
    0x08004040   0x08004040   0x00000070   Code   RO          970    i.Show_Barrier      dino.o
    0x080040b0   0x080040b0   0x00000114   Code   RO          664    i.Show_Battery_UI   menu.o
    0x080041c4   0x080041c4   0x000000a0   Code   RO          665    i.Show_Clock_UI     menu.o
    0x08004264   0x08004264   0x00000024   Code   RO          971    i.Show_Cloud        dino.o
    0x08004288   0x08004288   0x00000104   Code   RO          972    i.Show_Dino         dino.o
    0x0800438c   0x0800438c   0x00000038   Code   RO          851    i.Show_FlashLight_UI  flashlight.o
    0x080043c4   0x080043c4   0x00000034   Code   RO          869    i.Show_Game_UI      game.o
    0x080043f8   0x080043f8   0x00000050   Code   RO          949    i.Show_Gradienter_UI  gradienter.o
    0x08004448   0x08004448   0x000000cc   Code   RO          973    i.Show_Ground       dino.o
    0x08004514   0x08004514   0x00000090   Code   RO          894    i.Show_MPU6050_UI   mpu6050.o
    0x080045a4   0x080045a4   0x0000001c   Code   RO          974    i.Show_Score        dino.o
    0x080045c0   0x080045c0   0x00000070   Code   RO          761    i.Show_SetTime_First_UI  settime.o
    0x08004630   0x08004630   0x0000005c   Code   RO          762    i.Show_SetTime_Second_UI  settime.o
    0x0800468c   0x0800468c   0x00000038   Code   RO          666    i.Show_Setting_UI   menu.o
    0x080046c4   0x080046c4   0x00000090   Code   RO          820    i.Show_StopWatch_UI  stopwatch.o
    0x08004754   0x08004754   0x00000128   Code   RO          821    i.StopWatch_Page    stopwatch.o
    0x0800487c   0x0800487c   0x00000078   Code   RO          822    i.StopWatch_Tick    stopwatch.o
    0x080048f4   0x080048f4   0x00000060   Code   RO           27    i.SystemInit        system_stm32f10x.o
    0x08004954   0x08004954   0x0000002c   Code   RO          194    i.TIM2_IRQHandler   timer.o
    0x08004980   0x08004980   0x0000008c   Code   RO          195    i.Timer_Init        timer.o
    0x08004a0c   0x08004a0c   0x00000028   Code   RO         1376    i.__ARM_fpclassify  m_ws.l(fpclassify.o)
    0x08004a34   0x08004a34   0x00000388   Code   RO         1319    i.__ieee754_rem_pio2  m_ws.l(rred.o)
    0x08004dbc   0x08004dbc   0x000000fc   Code   RO         1301    i.__kernel_cos      m_ws.l(cos_i.o)
    0x08004eb8   0x08004eb8   0x000000aa   Code   RO         1378    i.__kernel_poly     m_ws.l(poly.o)
    0x08004f62   0x08004f62   0x00000002   PAD
    0x08004f64   0x08004f64   0x000000ec   Code   RO         1324    i.__kernel_sin      m_ws.l(sin_i.o)
    0x08005050   0x08005050   0x00000006   Code   RO         1305    i.__mathlib_dbl_infnan  m_ws.l(dunder.o)
    0x08005056   0x08005056   0x00000004   Code   RO         1306    i.__mathlib_dbl_infnan2  m_ws.l(dunder.o)
    0x0800505a   0x0800505a   0x0000000c   Code   RO         1307    i.__mathlib_dbl_invalid  m_ws.l(dunder.o)
    0x08005066   0x08005066   0x00000002   PAD
    0x08005068   0x08005068   0x00000010   Code   RO         1310    i.__mathlib_dbl_underflow  m_ws.l(dunder.o)
    0x08005078   0x08005078   0x0000000e   Code   RO         1187    i._is_digit         c_w.l(__printf_wp.o)
    0x08005086   0x08005086   0x00000002   PAD
    0x08005088   0x08005088   0x00000220   Code   RO         1292    i.atan              m_ws.l(atan.o)
    0x080052a8   0x080052a8   0x00000180   Code   RO         1109    i.atan2             m_ws.l(atan2.o)
    0x08005428   0x08005428   0x00000026   Code   RO           65    i.main              main.o
    0x0800544e   0x0800544e   0x00000024   Code   RO          667    i.menu_Init         menu.o
    0x08005472   0x08005472   0x00000002   PAD
    0x08005474   0x08005474   0x000000a0   Code   RO         1119    i.sin               m_ws.l(sin.o)
    0x08005514   0x08005514   0x0000002c   Code   RO         1420    locale$$code        c_w.l(lc_numeric_c.o)
    0x08005540   0x08005540   0x0000002c   Code   RO         1445    locale$$code        c_w.l(lc_ctype_c.o)
    0x0800556c   0x0800556c   0x00000062   Code   RO         1054    x$fpl$d2f           fz_ws.l(d2f.o)
    0x080055ce   0x080055ce   0x00000002   PAD
    0x080055d0   0x080055d0   0x00000150   Code   RO         1056    x$fpl$dadd          fz_ws.l(daddsub_clz.o)
    0x08005720   0x08005720   0x00000010   Code   RO         1434    x$fpl$dcheck1       fz_ws.l(dcheck1.o)
    0x08005730   0x08005730   0x000002b0   Code   RO         1063    x$fpl$ddiv          fz_ws.l(ddiv.o)
    0x080059e0   0x080059e0   0x0000005e   Code   RO         1066    x$fpl$dfix          fz_ws.l(dfix.o)
    0x08005a3e   0x08005a3e   0x00000002   PAD
    0x08005a40   0x08005a40   0x0000005a   Code   RO         1070    x$fpl$dfixu         fz_ws.l(dfixu.o)
    0x08005a9a   0x08005a9a   0x0000002e   Code   RO         1075    x$fpl$dflt          fz_ws.l(dflt_clz.o)
    0x08005ac8   0x08005ac8   0x00000026   Code   RO         1074    x$fpl$dfltu         fz_ws.l(dflt_clz.o)
    0x08005aee   0x08005aee   0x00000002   PAD
    0x08005af0   0x08005af0   0x00000154   Code   RO         1082    x$fpl$dmul          fz_ws.l(dmul.o)
    0x08005c44   0x08005c44   0x0000009c   Code   RO         1270    x$fpl$dnaninf       fz_ws.l(dnaninf.o)
    0x08005ce0   0x08005ce0   0x0000000c   Code   RO         1272    x$fpl$dretinf       fz_ws.l(dretinf.o)
    0x08005cec   0x08005cec   0x00000016   Code   RO         1057    x$fpl$drsb          fz_ws.l(daddsub_clz.o)
    0x08005d02   0x08005d02   0x00000002   PAD
    0x08005d04   0x08005d04   0x000001d4   Code   RO         1058    x$fpl$dsub          fz_ws.l(daddsub_clz.o)
    0x08005ed8   0x08005ed8   0x00000056   Code   RO         1086    x$fpl$f2d           fz_ws.l(f2d.o)
    0x08005f2e   0x08005f2e   0x00000002   PAD
    0x08005f30   0x08005f30   0x000000c4   Code   RO         1088    x$fpl$fadd          fz_ws.l(faddsub_clz.o)
    0x08005ff4   0x08005ff4   0x00000036   Code   RO         1094    x$fpl$ffix          fz_ws.l(ffix.o)
    0x0800602a   0x0800602a   0x00000002   PAD
    0x0800602c   0x0800602c   0x00000030   Code   RO         1099    x$fpl$fflt          fz_ws.l(fflt_clz.o)
    0x0800605c   0x0800605c   0x00000102   Code   RO         1106    x$fpl$fmul          fz_ws.l(fmul.o)
    0x0800615e   0x0800615e   0x0000008c   Code   RO         1278    x$fpl$fnaninf       fz_ws.l(fnaninf.o)
    0x080061ea   0x080061ea   0x0000000a   Code   RO         1280    x$fpl$fretinf       fz_ws.l(fretinf.o)
    0x080061f4   0x080061f4   0x000000ea   Code   RO         1090    x$fpl$fsub          fz_ws.l(faddsub_clz.o)
    0x080062de   0x080062de   0x00000004   Code   RO         1282    x$fpl$printf1       fz_ws.l(printf1.o)
    0x080062e2   0x080062e2   0x00000004   Code   RO         1284    x$fpl$printf2       fz_ws.l(printf2.o)
    0x080062e6   0x080062e6   0x00000064   Code   RO         1451    x$fpl$retnan        fz_ws.l(retnan.o)
    0x0800634a   0x0800634a   0x0000005c   Code   RO         1374    x$fpl$scalbn        fz_ws.l(scalbn.o)
    0x080063a6   0x080063a6   0x00000030   Code   RO         1469    x$fpl$trapveneer    fz_ws.l(trapv.o)
    0x080063d6   0x080063d6   0x00000000   Code   RO         1290    x$fpl$usenofp       fz_ws.l(usenofp.o)
    0x080063d6   0x080063d6   0x00002199   Data   RO          559    .constdata          oled_data.o
    0x0800856f   0x0800856f   0x00000001   PAD
    0x08008570   0x08008570   0x00000008   Data   RO         1146    .constdata          c_w.l(_printf_wctomb.o)
    0x08008578   0x08008578   0x00000028   Data   RO         1175    .constdata          c_w.l(_printf_hex_int_ll_ptr.o)
    0x080085a0   0x080085a0   0x00000011   Data   RO         1195    .constdata          c_w.l(__printf_flags_ss_wp.o)
    0x080085b1   0x080085b1   0x0000000c   Data   RO         1220    .constdata          c_w.l(_monlen.o)
    0x080085bd   0x080085bd   0x00000003   PAD
    0x080085c0   0x080085c0   0x00000098   Data   RO         1293    .constdata          m_ws.l(atan.o)
    0x08008658   0x08008658   0x00000030   Data   RO         1302    .constdata          m_ws.l(cos_i.o)
    0x08008688   0x08008688   0x00000008   Data   RO         1318    .constdata          m_ws.l(qnan.o)
    0x08008690   0x08008690   0x000000c8   Data   RO         1321    .constdata          m_ws.l(rred.o)
    0x08008758   0x08008758   0x00000028   Data   RO         1325    .constdata          m_ws.l(sin_i.o)
    0x08008780   0x08008780   0x00000026   Data   RO         1357    .constdata          c_w.l(_printf_fp_hex.o)
    0x080087a6   0x080087a6   0x00000002   PAD
    0x080087a8   0x080087a8   0x00000094   Data   RO         1395    .constdata          c_w.l(bigflt0.o)
    0x0800883c   0x0800883c   0x00000020   Data   RO         1516    Region$$Table       anon$$obj.o
    0x0800885c   0x0800885c   0x0000001c   Data   RO         1419    locale$$data        c_w.l(lc_numeric_c.o)
    0x08008878   0x08008878   0x00000110   Data   RO         1444    locale$$data        c_w.l(lc_ctype_c.o)


    Execution Region RW_IRAM1 (Exec base: 0x20000000, Load base: 0x08008988, Size: 0x00000c18, Max: 0x00005000, ABSOLUTE)

    Exec Addr    Load Addr    Size         Type   Attr      Idx    E Section Name        Object

    0x20000000   0x08008988   0x0000000c   Data   RW          221    .data               myrtc.o
    0x2000000c   0x08008994   0x00000004   Data   RW          255    .data               key.o
    0x20000010   0x08008998   0x0000001e   Data   RW          668    .data               menu.o
    0x2000002e   0x080089b6   0x00000002   PAD
    0x20000030   0x080089b8   0x00000004   Data   RW          763    .data               settime.o
    0x20000034   0x080089bc   0x00000007   Data   RW          823    .data               stopwatch.o
    0x2000003b   0x080089c3   0x00000001   PAD
    0x2000003c   0x080089c4   0x00000004   Data   RW          870    .data               game.o
    0x20000040   0x080089c8   0x00000034   Data   RW          895    .data               mpu6050.o
    0x20000074   0x080089fc   0x00000004   PAD
    0x20000078   0x08008a00   0x0000002a   Data   RW          975    .data               dino.o
    0x200000a2   0x08008a2a   0x00000002   PAD
    0x200000a4        -       0x00000400   Zero   RW          356    .bss                oled.o
    0x200004a4        -       0x000000e4   Zero   RW         1038    .bss                c_w.l(rand.o)
    0x20000588        -       0x0000002c   Zero   RW         1046    .bss                c_w.l(localtime.o)
    0x200005b4        -       0x00000060   Zero   RW         1381    .bss                c_w.l(libspace.o)
    0x20000614   0x08008a2a   0x00000004   PAD
    0x20000618        -       0x00000200   Zero   RW           18    HEAP                startup_stm32f10x_hd.o
    0x20000818        -       0x00000400   Zero   RW           17    STACK               startup_stm32f10x_hd.o


==============================================================================

Image component sizes


      Code (inc. data)   RO Data    RW Data    ZI Data      Debug   Object Name

       280         32          0          0          0       1369   adc.o
         0          0          0          0          0       4532   core_cm3.o
       108          0          0          0          0       1428   delay.o
      1024        138          0         42          0       5454   dino.o
       278         12          0          0          0       1335   flashlight.o
       228         24          0          4          0       1183   game.o
       122          8          0          0          0       1051   gradienter.o
       576         40          0          0          0       3413   i2c.o
       304         44          0          4          0       2184   key.o
       100         20          0          0          0       1246   led.o
        38          0          0          0          0        471   main.o
      1764        168          0         30          0       6943   menu.o
       996        126          0         52          0       4776   mpu6050.o
       484         36          0         12          0       3035   myrtc.o
      2304         68          0          0       1024      14557   oled.o
         0          0       8601          0          0       1516   oled_data.o
      1426        108          0          4          0       6412   settime.o
        64         26        304          0       1536        796   startup_stm32f10x_hd.o
       560         98          0          7          0       2111   stopwatch.o
       328         28          0          0          0       1849   system_stm32f10x.o
       184         16          0          0          0        915   timer.o

    ----------------------------------------------------------------------
     11180        992       8938        164       2560      66576   Object Totals
         0          0         32          0          0          0   (incl. Generated)
        12          0          1          9          0          0   (incl. Padding)

    ----------------------------------------------------------------------

      Code (inc. data)   RO Data    RW Data    ZI Data      Debug   Library Member Name

         8          0          0          0          0         68   __main.o
       392          4         17          0          0         92   __printf_flags_ss_wp.o
        14          0          0          0          0         68   __printf_wp.o
         0          0          0          0          0          0   __rtentry.o
        12          0          0          0          0          0   __rtentry2.o
         6          0          0          0          0          0   __rtentry4.o
        52          8          0          0          0          0   __scatter.o
        26          0          0          0          0          0   __scatter_copy.o
        28          0          0          0          0          0   __scatter_zi.o
         0          0         12          0          0          0   _monlen.o
         6          0          0          0          0          0   _printf_a.o
         6          0          0          0          0          0   _printf_c.o
        44          0          0          0          0        108   _printf_char.o
        48          6          0          0          0         96   _printf_char_common.o
        40          0          0          0          0         68   _printf_charcount.o
         6          0          0          0          0          0   _printf_d.o
       120         16          0          0          0         92   _printf_dec.o
         6          0          0          0          0          0   _printf_e.o
         6          0          0          0          0          0   _printf_f.o
      1054          0          0          0          0        216   _printf_fp_dec.o
       764          8         38          0          0        100   _printf_fp_hex.o
       128         16          0          0          0         84   _printf_fp_infnan.o
         6          0          0          0          0          0   _printf_g.o
       148          4         40          0          0        160   _printf_hex_int_ll_ptr.o
         6          0          0          0          0          0   _printf_i.o
       178          0          0          0          0         88   _printf_intcommon.o
        10          0          0          0          0          0   _printf_l.o
         6          0          0          0          0          0   _printf_lc.o
        10          0          0          0          0          0   _printf_ll.o
         6          0          0          0          0          0   _printf_lld.o
         6          0          0          0          0          0   _printf_lli.o
         6          0          0          0          0          0   _printf_llo.o
         6          0          0          0          0          0   _printf_llu.o
         6          0          0          0          0          0   _printf_llx.o
       124         16          0          0          0         92   _printf_longlong_dec.o
         6          0          0          0          0          0   _printf_ls.o
         6          0          0          0          0          0   _printf_n.o
         6          0          0          0          0          0   _printf_o.o
       112         10          0          0          0        124   _printf_oct_int_ll.o
         6          0          0          0          0          0   _printf_p.o
        78          0          0          0          0        108   _printf_pad.o
         0          0          0          0          0          0   _printf_percent.o
         4          0          0          0          0          0   _printf_percent_end.o
         6          0          0          0          0          0   _printf_s.o
        82          0          0          0          0         80   _printf_str.o
        36          0          0          0          0         84   _printf_truncate.o
         6          0          0          0          0          0   _printf_u.o
        44          0          0          0          0        108   _printf_wchar.o
       188          6          8          0          0         92   _printf_wctomb.o
         6          0          0          0          0          0   _printf_x.o
        22          0          0          0          0        100   _rserrno.o
        10          0          0          0          0         68   _sputc.o
        64          0          0          0          0         92   _wcrtomb.o
       228          4        148          0          0         96   bigflt0.o
      1936        128          0          0          0        672   btod.o
        18          0          0          0          0         80   exit.o
         6          0          0          0          0        152   heapauxi.o
         0          0          0          0          0          0   indicate_semi.o
        44         10        272          0          0         76   lc_ctype_c.o
        44         10         28          0          0         76   lc_numeric_c.o
         2          0          0          0          0          0   libinit.o
        34          0          0          0          0          0   libinit2.o
         2          0          0          0          0          0   libshutdown.o
         2          0          0          0          0          0   libshutdown2.o
         8          4          0          0         96         68   libspace.o
       138          0          0          0          0         80   lludiv10.o
        12          6          0          0         44         68   localtime.o
       184          6          0          0          0         80   localtime_internal.o
       428         10          0          0          0        116   mktime.o
       112         18          0          0        228        160   rand.o
        16          4          0          0          0         76   rt_ctype_table.o
         8          4          0          0          0         68   rt_errno_addr_intlibspace.o
         8          4          0          0          0         68   rt_locale_intlibspace.o
        78          0          0          0          0         80   rt_memclr_w.o
       100          0          0          0          0         80   rt_memcpy_w.o
         2          0          0          0          0          0   rtexit.o
        10          0          0          0          0          0   rtexit2.o
       128          0          0          0          0         68   strcmpv7m.o
        12          4          0          0          0         68   sys_exit.o
        74          0          0          0          0         80   sys_stackheap_outer.o
         2          0          0          0          0         68   use_no_semi.o
        36          4          0          0          0         76   vsprintf.o
        98          4          0          0          0         92   d2f.o
       826         16          0          0          0        348   daddsub_clz.o
        16          4          0          0          0         68   dcheck1.o
       688        140          0          0          0        208   ddiv.o
        94          4          0          0          0         92   dfix.o
        90          4          0          0          0         92   dfixu.o
        84          0          0          0          0        136   dflt_clz.o
       340         12          0          0          0        104   dmul.o
       156          4          0          0          0         92   dnaninf.o
        12          0          0          0          0         68   dretinf.o
        86          4          0          0          0         84   f2d.o
       430          8          0          0          0        168   faddsub_clz.o
        54          4          0          0          0         84   ffix.o
        48          0          0          0          0         68   fflt_clz.o
       258          4          0          0          0         84   fmul.o
       140          4          0          0          0         84   fnaninf.o
        10          0          0          0          0         68   fretinf.o
         4          0          0          0          0         68   printf1.o
         4          0          0          0          0         68   printf2.o
       100          0          0          0          0         68   retnan.o
        92          0          0          0          0         68   scalbn.o
        48          0          0          0          0         68   trapv.o
         0          0          0          0          0          0   usenofp.o
       544         70        152          0          0        124   atan.o
       384         38          0          0          0        144   atan2.o
       252         22         48          0          0        124   cos_i.o
        38          6          0          0          0        272   dunder.o
        40          0          0          0          0         68   fpclassify.o
       170          0          0          0          0         96   poly.o
         0          0          8          0          0          0   qnan.o
       904         76        200          0          0        140   rred.o
       160         10          0          0          0        108   sin.o
       236         12         40          0          0        128   sin_i.o

    ----------------------------------------------------------------------
     14074        756       1016          0        372       8128   Library Totals
        30          0          5          0          4          0   (incl. Padding)

    ----------------------------------------------------------------------

      Code (inc. data)   RO Data    RW Data    ZI Data      Debug   Library Name

      7638        310        563          0        368       4644   c_w.l
      3678        212          0          0          0       2280   fz_ws.l
      2728        234        448          0          0       1204   m_ws.l

    ----------------------------------------------------------------------
     14074        756       1016          0        372       8128   Library Totals

    ----------------------------------------------------------------------

==============================================================================


      Code (inc. data)   RO Data    RW Data    ZI Data      Debug   

     25254       1748       9954        164       2932      65444   Grand Totals
     25254       1748       9954        164       2932      65444   ELF Image Totals
     25254       1748       9954        164          0          0   ROM Totals

==============================================================================

    Total RO  Size (Code + RO Data)                35208 (  34.38kB)
    Total RW  Size (RW Data + ZI Data)              3096 (   3.02kB)
    Total ROM Size (Code + RO Data + RW Data)      35372 (  34.54kB)

==============================================================================

